--------- beginning of main
12-31 19:00:03.180 I/lowmemorykiller(  230): Using psi monitors for memory pressure detection
12-31 19:00:03.181 I/lowmemorykiller(  230): Process polling is supported
--------- beginning of kernel
12-31 19:00:00.000 I/        (    0): Booting Linux on physical CPU 0x0000000000 [0x411fd090]
12-31 19:00:00.000 I/        (    0): Linux version 5.4.225-gd1017346b84c-dirty (build-user@build-host) (Android (7284624, based on r416183b) clang version 12.0.5 (https://android.googlesource.com/toolchain/llvm-project c935d99d7cf2016289302412d708641d52d2f7ee), LLD 12.0.5 (/buildbot/src/android/llvm-toolchain/out/llvm-project/lld c935d99d7cf2016289302412d708641d52d2f7ee)) #1 SMP PREEMPT Wed Mar 15 10:27:58 UTC 2023
12-31 19:00:00.000 I/Machine model(    0): MediaTek MT5897
12-31 19:00:00.000 I/efi     (    0): Getting EFI parameters from FDT:
12-31 19:00:00.000 I/efi     (    0): UEFI not found.
12-31 19:00:00.000 I/Reserved memory(    0): created CMA memory pool at 0x000000002fc00000, size 64 MiB
12-31 19:00:00.000 I/OF      (    0): reserved mem: initialized node cma_22, compatible id shared-dma-pool
12-31 19:00:00.000 I/Reserved memory(    0): created DMA memory pool at 0x0000000085a00000, size 0 MiB
12-31 19:00:00.000 I/OF      (    0): reserved mem: initialized node pmu_mspi_shm@pmu4, compatible id shared-dma-pool
12-31 19:00:00.000 I/Reserved memory(    0): created DMA memory pool at 0x0000000085a80000, size 0 MiB
12-31 19:00:00.000 I/OF      (    0): reserved mem: initialized node vdev0vring0@pmu0, compatible id shared-dma-pool
12-31 19:00:00.000 I/Reserved memory(    0): created DMA memory pool at 0x0000000085a82000, size 0 MiB
12-31 19:00:00.000 I/OF      (    0): reserved mem: initialized node vdev0vring1@pmu1, compatible id shared-dma-pool
12-31 19:00:00.000 I/Reserved memory(    0): created DMA memory pool at 0x0000000085a84000, size 0 MiB
12-31 19:00:00.000 I/OF      (    0): reserved mem: initialized node vdev0buffer@pmu2, compatible id shared-dma-pool
12-31 19:00:00.000 I/Reserved memory(    0): created DMA memory pool at 0x0000000085a94000, size 0 MiB
12-31 19:00:00.000 I/OF      (    0): reserved mem: initialized node rscshm@pmu3, compatible id shared-dma-pool
12-31 19:00:00.000 I/Reserved memory(    0): created DMA memory pool at 0x000000008ee95000, size 0 MiB
12-31 19:00:00.000 I/OF      (    0): reserved mem: initialized node pqu_dma_pool@pqu0, compatible id shared-dma-pool
12-31 19:00:00.000 I/Reserved memory(    0): created DMA memory pool at 0x000000008eeaa000, size 0 MiB
12-31 19:00:00.000 I/OF      (    0): reserved mem: initialized node frc_dma_pool@frc0, compatible id shared-dma-pool
12-31 19:00:00.000 I/Reserved memory(    0): created DMA memory pool at 0x000000008eebf000, size 0 MiB
12-31 19:00:00.000 I/OF      (    0): reserved mem: initialized node hwi2c_mem, compatible id shared-dma-pool
12-31 19:00:00.000 I/Reserved memory(    0): created CMA memory pool at 0x00000000a6400000, size 28 MiB
12-31 19:00:00.000 I/OF      (    0): reserved mem: initialized node cma_23, compatible id shared-dma-pool
12-31 19:00:00.000 I/Reserved memory(    0): created CMA memory pool at 0x000000019fc00000, size 4 MiB
12-31 19:00:00.000 I/OF      (    0): reserved mem: initialized node default_cma, compatible id shared-dma-pool
12-31 19:00:00.000 D/        (    0): On node 0 totalpages: 1414656
12-31 19:00:00.000 D/DMA32 zone(    0): 11864 pages used for memmap
12-31 19:00:00.000 D/DMA32 zone(    0): 0 pages reserved
12-31 19:00:00.000 D/DMA32 zone(    0): 759296 pages, LIFO batch:63
12-31 19:00:00.000 D/Normal zone(    0): 10240 pages used for memmap
12-31 19:00:00.000 D/Normal zone(    0): 655360 pages, LIFO batch:63
12-31 19:00:00.000 I/psci    (    0): probing for conduit method from DT.
12-31 19:00:00.000 I/psci    (    0): PSCIv1.1 detected in firmware.
12-31 19:00:00.000 I/psci    (    0): Using standard PSCI v0.2 function IDs
12-31 19:00:00.000 I/psci    (    0): Trusted OS migration not required
12-31 19:00:00.000 I/psci    (    0): SMC Calling Convention v1.0
12-31 19:00:00.000 I/Load bootconfig(    0): 1364 bytes 114 nodes
12-31 19:00:00.000 I/percpu  (    0): Embedded 32 pages/cpu s92760 r8192 d30120 u131072
12-31 19:00:00.000 D/pcpu-alloc(    0): s92760 r8192 d30120 u131072 alloc=32*4096
12-31 19:00:00.000 D/pcpu-alloc(    0): [0] 0 [0] 1 [0] 2 [0] 3
12-31 19:00:00.000 I/        (    0): Detected VIPT I-cache on CPU0
12-31 19:00:00.000 I/CPU features(    0): detected: GIC system register CPU interface
12-31 19:00:00.000 I/CPU features(    0): detected: ARM erratum 858921
12-31 19:00:00.000 I/CPU features(    0): detected: IRQ priority masking
12-31 19:00:00.000 I/CPU features(    0): detected: Spectre-BHB
12-31 19:00:00.000 I/alternatives(    0): patching kernel code
12-31 19:00:00.000 I/        (    0): Built 1 zonelists, mobility grouping on.  Total pages: 1392552
12-31 19:00:00.000 I/        (    0): Kernel command line: cgroup_disable=pressure console=ttyS0,115200 init=/init root=/dev/ram rw rootwait CORE_DUMP_PATH=/data/core_dump.%%p.gz KDebug=1 delaylogo=true security=selinux SD_CONFIG=2 loop.max_part=7 vmpressure_level_critical=80 cgroup.memory=nokmem utpa_str_fr=1 8250.nr_uarts=4 vmalloc=550M kasan_multi_shot=1 firmware_class.path=/vendor/firmware/ mtk_pq.pqu_enable=1 mtk_tvpqu.pqu_enable=1 mtk_tvscriptmgt.pqu_enable=1 mtk_pqu_rproc.auto_boot=1 mediatek_drm_tv.pqu_enable=1 sony_display_extension.pqu_enable=1 mtk_tvcpuif.pqu_enable=1 projectid=mt5897_1 cusdata_dataIndex_path=/vendor/tvconfig//dataIndex_mt5897_1.ini mmap_filename=mmap_mt5897_mtk_6g_an_iommu PID_Result=0 loglevel=3 bootconfig buildvariant=userdebug
12-31 19:00:00.000 I/cgroup  (    0): Disabling pressure control group feature
12-31 19:00:00.000 I/        (    0): Dentry cache hash table entries: 1048576 (order: 11, 8388608 bytes, linear)
12-31 19:00:00.000 I/        (    0): Inode-cache hash table entries: 524288 (order: 10, 4194304 bytes, linear)
12-31 19:00:00.000 I/mem auto-init(    0): stack:all(zero), heap alloc:on, heap free:off
12-31 19:00:00.000 I/        (    0): software IO TLB: mapped [mem 0xfbfff000-0xfffff000] (64MB)
12-31 19:00:00.000 I/Memory  (    0): 5301748K/5658624K available (22588K kernel code, 1480K rwdata, 10124K rodata, 2112K init, 641K bss, 258572K reserved, 98304K cma-reserved)
12-31 19:00:00.000 I/SLUB    (    0): HWalign=64, Order=0-3, MinObjects=0, CPUs=4, Nodes=1
12-31 19:00:00.000 I/rcu     (    0): Preemptible hierarchical RCU implementation.
12-31 19:00:00.000 I/rcu     (    0): RCU dyntick-idle grace-period acceleration is enabled.
12-31 19:00:00.000 I/rcu     (    0): RCU restricting CPUs from NR_CPUS=32 to nr_cpu_ids=4.
12-31 19:00:00.000 I/        (    0): Tasks RCU enabled.
12-31 19:00:00.000 I/rcu     (    0): RCU calculated value of scheduler-enlistment delay is 25 jiffies.
12-31 19:00:00.000 I/rcu     (    0): Adjusting geometry for rcu_fanout_leaf=16, nr_cpu_ids=4
12-31 19:00:00.000 I/NR_IRQS (    0): 64, nr_irqs: 64, preallocated irqs: 0
12-31 19:00:00.000 I/GICv3   (    0): GIC: Using split EOI/Deactivate mode
12-31 19:00:00.000 I/GICv3   (    0): 416 SPIs implemented
12-31 19:00:00.000 I/GICv3   (    0): 0 Extended SPIs implemented
12-31 19:00:00.000 I/GICv3   (    0): Distributor has no Range Selector support
12-31 19:00:00.000 I/GICv3   (    0): 16 PPIs implemented
12-31 19:00:00.000 I/GICv3   (    0): no VLPI support, no direct LPI support
12-31 19:00:00.000 I/GICv3   (    0): CPU0: found redistributor 0 region 0:0x0000000016040000
12-31 19:00:00.000 E/set_ipi_nmi_backtrace_prio(    0): 0000000000000007 ffffffc012510400 ffffffc012510407
12-31 19:00:00.000 I/rcu     (    0): Offload RCU callbacks from CPUs: (none).
12-31 19:00:00.000 I/kfence  (    0): initialized - using 524288 bytes for 63 objects at 0x(____ptrval____)-0x(____ptrval____)
12-31 19:00:00.000 I/arch_timer(    0): Enabling local workaround for ARM erratum 858921
12-31 19:00:00.000 I/arch_timer(    0): CPU0: Trapping CNTVCT access
12-31 19:00:00.000 I/arch_timer(    0): cp15 timer(s) running at 12.00MHz (phys).
12-31 19:00:00.000 I/clocksource(    0): arch_sys_counter: mask: 0xffffffffffffff max_cycles: 0x2c47f4ee7, max_idle_ns: 440795202497 ns
12-31 19:00:00.000 I/sched_clock(    0): 56 bits at 12MHz, resolution 83ns, wraps every 4398046511096ns
12-31 19:00:00.000 I/        (    0): serial port 0 not yet initialized
12-31 19:00:00.000 I/        (    0): Calibrating delay loop (skipped), value calculated using timer frequency.. 24.00 BogoMIPS (lpj=48000)
12-31 19:00:00.000 I/pid_max (    0): default: 32768 minimum: 301
12-31 19:00:00.000 I/LSM     (    0): Security Framework initializing
12-31 19:00:00.000 I/SELinux (    0): Initializing.
12-31 19:00:00.000 I/        (    0): Mount-cache hash table entries: 16384 (order: 5, 131072 bytes, linear)
12-31 19:00:00.000 I/        (    0): Mountpoint-cache hash table entries: 16384 (order: 5, 131072 bytes, linear)
12-31 19:00:00.002 I/        (    1): ASID allocator initialised with 32768 entries
12-31 19:00:00.003 I/rcu     (    1): Hierarchical SRCU implementation.
12-31 19:00:00.003 I/dynamic_debug(    1): dynamic_debug_init: Ignore empty _ddebug table in a CONFIG_DYNAMIC_DEBUG_CORE build
12-31 19:00:00.005 I/        (    1): EFI services will not be available.
12-31 19:00:00.006 I/hw_nmi_get_sample_period(    1): cpu 0 max_cpu_freq 2000000000
12-31 19:00:00.006 I/NMI watchdog(    1): Perf NMI watchdog permanently disabled
12-31 19:00:00.006 I/smp     (    1): Bringing up secondary CPUs ...
12-31 19:00:00.006 I/        (    0): Detected VIPT I-cache on CPU1
12-31 19:00:00.006 I/GICv3   (    0): CPU1: found redistributor 1 region 0:0x0000000016060000
12-31 19:00:00.006 E/set_ipi_nmi_backtrace_prio(    0): 0000000000000007 ffffffc012530400 ffffffc012530407
12-31 19:00:00.006 I/arch_timer(    0): Enabling local workaround for ARM erratum 858921
12-31 19:00:00.006 I/arch_timer(    0): CPU1: Trapping CNTVCT access
12-31 19:00:00.006 I/CPU1    (    0): Booted secondary processor 0x0000000001 [0x411fd090]
12-31 19:00:00.007 I/        (    0): Detected VIPT I-cache on CPU2
12-31 19:00:00.007 I/GICv3   (    0): CPU2: found redistributor 2 region 0:0x0000000016080000
12-31 19:00:00.007 E/set_ipi_nmi_backtrace_prio(    0): 0000000000000007 ffffffc012550400 ffffffc012550407
12-31 19:00:00.007 I/arch_timer(    0): Enabling local workaround for ARM erratum 858921
12-31 19:00:00.007 I/arch_timer(    0): CPU2: Trapping CNTVCT access
12-31 19:00:00.007 I/CPU2    (    0): Booted secondary processor 0x0000000002 [0x411fd090]
12-31 19:00:00.007 I/        (    0): Detected VIPT I-cache on CPU3
12-31 19:00:00.007 I/GICv3   (    0): CPU3: found redistributor 3 region 0:0x00000000160a0000
12-31 19:00:00.007 E/set_ipi_nmi_backtrace_prio(    0): 0000000000000007 ffffffc012570400 ffffffc012570407
12-31 19:00:00.007 I/arch_timer(    0): Enabling local workaround for ARM erratum 858921
12-31 19:00:00.007 I/arch_timer(    0): CPU3: Trapping CNTVCT access
12-31 19:00:00.007 I/CPU3    (    0): Booted secondary processor 0x0000000003 [0x411fd090]
12-31 19:00:00.007 I/smp     (    1): Brought up 1 node, 4 CPUs
12-31 19:00:00.007 I/SMP     (    1): Total of 4 processors activated.
12-31 19:00:00.007 I/CPU features(    1): detected: 32-bit EL0 Support
12-31 19:00:00.007 I/CPU features(    1): detected: CRC32 instructions
12-31 19:00:00.035 I/CPU features(    1): emulated: Privileged Access Never (PAN) using TTBR0_EL1 switching
12-31 19:00:00.035 I/        (    1): CPU: All CPU(s) started at EL2
12-31 19:00:00.036 I/CPU3    (    1): update max cpu_capacity 1024
12-31 19:00:00.039 I/[    C2] CPU2(    0): update max cpu_capacity 1024
12-31 19:00:00.072 I/        (    1): Registered cp15_barrier emulation handler
12-31 19:00:00.072 I/        (    1): Registered setend emulation handler
12-31 19:00:00.072 I/clocksource(    1): jiffies: mask: 0xffffffff max_cycles: 0xffffffff, max_idle_ns: 7645041785100000 ns
12-31 19:00:00.072 I/        (    1): futex hash table entries: 1024 (order: 4, 65536 bytes, linear)
12-31 19:00:00.074 I/xor     (    1): measuring software checksum speed
12-31 19:00:00.111 I/8regs   (    1): 5648.000 MB/sec
12-31 19:00:00.151 I/32regs  (    1): 6290.000 MB/sec
12-31 19:00:00.191 I/arm64_neon(    1): 4955.000 MB/sec
12-31 19:00:00.191 I/xor     (    1): using function: 32regs (6290.000 MB/sec)
12-31 19:00:00.191 I/pinctrl core(    1): initialized pinctrl subsystem
12-31 19:00:00.191 I/NET     (    1): Registered protocol family 16
12-31 19:00:00.192 I/DMA     (    1): preallocated 256 KiB pool for atomic allocations
12-31 19:00:00.192 I/audit   (    1): initializing netlink subsys (disabled)
12-31 19:00:00.192 W/auditd  (  229): type=2000 audit(0.0:1): state=initialized audit_enabled=0 res=1
12-31 19:00:00.192 I/cpuidle (    1): using governor menu
12-31 19:00:00.193 I/hw-breakpoint(    1): found 6 breakpoint and 4 watchpoint registers.
12-31 19:00:00.193 I/Serial  (    1): AMBA PL011 UART driver
12-31 19:00:00.196 I/printk  (    1): console [ramoops-1] enabled
12-31 19:00:00.196 I/pstore  (    1): Registered ramoops as persistent store backend
12-31 19:00:00.196 I/ramoops (    1): using 0x100000@0x3ff00000, ecc: 0
12-31 19:00:00.271 I/        (   40): cryptomgr_test (40) used greatest stack depth: 14360 bytes left
12-31 19:00:00.272 I/cryptd  (    1): max_cpu_qlen set to 1000
12-31 19:00:00.274 I/iommu   (    1): Default domain type: Translated
12-31 19:00:00.274 I/        (    1): SCSI subsystem initialized
12-31 19:00:00.275 I/usbcore (    1): registered new interface driver usbfs
12-31 19:00:00.275 I/usbcore (    1): registered new interface driver hub
12-31 19:00:00.275 I/usbcore (    1): registered new device driver usb
12-31 19:00:00.275 I/mc      (    1): Linux media interface: v0.10
12-31 19:00:00.275 I/videodev(    1): Linux video capture interface: v2.00
12-31 19:00:00.275 I/EDAC MC (    1): Ver: 3.0.0
12-31 19:00:00.275 I/        (    1): [ION] __ion_device_add_heap name:ion_system_heap, id:0, cnt:1
12-31 19:00:00.275 I/        (    1): Advanced Linux Sound Architecture Driver Initialized.
12-31 19:00:00.275 I/Bluetooth(    1): Core ver 2.22
12-31 19:00:00.275 I/NET     (    1): Registered protocol family 31
12-31 19:00:00.275 I/Bluetooth(    1): HCI device and connection manager initialized
12-31 19:00:00.275 I/Bluetooth(    1): HCI socket layer initialized
12-31 19:00:00.275 I/Bluetooth(    1): L2CAP socket layer initialized
12-31 19:00:00.275 I/Bluetooth(    1): SCO socket layer initialized
12-31 19:00:00.276 I/clocksource(    1): Switched to clocksource arch_sys_counter
12-31 19:00:00.292 I/        (    0): [    C3] cryptomgr_test (42): highest shadow stack usage: 96 bytes
12-31 19:00:00.304 I/        (    0): [    C2] cryptomgr_test (40): highest shadow stack usage: 112 bytes
12-31 19:00:00.311 I/VFS     (    1): Disk quotas dquot_6.6.0
12-31 19:00:00.311 I/VFS     (    1): Dquot-cache hash table entries: 512 (order 0, 4096 bytes)
12-31 19:00:00.311 I/thermal_sys(    1): Registered thermal governor 'step_wise'
12-31 19:00:00.311 I/thermal_sys(    1): Registered thermal governor 'user_space'
12-31 19:00:00.311 I/thermal_sys(    1): Registered thermal governor 'power_allocator'
12-31 19:00:00.312 I/NET     (    1): Registered protocol family 2
12-31 19:00:00.312 I/        (    1): IP idents hash table entries: 131072 (order: 8, 1048576 bytes, linear)
12-31 19:00:00.314 I/        (    1): tcp_listen_portaddr_hash hash table entries: 4096 (order: 4, 65536 bytes, linear)
12-31 19:00:00.314 I/        (    1): TCP established hash table entries: 65536 (order: 7, 524288 bytes, linear)
12-31 19:00:00.315 I/        (    1): TCP bind hash table entries: 65536 (order: 8, 1048576 bytes, linear)
12-31 19:00:00.315 I/TCP     (    1): Hash tables configured (established 65536 bind 65536)
12-31 19:00:00.315 I/        (    1): UDP hash table entries: 4096 (order: 5, 131072 bytes, linear)
12-31 19:00:00.315 I/        (    1): UDP-Lite hash table entries: 4096 (order: 5, 131072 bytes, linear)
12-31 19:00:00.316 I/NET     (    1): Registered protocol family 1
12-31 19:00:00.316 I/NET     (    1): Registered protocol family 44
12-31 19:00:00.316 I/PCI     (    1): CLS 0 bytes, default 64
12-31 19:00:00.316 I/        (    1): Trying to unpack rootfs image as initramfs...
12-31 19:00:00.432 I/        (    1): Freeing initrd memory: 26276K
12-31 19:00:00.433 W/hw perfevents(    1): no interrupt-affinity property for /pmu, guessing.
12-31 19:00:00.433 F/        (    1): gic_irq_set_prio ffffffc0100204a4 ffffffc0100204a0=a0a0a020a0a0a0a0
12-31 19:00:00.433 F/        (    1): gic_irq_set_prio ffffffc0100204a4 ffffffc0100204a0=a020a020a0a0a0a0
12-31 19:00:00.433 F/        (    1): gic_irq_set_prio ffffffc0100204a8 ffffffc0100204a8=a0a0a0a0a0a0a020
12-31 19:00:00.433 F/        (    1): gic_irq_set_prio ffffffc0100204a8 ffffffc0100204a8=a0a0a0a0a020a020
12-31 19:00:00.433 I/hw perfevents(    1): enabled with armv8_pmuv3 PMU driver, 7 counters available, using NMIs
12-31 19:00:00.434 I/hw_nmi_get_sample_period(   18): cpu 1 max_cpu_freq 2000000000
12-31 19:00:00.435 I/hw_nmi_get_sample_period(   13): cpu 0 max_cpu_freq 2000000000
12-31 19:00:00.435 I/NMI watchdog(   13): Enabled. Permanently consumes one hw-PMU counter.
12-31 19:00:00.436 I/hw_nmi_get_sample_period(   91): cpu 1 max_cpu_freq 2000000000
12-31 19:00:00.437 I/hw_nmi_get_sample_period(   32): cpu 2 max_cpu_freq 2000000000
12-31 19:00:00.438 I/hw_nmi_get_sample_period(   34): cpu 3 max_cpu_freq 2000000000
12-31 19:00:00.438 I/kvm [1] (    1): IPA Size Limit: 40 bits
12-31 19:00:00.439 I/kvm [1] (    1): GICv3: no GICV resource entry
12-31 19:00:00.439 I/kvm [1] (    1): disabling GICv2 emulation
12-31 19:00:00.439 I/kvm [1] (    1): GIC system register CPU interface enabled
12-31 19:00:00.439 I/kvm [1] (    1): vgic interrupt IRQ9
12-31 19:00:00.439 I/kvm [1] (    1): Hyp mode initialized successfully
12-31 19:00:00.441 I/        (    1): Initialise system trusted keyrings
12-31 19:00:00.441 I/workingset(    1): timestamp_bits=46 max_order=21 bucket_order=0
12-31 19:00:00.445 I/fuse    (    1): init (API version 7.31)
12-31 19:00:00.465 I/        (    1): Key type asymmetric registered
12-31 19:00:00.465 I/        (    1): Asymmetric key parser 'x509' registered
12-31 19:00:00.465 I/        (    1): Block layer SCSI generic (bsg) driver version 0.4 loaded (major 241)
12-31 19:00:00.465 I/        (    1): io scheduler mq-deadline registered
12-31 19:00:00.465 I/        (    1): io scheduler kyber registered
12-31 19:00:00.468 I/Serial  (    1): 8250/16550 driver, 4 ports, IRQ sharing disabled
12-31 19:00:00.470 W/cacheinfo(   14): Unable to detect cache hierarchy for CPU 0
12-31 19:00:00.472 I/brd     (    1): module loaded
12-31 19:00:00.479 I/loop    (    1): module loaded
12-31 19:00:00.480 I/wireguard(    1): WireGuard 1.0.0 loaded. See www.wireguard.com for information.
12-31 19:00:00.480 I/wireguard(    1): Copyright (C) 2015-2019 Jason A. Donenfeld <Jason@zx2c4.com>. All Rights Reserved.
12-31 19:00:00.480 I/tun     (    1): Universal TUN/TAP device driver, 1.6
12-31 19:00:00.480 I/        (    1): CAN device driver interface
12-31 19:00:00.480 I/        (    1): PPP generic driver version 2.4.2
12-31 19:00:00.480 I/        (    1): PPP BSD Compression module registered
12-31 19:00:00.480 I/        (    1): PPP Deflate Compression module registered
12-31 19:00:00.480 I/        (    1): PPP MPPE Compression module registered
12-31 19:00:00.480 I/NET     (    1): Registered protocol family 24
12-31 19:00:00.480 I/        (    1): PPTP driver version 0.8.5
12-31 19:00:00.480 I/usbcore (    1): registered new interface driver r8152
12-31 19:00:00.480 I/usbcore (    1): registered new interface driver cdc_ether
12-31 19:00:00.480 I/usbcore (    1): registered new interface driver cdc_ncm
12-31 19:00:00.481 I/usbcore (    1): registered new interface driver aqc111
12-31 19:00:00.481 I/ehci_hcd(    1): USB 2.0 'Enhanced' Host Controller (EHCI) Driver
12-31 19:00:00.481 I/ehci-pci(    1): EHCI PCI platform driver
12-31 19:00:00.481 I/ehci-platform(    1): EHCI generic platform driver
12-31 19:00:00.482 I/usbcore (    1): registered new interface driver cdc_acm
12-31 19:00:00.482 I/cdc_acm (    1): USB Abstract Control Model driver for USB modems and ISDN adapters
12-31 19:00:00.482 I/usbcore (    1): registered new interface driver uas
12-31 19:00:00.482 I/usbcore (    1): registered new interface driver usb-storage
12-31 19:00:00.482 I/dummy_hcd.0(    1): USB Host+Gadget Emulator, driver 02 May 2005
12-31 19:00:00.482 I/dummy_hcd.0(    1): Dummy host controller
12-31 19:00:00.482 I/dummy_hcd.0(    1): new USB bus registered, assigned bus number 1
12-31 19:00:00.483 I/usb1    (    1): New USB device found, idVendor=1d6b, idProduct=0002, bcdDevice= 5.04
12-31 19:00:00.483 I/usb1    (    1): New USB device strings: Mfr=3, Product=2, SerialNumber=1
12-31 19:00:00.483 I/usb1    (    1): Product: Dummy host controller
12-31 19:00:00.483 I/usb1    (    1): Manufacturer: Linux 5.4.225-gd1017346b84c-dirty dummy_hcd
12-31 19:00:00.483 I/usb1    (    1): SerialNumber: dummy_hcd.0
12-31 19:00:00.483 I/hub 1-0 (    1): 1.0: USB hub found
12-31 19:00:00.483 I/hub 1-0 (    1): 1.0: 1 port detected
12-31 19:00:00.483 I/usbcore (    1): registered new interface driver xpad
12-31 19:00:00.483 I/usbcore (    1): registered new interface driver uvcvideo
12-31 19:00:00.483 I/        (    1): USB Video Class driver (1.1.1)
12-31 19:00:00.483 I/gspca_main(    1): v2.14.0 registered
12-31 19:00:00.484 I/device-mapper(    1): uevent: version 1.0.3
12-31 19:00:00.484 I/device-mapper(    1): ioctl: 4.41.0-ioctl (2019-09-16) initialised: dm-devel@redhat.com
12-31 19:00:00.484 I/Bluetooth(    1): HCI UART driver ver 2.3
12-31 19:00:00.484 I/Bluetooth(    1): HCI UART protocol H4 registered
12-31 19:00:00.484 I/Bluetooth(    1): HCI UART protocol LL registered
12-31 19:00:00.484 I/Bluetooth(    1): HCI UART protocol Broadcom registered
12-31 19:00:00.484 I/Bluetooth(    1): HCI UART protocol QCA registered
12-31 19:00:00.484 I/sdhci   (    1): Secure Digital Host Controller Interface driver
12-31 19:00:00.484 I/sdhci   (    1): Copyright(c) Pierre Ossman
12-31 19:00:00.484 I/sdhci-pltfm(    1): SDHCI platform and OF driver helper
12-31 19:00:00.485 I/hidraw  (    1): raw HID events driver (C) Jiri Kosina
12-31 19:00:00.485 I/usbcore (    1): registered new interface driver usbhid
12-31 19:00:00.485 I/usbhid  (    1): USB HID core driver
12-31 19:00:00.485 I/ashmem  (    1): initialized
12-31 19:00:00.486 I/gnss    (    1): GNSS driver registered with major 234
12-31 19:00:00.486 I/usbcore (    1): registered new interface driver snd-usb-audio
12-31 19:00:00.486 I/        (    1): GACT probability NOT on
12-31 19:00:00.486 I/        (    1): Mirror/redirect action on
12-31 19:00:00.486 I/        (    1): u32 classifier
12-31 19:00:00.486 I/        (    1): input device check on
12-31 19:00:00.486 I/        (    1): Actions configured
12-31 19:00:00.487 I/xt_time (    1): kernel timezone is -0000
12-31 19:00:00.487 I/ipip    (    1): IPv4 and MPLS over IPv4 tunneling driver
12-31 19:00:00.487 I/gre     (    1): GRE over IPv4 demultiplexor driver
12-31 19:00:00.487 I/ip_gre  (    1): GRE over IPv4 tunneling driver
12-31 19:00:00.487 I/        (    1): IPv4 over IPsec tunneling driver
12-31 19:00:00.488 I/        (    1): Initializing XFRM netlink socket
12-31 19:00:00.488 I/        (    1): IPsec XFRM device driver
12-31 19:00:00.488 I/NET     (    1): Registered protocol family 10
12-31 19:00:00.489 I/        (    1): Segment Routing with IPv6
12-31 19:00:00.489 I/mip6    (    1): Mobile IPv6
12-31 19:00:00.489 I/sit     (    1): IPv6, IPv4 and MPLS over IPv4 tunneling driver
12-31 19:00:00.490 I/ip6_gre (    1): GRE over IPv6 tunneling driver
12-31 19:00:00.490 I/NET     (    1): Registered protocol family 17
12-31 19:00:00.490 I/NET     (    1): Registered protocol family 15
12-31 19:00:00.490 I/can     (    1): controller area network core (rev 20170425 abi 9)
12-31 19:00:00.490 I/NET     (    1): Registered protocol family 29
12-31 19:00:00.490 I/can     (    1): raw protocol (rev 20170425)
12-31 19:00:00.490 I/can     (    1): broadcast manager protocol (rev 20170425 t)
12-31 19:00:00.490 I/can     (    1): netlink gateway (rev 20190810) max_hops=1
12-31 19:00:00.490 I/Bluetooth(    1): RFCOMM TTY layer initialized
12-31 19:00:00.490 I/Bluetooth(    1): RFCOMM socket layer initialized
12-31 19:00:00.490 I/Bluetooth(    1): RFCOMM ver 1.11
12-31 19:00:00.490 I/Bluetooth(    1): HIDP (Human Interface Emulation) ver 1.2
12-31 19:00:00.490 I/Bluetooth(    1): HIDP socket layer initialized
12-31 19:00:00.490 I/l2tp_core(    1): L2TP core driver, V2.0
12-31 19:00:00.490 I/l2tp_ppp(    1): PPPoL2TP kernel driver, V2.0
12-31 19:00:00.490 I/tipc    (    1): Activated (version 2.0.0)
12-31 19:00:00.490 I/NET     (    1): Registered protocol family 30
12-31 19:00:00.490 I/tipc    (    1): Started in single node mode
12-31 19:00:00.490 I/NET     (    1): Registered protocol family 40
12-31 19:00:00.491 I/        (    1): registered taskstats version 1
12-31 19:00:00.491 I/        (    1): Loading compiled-in X.509 certificates
12-31 19:00:00.491 I/        (    1): Key type ._fscrypt registered
12-31 19:00:00.491 I/        (    1): Key type .fscrypt registered
12-31 19:00:00.491 I/        (    1): Key type fscrypt-provisioning registered
12-31 19:00:00.491 I/pstore  (    1): Using crash dump compression: deflate
12-31 19:00:00.493 I/cfg80211(    1): Loading compiled-in X.509 certificates for regulatory database
12-31 19:00:00.494 I/cfg80211(    1): Loaded X.509 cert 'mtk24263: 008b14123a630356cd'
12-31 19:00:00.494 I/cfg80211(    1): Loaded X.509 cert 'sforshee: 00b28ddf47aef9cea7'
12-31 19:00:00.494 I/cfg80211(    1): Loaded X.509 cert 'sforshee: 5161aefcdeba1c3bd619b4b81a685944d1e9a6f6'
12-31 19:00:00.495 W/platform regulatory.0(   34): Direct firmware load for regulatory.db failed with error -2
12-31 19:00:00.495 W/platform regulatory.0(   34): Falling back to sysfs fallback for: regulatory.db
12-31 19:00:00.495 I/        (    1): ALSA device list:
12-31 19:00:00.495 I/        (    1): No soundcards found.
12-31 19:00:03.192 I/hwservicemanager(  232): getFrameworkHalManifest: Reading VINTF information.
12-31 19:00:00.495 E/        (    1): Warning: unable to open an initial console.
12-31 19:00:00.495 I/        (    1): Freeing unused kernel memory: 2112K
12-31 19:00:00.540 I/        (    0): [    C2] cryptomgr_probe (128): highest shadow stack usage: 136 bytes
12-31 19:00:00.540 I/        (    1): Run /init as init process
12-31 19:00:00.545 I/init    (    1): init first stage started!
12-31 19:00:00.546 I/init    (    1): Loading module /lib/modules/clk_common.ko with args ''
12-31 19:00:00.546 I/init    (    1): Loaded kernel module /lib/modules/clk_common.ko
12-31 19:00:00.546 I/init    (    1): Loading module /lib/modules/clk_dtv_util.ko with args ''
12-31 19:00:00.547 I/init    (    1): Loaded kernel module /lib/modules/clk_dtv_util.ko
12-31 19:00:00.547 I/init    (    1): Loading module /lib/modules/clk_mt5896.ko with args ''
12-31 19:00:00.547 W/clk_mt5896(    1): (mt5896_clk_init)
12-31 19:00:00.547 I/mt5896_clk_driver 1c001800.clk_general(    1): probe ...
12-31 19:00:00.547 F/clk_mt5896(    1): we have : PM
12-31 19:00:00.547 F/clk_mt5896(    1): we have : NONPM
12-31 19:00:00.547 I/mt5896_clk_driver topgen_fix(    1): probe ...
12-31 19:00:00.548 I/mt5896_clk_driver topgen_fix_factor(    1): probe ...
12-31 19:00:00.548 E/        (    1): Failed to register clk (null): -12
12-31 19:00:00.550 I/mt5896_clk_driver 1c204000.topgen_mg(    1): probe ...
12-31 19:00:00.550 I/clk_mt5896(    1): [of_mtk_dtv_mg]topgen_mg reg base : 0x1c204000 -> 0x(____ptrval____)
12-31 19:00:00.555 I/mt5896_clk_driver vivaldi9_fix(    1): probe ...
12-31 19:00:00.555 E/        (    1): Failed to register clk (null): -12
12-31 19:00:00.559 I/mt5896_clk_driver vivaldi9_fix_factor(    1): probe ...
12-31 19:00:00.559 I/mt5896_clk_driver 1c204000.vivaldi9(    1): probe ...
12-31 19:00:00.559 I/clk_mt5896(    1): [of_mtk_dtv_mg]vivaldi9 reg base : 0x1c204000 -> 0x(____ptrval____)
12-31 19:00:00.609 I/mt5896_clk_driver 1c204000.audio_swen(    1): probe ...
12-31 19:00:00.609 I/clk_mt5896(    1): [of_mtk_dtv_gate_en]audio_swen reg base : 0x1c204000 -> (____ptrval____)
12-31 19:00:00.626 I/mt5896_clk_driver memc2_swen(    1): probe ...
12-31 19:00:00.626 E/clk_mt5896(    1): [of_mtk_dtv_gate_en]memc2_swen reg base error
12-31 19:00:00.626 I/mt5896_clk_driver 1c204000.mod_OOXX(    1): probe ...
12-31 19:00:00.626 I/clk_mt5896(    1): [of_mtk_dtv_gate_en]mod_OOXX reg base : 0x1c204000 -> (____ptrval____)
12-31 19:00:00.643 I/mt5896_clk_driver tsp_fix(    1): probe ...
12-31 19:00:00.646 I/mt5896_clk_driver 1c204000.tsp(    1): probe ...
12-31 19:00:00.646 I/clk_mt5896(    1): [of_mtk_dtv_mg]tsp reg base : 0x1c204000 -> 0x(____ptrval____)
12-31 19:00:00.649 I/mt5896_clk_driver ADC_fix(    1): probe ...
12-31 19:00:00.649 E/        (    1): Failed to register clk (null): -12
12-31 19:00:00.651 E/        (    1): Failed to register clk (null): -12
12-31 19:00:00.652 I/mt5896_clk_driver 1c204000.adcpll(    1): probe ...
12-31 19:00:00.652 I/clk_mt5896(    1): [of_mtk_dtv_mg]adcpll reg base : 0x1c204000 -> 0x(____ptrval____)
12-31 19:00:00.652 E/        (    1): Failed to register clk (null): -12
12-31 19:00:00.652 E/        (    1): Failed to register clk (null): -12
12-31 19:00:00.653 E/        (    1): Failed to register clk (null): -12
12-31 19:00:00.653 E/        (    1): Failed to register clk (null): -12
12-31 19:00:00.653 E/        (    1): Failed to register clk (null): -12
12-31 19:00:00.653 E/        (    1): Failed to register clk (null): -12
12-31 19:00:00.653 E/        (    1): Failed to register clk (null): -12
12-31 19:00:00.653 E/        (    1): Failed to register clk (null): -12
12-31 19:00:00.653 E/        (    1): Failed to register clk (null): -12
12-31 19:00:00.653 E/        (    1): Failed to register clk (null): -12
12-31 19:00:00.654 E/        (    1): Failed to register clk (null): -12
12-31 19:00:00.654 E/        (    1): Failed to register clk (null): -12
12-31 19:00:00.654 E/        (    1): Failed to register clk (null): -12
12-31 19:00:00.654 E/        (    1): Failed to register clk (null): -12
12-31 19:00:00.654 E/        (    1): Failed to register clk (null): -12
12-31 19:00:00.655 E/        (    1): Failed to register clk (null): -12
12-31 19:00:00.655 E/        (    1): Failed to register clk (null): -12
12-31 19:00:00.655 E/        (    1): Failed to register clk (null): -12
12-31 19:00:00.655 E/        (    1): Failed to register clk (null): -12
12-31 19:00:00.655 E/        (    1): Failed to register clk (null): -12
12-31 19:00:00.655 E/        (    1): Failed to register clk (null): -12
12-31 19:00:00.655 I/mt5896_clk_driver 1c204000.nonpm_adc_swen(    1): probe ...
12-31 19:00:00.655 I/clk_mt5896(    1): [of_mtk_dtv_gate_en]nonpm_adc_swen reg base : 0x1c204000 -> (____ptrval____)
12-31 19:00:00.660 I/mt5896_clk_driver 1c001800.pm_adc_swen(    1): probe ...
12-31 19:00:00.660 I/clk_mt5896(    1): [of_mtk_dtv_gate_en]pm_adc_swen reg base : 0x1c001800 -> (____ptrval____)
12-31 19:00:00.661 I/mt5896_clk_driver 1c204000.clktest_clk_mg(    1): probe ...
12-31 19:00:00.661 I/clk_mt5896(    1): [of_mtk_dtv_mg]clktest_clk_mg reg base : 0x1c204000 -> 0x(____ptrval____)
12-31 19:00:00.661 E/clk_mt5896(    1): [clktest_clk_mg]clk_mg_id_err bad index:4 size:4 ret:0
12-31 19:00:00.661 E/clk_mt5896(    1): fatal error: duplicated ID[3]clk_mg_duplicate_id_err 3
12-31 19:00:00.661 E/        (    1): Failed to register clk (null): -12
12-31 19:00:00.661 E/        (    1): Failed to register clk (null): -12
12-31 19:00:00.661 E/        (    1): Failed to register clk (null): -12
12-31 19:00:00.661 I/mt5896_clk_driver clktest_clk_fix(    1): probe ...
12-31 19:00:00.661 E/clk_mt5896(    1): [clktest_clk_fix]clk_fix_freq_err bad freq:4295 ret:0
12-31 19:00:00.661 E/clk_mt5896(    1): [clktest_clk_fix] clk_fix_id_err bad index:4, size: 4 ret:0
12-31 19:00:00.661 E/clk_mt5896(    1): fatal error: duplicated ID[3]clk_fix_duplicate_id_err 3
12-31 19:00:00.661 E/        (    1): Failed to register clk (null): -12
12-31 19:00:00.661 E/        (    1): Failed to register clk (null): -12
12-31 19:00:00.661 E/        (    1): Failed to register clk (null): -12
12-31 19:00:00.661 I/mt5896_clk_driver clktest_clk_fixfac(    1): probe ...
12-31 19:00:00.661 E/clk_mt5896(    1): [clktest_clk_fixfac]clk_fixfac_id_err bad index:4, size:4 ret:0
12-31 19:00:00.661 E/clk_mt5896(    1): fatal error: duplicated ID[3]clk_fix_ok 3
12-31 19:00:00.661 E/        (    1): Failed to register clk (null): -12
12-31 19:00:00.661 E/        (    1): Failed to register clk (null): -12
12-31 19:00:00.661 E/        (    1): Failed to register clk (null): -12
12-31 19:00:00.661 I/mt5896_clk_driver 1c204000.clktest_clk_swen(    1): probe ...
12-31 19:00:00.661 I/clk_mt5896(    1): [of_mtk_dtv_gate_en]clktest_clk_swen reg base : 0x1c204000 -> (____ptrval____)
12-31 19:00:00.662 E/clk_mt5896(    1): [clktest_clk_swen]clk_enable_id_err bad index:4 size:4 ret:0
12-31 19:00:00.662 E/clk_mt5896(    1): fatal error: duplicated ID[3]clk_enable_duplicate_id_err (____ptrval____)
12-31 19:00:00.662 I/mt5896_clk_driver clktest_mg_noreg(    1): probe ...
12-31 19:00:00.662 I/clk_mt5896(    1): [of_mtk_dtv_mg]clktest_mg_noreg reg base : 0x0 -> 0x(____ptrval____)
12-31 19:00:00.662 I/mt5896_clk_driver 1c204000.uart_enable_clock_swen(    1): probe ...
12-31 19:00:00.662 I/clk_mt5896(    1): [of_mtk_dtv_gate_en]uart_enable_clock_swen reg base : 0x1c204000 -> (____ptrval____)
12-31 19:00:00.663 I/mt5896_clk_driver 1c204000.b2r_swen(    1): probe ...
12-31 19:00:00.663 I/clk_mt5896(    1): [of_mtk_dtv_gate_en]b2r_swen reg base : 0x1c204000 -> (____ptrval____)
12-31 19:00:00.663 I/mt5896_clk_driver 1c204000.smart_swen(    1): probe ...
12-31 19:00:00.663 I/clk_mt5896(    1): [of_mtk_dtv_gate_en]smart_swen reg base : 0x1c204000 -> (____ptrval____)
12-31 19:00:00.664 I/mt5896_clk_driver 1c204000.smart2_swen(    1): probe ...
12-31 19:00:00.664 I/clk_mt5896(    1): [of_mtk_dtv_gate_en]smart2_swen reg base : 0x1c204000 -> (____ptrval____)
12-31 19:00:00.664 I/mt5896_clk_driver sc_fix(    1): probe ...
12-31 19:00:00.664 E/        (    1): Failed to register clk (null): -12
12-31 19:00:00.665 E/        (    1): Failed to register clk (null): -12
12-31 19:00:00.665 E/        (    1): Failed to register clk (null): -12
12-31 19:00:00.666 I/mt5896_clk_driver scdv(    1): probe ...
12-31 19:00:00.666 E/clk_mt5896(    1): [of_mtk_dtv_mg]scdv reg base error
12-31 19:00:00.666 I/mt5896_clk_driver scace(    1): probe ...
12-31 19:00:00.666 E/clk_mt5896(    1): [of_mtk_dtv_mg]scace reg base error
12-31 19:00:00.666 I/mt5896_clk_driver scmw(    1): probe ...
12-31 19:00:00.666 E/clk_mt5896(    1): [of_mtk_dtv_mg]scmw reg base error
12-31 19:00:00.666 I/mt5896_clk_driver 1c204000.sctcon(    1): probe ...
12-31 19:00:00.666 I/clk_mt5896(    1): [of_mtk_dtv_mg]sctcon reg base : 0x1c204000 -> 0x(____ptrval____)
12-31 19:00:00.666 E/        (    1): Failed to register clk (null): -12
12-31 19:00:00.666 E/        (    1): Failed to register clk (null): -12
12-31 19:00:00.667 E/        (    1): Failed to register clk (null): -12
12-31 19:00:00.667 E/        (    1): Failed to register clk (null): -12
12-31 19:00:00.667 E/        (    1): Failed to register clk (null): -12
12-31 19:00:00.668 E/        (    1): Failed to register clk (null): -12
12-31 19:00:00.668 E/        (    1): Failed to register clk (null): -12
12-31 19:00:03.193 I/SELinux (  231): SELinux: Loaded service_contexts from:
12-31 19:00:00.668 E/        (    1): Failed to register clk (null): -12
12-31 19:00:03.193 I/SELinux (  231):     /system/etc/selinux/plat_service_contexts
12-31 19:00:00.668 E/        (    1): Failed to register clk (null): -12
12-31 19:00:03.193 I/SELinux (  231):     /system_ext/etc/selinux/system_ext_service_contexts
12-31 19:00:00.668 E/        (    1): Failed to register clk (null): -12
12-31 19:00:03.193 I/SELinux (  231):     /product/etc/selinux/product_service_contexts
12-31 19:00:00.669 E/        (    1): Failed to register clk (null): -12
12-31 19:00:03.193 I/SELinux (  231):     /vendor/etc/selinux/vendor_service_contexts
12-31 19:00:00.669 E/        (    1): Failed to register clk (null): -12
12-31 19:00:00.671 E/        (    1): Failed to register clk (null): -12
12-31 19:00:00.671 E/        (    1): Failed to register clk (null): -12
12-31 19:00:00.671 E/        (    1): Failed to register clk (null): -12
12-31 19:00:00.671 E/        (    1): Failed to register clk (null): -12
12-31 19:00:00.671 E/        (    1): Failed to register clk (null): -12
12-31 19:00:00.672 I/mt5896_clk_driver 1c204000.scsr(    1): probe ...
12-31 19:00:00.672 I/clk_mt5896(    1): [of_mtk_dtv_mg]scsr reg base : 0x1c204000 -> 0x(____ptrval____)
12-31 19:00:00.672 E/        (    1): Failed to register clk (null): -12
12-31 19:00:00.672 E/        (    1): Failed to register clk (null): -12
12-31 19:00:00.673 E/        (    1): Failed to register clk (null): -12
12-31 19:00:00.675 I/mt5896_clk_driver scpq(    1): probe ...
12-31 19:00:00.675 E/clk_mt5896(    1): [of_mtk_dtv_mg]scpq reg base error
12-31 19:00:00.675 I/mt5896_clk_driver scscl(    1): probe ...
12-31 19:00:00.675 E/clk_mt5896(    1): [of_mtk_dtv_mg]scscl reg base error
12-31 19:00:00.675 I/mt5896_clk_driver scnr(    1): probe ...
12-31 19:00:00.675 E/clk_mt5896(    1): [of_mtk_dtv_mg]scnr reg base error
12-31 19:00:00.675 I/mt5896_clk_driver 1c204000.scip(    1): probe ...
12-31 19:00:00.675 I/clk_mt5896(    1): [of_mtk_dtv_mg]scip reg base : 0x1c204000 -> 0x(____ptrval____)
12-31 19:00:00.675 E/        (    1): Failed to register clk (null): -12
12-31 19:00:00.675 E/        (    1): Failed to register clk (null): -12
12-31 19:00:00.675 E/        (    1): Failed to register clk (null): -12
12-31 19:00:00.676 E/        (    1): Failed to register clk (null): -12
12-31 19:00:00.677 E/        (    1): Failed to register clk (null): -12
12-31 19:00:00.680 E/        (    1): Failed to register clk (null): -12
12-31 19:00:00.680 E/        (    1): Failed to register clk (null): -12
12-31 19:00:00.681 E/        (    1): Failed to register clk (null): -12
12-31 19:00:00.681 E/        (    1): Failed to register clk (null): -12
12-31 19:00:00.684 I/mt5896_clk_driver 1c204000.jpd_swen(    1): probe ...
12-31 19:00:00.684 I/clk_mt5896(    1): [of_mtk_dtv_gate_en]jpd_swen reg base : 0x1c204000 -> (____ptrval____)
12-31 19:00:00.685 I/mt5896_clk_driver 1c001800.usb_pm_ssusb_swen(    1): probe ...
12-31 19:00:00.685 I/clk_mt5896(    1): [of_mtk_dtv_gate_en]usb_pm_ssusb_swen reg base : 0x1c001800 -> (____ptrval____)
12-31 19:00:00.686 I/mt5896_clk_driver 1c204000.usb_nonpm_ssusb_swen(    1): probe ...
12-31 19:00:00.686 I/clk_mt5896(    1): [of_mtk_dtv_gate_en]usb_nonpm_ssusb_swen reg base : 0x1c204000 -> (____ptrval____)
12-31 19:00:00.687 I/mt5896_clk_driver 1c204000.vd_en_reg_swen(    1): probe ...
12-31 19:00:00.687 I/clk_mt5896(    1): [of_mtk_dtv_gate_en]vd_en_reg_swen reg base : 0x1c204000 -> (____ptrval____)
12-31 19:00:00.691 I/mt5896_clk_driver vd_fix(    1): probe ...
12-31 19:00:00.691 E/        (    1): Failed to register clk (null): -12
12-31 19:00:00.691 I/mt5896_clk_driver 1c204000.vd(    1): probe ...
12-31 19:00:00.691 I/clk_mt5896(    1): [of_mtk_dtv_mg]vd reg base : 0x1c204000 -> 0x(____ptrval____)
12-31 19:00:00.691 E/        (    1): Failed to register clk (null): -12
12-31 19:00:00.692 I/mt5896_clk_driver 1c204000.hdmi(    1): probe ...
12-31 19:00:00.692 I/clk_mt5896(    1): [of_mtk_dtv_mg]hdmi reg base : 0x1c204000 -> 0x(____ptrval____)
12-31 19:00:00.692 E/        (    1): Failed to register clk (null): -12
12-31 19:00:00.692 E/        (    1): Failed to register clk (null): -12
12-31 19:00:00.692 E/        (    1): Failed to register clk (null): -12
12-31 19:00:00.692 E/        (    1): Failed to register clk (null): -12
12-31 19:00:00.692 E/        (    1): Failed to register clk (null): -12
12-31 19:00:00.692 I/mt5896_clk_driver 1c204000.hdmirx_swen(    1): probe ...
12-31 19:00:00.692 I/clk_mt5896(    1): [of_mtk_dtv_gate_en]hdmirx_swen reg base : 0x1c204000 -> (____ptrval____)
12-31 19:00:00.693 I/mt5896_clk_driver 1c204000.miic_nonpm_swen(    1): probe ...
12-31 19:00:00.693 I/clk_mt5896(    1): [of_mtk_dtv_gate_en]miic_nonpm_swen reg base : 0x1c204000 -> (____ptrval____)
12-31 19:00:00.696 I/mt5896_clk_driver pm_fix(    1): probe ...
12-31 19:00:00.696 E/        (    1): Failed to register clk (null): -12
12-31 19:00:00.697 I/mt5896_clk_driver pm_fixdiv(    1): probe ...
12-31 19:00:00.697 E/        (    1): Failed to register clk (null): -12
12-31 19:00:00.698 I/mt5896_clk_driver 1c001800.pm(    1): probe ...
12-31 19:00:00.698 I/clk_mt5896(    1): [of_mtk_dtv_mg]pm reg base : 0x1c001800 -> 0x(____ptrval____)
12-31 19:00:00.698 E/        (    1): Failed to register clk (null): -12
12-31 19:00:00.698 I/mt5896_clk_driver 1c204000.pwm_clk_swen(    1): probe ...
12-31 19:00:00.698 I/clk_mt5896(    1): [of_mtk_dtv_gate_en]pwm_clk_swen reg base : 0x1c204000 -> (____ptrval____)
12-31 19:00:00.699 I/mt5896_clk_driver 1c204000.fcie_swen(    1): probe ...
12-31 19:00:00.699 I/clk_mt5896(    1): [of_mtk_dtv_gate_en]fcie_swen reg base : 0x1c204000 -> (____ptrval____)
12-31 19:00:00.699 I/mt5896_clk_driver 1c204000.ge_swen(    1): probe ...
12-31 19:00:00.699 I/clk_mt5896(    1): [of_mtk_dtv_gate_en]ge_swen reg base : 0x1c204000 -> (____ptrval____)
12-31 19:00:00.701 I/mt5896_clk_driver ufs_swen(    1): probe ...
12-31 19:00:00.701 E/clk_mt5896(    1): [of_mtk_dtv_gate_en]ufs_swen reg base error
12-31 19:00:00.701 I/mt5896_clk_driver 1c204000.earc_swen(    1): probe ...
12-31 19:00:00.701 I/clk_mt5896(    1): [of_mtk_dtv_gate_en]earc_swen reg base : 0x1c204000 -> (____ptrval____)
12-31 19:00:00.702 I/mt5896_clk_driver earc_fix(    1): probe ...
12-31 19:00:00.702 E/        (    1): Failed to register clk (null): -12
12-31 19:00:00.703 I/mt5896_clk_driver 1c204000.earc(    1): probe ...
12-31 19:00:00.703 I/clk_mt5896(    1): [of_mtk_dtv_mg]earc reg base : 0x1c204000 -> 0x(____ptrval____)
12-31 19:00:00.703 E/        (    1): Failed to register clk (null): -12
12-31 19:00:00.704 I/mt5896_clk_driver 1c204000.cvbso(    1): probe ...
12-31 19:00:00.704 I/clk_mt5896(    1): [of_mtk_dtv_mg]cvbso reg base : 0x1c204000 -> 0x(____ptrval____)
12-31 19:00:00.704 E/        (    1): Failed to register clk (null): -12
12-31 19:00:00.705 I/mt5896_clk_driver 1c204000.venc_swen(    1): probe ...
12-31 19:00:00.705 I/clk_mt5896(    1): [of_mtk_dtv_gate_en]venc_swen reg base : 0x1c204000 -> (____ptrval____)
12-31 19:00:00.705 I/mt5896_clk_driver memc_OOXX(    1): probe ...
12-31 19:00:00.705 E/clk_mt5896(    1): [of_mtk_dtv_gate_en]memc_OOXX reg base error
12-31 19:00:00.705 I/mt5896_clk_driver memc(    1): probe ...
12-31 19:00:00.705 E/clk_mt5896(    1): [of_mtk_dtv_mg]memc reg base error
12-31 19:00:00.705 I/mt5896_clk_driver 1c204000.vdec_mg(    1): probe ...
12-31 19:00:00.705 I/clk_mt5896(    1): [of_mtk_dtv_mg]vdec_mg reg base : 0x1c204000 -> 0x(____ptrval____)
12-31 19:00:00.705 E/        (    1): Failed to register clk (null): -12
12-31 19:00:00.705 E/        (    1): Failed to register clk (null): -12
12-31 19:00:00.705 E/        (    1): Failed to register clk (null): -12
12-31 19:00:00.705 E/        (    1): Failed to register clk (null): -12
12-31 19:00:00.705 I/mt5896_clk_driver 1c204000.vdec_swen(    1): probe ...
12-31 19:00:00.705 I/clk_mt5896(    1): [of_mtk_dtv_gate_en]vdec_swen reg base : 0x1c204000 -> (____ptrval____)
12-31 19:00:00.706 I/mt5896_clk_driver pcm_swen(    1): probe ...
12-31 19:00:00.706 E/clk_mt5896(    1): [of_mtk_dtv_gate_en]pcm_swen reg base error
12-31 19:00:00.706 I/mt5896_clk_driver memc97_swen(    1): probe ...
12-31 19:00:00.706 I/clk_mt5896(    1): [of_mtk_dtv_gate_en]memc97_swen reg base : 0x0 -> (____ptrval____)
12-31 19:00:00.709 W/clk_mt5896(    1): (mt5896_clk_init) pm init
12-31 19:00:00.710 I/init    (    1): Loaded kernel module /lib/modules/clk_mt5896.ko
12-31 19:00:00.710 I/init    (    1): Loading module /lib/modules/cfi_nonGPL_patch.ko with args ''
12-31 19:00:00.710 W/cfi_nonGPL_patch(    1): no symbol version for __ubsan_handle_cfi_check_fail_abort
12-31 19:00:00.710 I/init    (    1): Loaded kernel module /lib/modules/cfi_nonGPL_patch.ko
12-31 19:00:00.710 I/init    (    1): Loading module /lib/modules/irq-mt58xx.ko with args ''
12-31 19:00:00.714 I/pinctrl-mt5896 1c2e4000.pinctrl(    1): 139 pins, size 512
12-31 19:00:00.715 I/pinctrl-mt5896 1c022000.pinctrl(    1): skip str restore is true
12-31 19:00:00.715 I/pinctrl-mt5896 1c022000.pinctrl(    1): 100 pins, size 512
12-31 19:00:00.715 I/pinctrl-mt5896 1c2e6200.pinconf(    1): 139 pins, size 1536
12-31 19:00:00.716 I/pinctrl-mt5896 1c022a00.pinconf(    1): skip str restore is true
12-31 19:00:00.716 I/pinctrl-mt5896 1c022a00.pinconf(    1): 97 pins, size 1024
12-31 19:00:00.717 I/mt5896-hwspinlock 1c604000.hwspinlock(    1): hwspinlock probe done
12-31 19:00:00.718 I/mt5896-gpio 1c2e6000.gpio(    1): gpio probe done
12-31 19:00:00.718 I/        (    1): GPIO line 211 (OPCTRL11) hogged as output/high
12-31 19:00:00.718 I/        (    1): GPIO line 271 (P_ON_HL) hogged as output/low
12-31 19:00:00.718 I/mt5896-gpio 1c023000.gpio(    1): skip str restore is true
12-31 19:00:00.718 I/mt5896-gpio 1c023000.gpio(    1): gpio probe done
12-31 19:00:00.720 I/mtk16550 1c646100.UART0(    1): irq 22
12-31 19:00:00.720 I/mtk16550 1c646100.UART0(    1): not support high speed uart
12-31 19:00:00.720 I/mtk16550 1c646100.UART0(    1): got 2 clks
12-31 19:00:00.720 I/mtk16550 1c646100.UART0(    1): try register port 0
12-31 19:00:00.720 I/printk  (    1): console [ttyS0] disabled
12-31 19:00:00.720 I/1c646100.UART0(    1): ttyS0 at MMIO 0x1c646100 (irq = 22, base_baud = 1500000) is a 16550A
12-31 19:00:00.720 I/mtk16550 1c646100.UART0(    1): port clock/sw_en enabled.
12-31 19:00:00.720 I/mtk16550 1c646100.UART0(    1): set termios with remain 0.
12-31 19:00:00.720 I/mtk16550 1c646100.UART0(    1): UART IER before set termios 0x0 (uport->ier 0x0)
12-31 19:00:00.720 I/mtk16550 1c646100.UART0(    1): UART IER after set termios 0x0 (uport->ier 0x0)
12-31 19:00:00.762 I/printk  (    1): console [ttyS0] enabled
12-31 19:00:00.762 I/mtk16550 1c646100.UART0(    1): success register to port 0 type 4 flags 0x28080000
12-31 19:00:00.762 I/mtk16550 1c647100.UART1(    1): irq 23
12-31 19:00:00.762 I/mtk16550 1c647100.UART1(    1): support high speed uart
12-31 19:00:00.762 I/mtk16550 1c647100.UART1(    1): got 2 clks
12-31 19:00:00.762 I/mtk16550 1c647100.UART1(    1): try register port 1
12-31 19:00:00.762 I/1c647100.UART1(    1): ttyS1 at MMIO 0x1c647100 (irq = 23, base_baud = 1500000) is a 16550A
12-31 19:00:00.762 I/mtk16550 1c647100.UART1(    1): port clock/sw_en enabled.
12-31 19:00:00.762 I/mtk16550 1c647100.UART1(    1): disable clock/sw_en.
12-31 19:00:00.762 I/mtk16550 1c647100.UART1(    1): port clock/sw_en enabled.
12-31 19:00:00.762 I/mtk16550 1c647100.UART1(   18): disable clock/sw_en.
12-31 19:00:00.762 I/mtk16550 1c647100.UART1(    1): success register to port 1 type 4 flags 0x28080000
12-31 19:00:00.762 I/mtk16550 1c647200.UART2(    1): irq 24
12-31 19:00:00.762 I/mtk16550 1c647200.UART2(    1): not support high speed uart
12-31 19:00:00.762 I/mtk16550 1c647200.UART2(    1): got 1 clks
12-31 19:00:00.762 I/mtk16550 1c647200.UART2(    1): try register port 2
12-31 19:00:00.762 I/1c647200.UART2(    1): ttyS2 at MMIO 0x1c647200 (irq = 24, base_baud = 1500000) is a 16550A
12-31 19:00:00.762 I/mtk16550 1c647200.UART2(    1): port clock/sw_en enabled.
12-31 19:00:00.762 I/mtk16550 1c647200.UART2(    1): disable clock/sw_en.
12-31 19:00:00.762 I/mtk16550 1c647200.UART2(    1): port clock/sw_en enabled.
12-31 19:00:00.762 I/mtk16550 1c647200.UART2(   18): disable clock/sw_en.
12-31 19:00:00.763 I/mtk16550 1c647200.UART2(    1): success register to port 2 type 4 flags 0x28080000
12-31 19:00:00.763 I/mtk16550 1c061080.UART3(    1): irq 25
12-31 19:00:00.763 I/mtk16550 1c061080.UART3(    1): not support high speed uart
12-31 19:00:00.763 I/mtk16550 1c061080.UART3(    1): got 0 clks
12-31 19:00:00.763 I/mtk16550 1c061080.UART3(    1): try register port 3
12-31 19:00:00.763 I/1c061080.UART3(    1): ttyS3 at MMIO 0x1c061080 (irq = 25, base_baud = 1500000) is a 16550A
12-31 19:00:00.763 I/mtk16550 1c061080.UART3(    1): port clock/sw_en enabled.
12-31 19:00:00.763 I/mtk16550 1c061080.UART3(    1): disable clock/sw_en.
12-31 19:00:00.763 I/mtk16550 1c061080.UART3(    1): port clock/sw_en enabled.
12-31 19:00:00.763 I/mtk16550 1c061080.UART3(   18): disable clock/sw_en.
12-31 19:00:00.763 I/mtk16550 1c061080.UART3(    1): success register to port 3 type 4 flags 0x28080000
12-31 19:00:00.766 I/        (    1): parent dts miu0_base 0x20000000
12-31 19:00:00.794 I/BOOTTIME(    1): mtk-boottime: Disable boottime function
12-31 19:00:00.795 I/pm 1c020200.mtk-pm(    1): wk_src name=usb       , id=0x10, shm_bit=00.
12-31 19:00:00.795 I/pm 1c020200.mtk-pm(    1): wk_src name=ir0       , id=0x01, shm_bit=01.
12-31 19:00:00.795 I/pm 1c020200.mtk-pm(    1): wk_src name=dvi0      , id=0x02, shm_bit=02.
12-31 19:00:00.795 I/pm 1c020200.mtk-pm(    1): wk_src name=dvi1      , id=0x12, shm_bit=03.
12-31 19:00:00.795 I/pm 1c020200.mtk-pm(    1): wk_src name=dvi2      , id=0x03, shm_bit=04.
12-31 19:00:00.795 I/pm 1c020200.mtk-pm(    1): wk_src name=dvi3      , id=0x13, shm_bit=05.
12-31 19:00:00.795 I/pm 1c020200.mtk-pm(    1): wk_src name=cec0      , id=0x04, shm_bit=06.
