12-31 19:00:07.099 I/v4l2-mtk-pq(  437): mtk-pq registered as /dev/video16
12-31 19:00:07.100 I/        (  461): ARG81300_dish_i2c_init is called
12-31 19:00:07.100 I/v4l2-mtk-pq(  437): mtk-pq registered as /dev/video17
12-31 19:00:07.101 I/v4l2-mtk-pq(  437): mtk-pq registered as /dev/video18
12-31 19:00:07.102 I/v4l2-mtk-pq(  437): mtk-pq registered as /dev/video19
12-31 19:00:07.104 I/v4l2-mtk-pq(  437): mtk-pq registered as /dev/video20
12-31 19:00:07.108 I/        (  461): Registered IR keymap rc-cec
12-31 19:00:07.108 I/rc0     (  461): mediatek,cec as /devices/platform/1c020340.pmu_rpmsg/remoteproc/remoteproc0/remoteproc0#vdev0buffer/virtio0/virtio0.cec.-1.0/rc/rc0
12-31 19:00:07.108 I/input   (  461): mediatek,cec as /devices/platform/1c020340.pmu_rpmsg/remoteproc/remoteproc0/remoteproc0#vdev0buffer/virtio0/virtio0.cec.-1.0/rc/rc0/input2
12-31 19:00:07.108 I/        (  437): [PQ] get FMM hash key not support!
12-31 19:00:07.109 I/        (  437): [PQ] Device_create_file initialized
12-31 19:00:07.109 I/        (  437): [PQ] Device_create_file initialized
12-31 19:00:07.109 I/        (  437): [PQ] Device_create_file initialized
12-31 19:00:07.112 I/        (  461): rpmsg bus driver register done (0)
12-31 19:00:07.118 I/        (  469): [MTK_MEDIATOR] Init
12-31 19:00:07.119 I/        (  469): [MTK_MEDIATOR] dram channel num: 4
12-31 19:00:07.119 I/        (  469): [MTK_MEDIATOR] Ch 0 dram_size: 0 (Gb)
12-31 19:00:07.119 I/        (  469): [MTK_MEDIATOR] Ch 1 dram_size: 0 (Gb)
12-31 19:00:07.119 I/        (  469): [MTK_MEDIATOR] Ch 2 dram_size: 8 (Gb)
12-31 19:00:07.119 I/        (  469): [MTK_MEDIATOR] Ch 3 dram_size: 8 (Gb)
12-31 19:00:07.119 I/        (  469): [MTK_MEDIATOR] unbalance mode
12-31 19:00:07.127 I/mtk_pmu_mspi pmu_mspi0(  437): assigned reserved memory node pmu_mspi_shm@pmu4
12-31 19:00:07.139 I/mtktv_cpufreq(  468): [mtktv_cpufreq_driver_init:1673] model MT5897
12-31 19:00:07.140 I/[TCON] mtk_tcon_update_panel_info(  438): 856: This is not the tconless model or pre-init first.
12-31 19:00:07.140 W/        (  438): [drm]  Protect VTT MIN panel = 8be
12-31 19:00:07.140 I/[TCON] mtk_tcon_update_panel_info(  438): 856: This is not the tconless model or pre-init first.
12-31 19:00:07.140 W/        (  438): [drm]  Protect VTT MIN panel = 8be
12-31 19:00:07.140 I/[TCON] mtk_tcon_update_panel_info(  438): 856: This is not the tconless model or pre-init first.
12-31 19:00:07.140 W/        (  438): [drm]  Protect VTT MIN panel = 8be
12-31 19:00:07.140 I/[TCON] mtk_tcon_update_panel_info(  438): 856: This is not the tconless model or pre-init first.
12-31 19:00:07.140 W/        (  438): [drm]  Protect VTT MIN panel = 8be
12-31 19:00:07.140 I/[TCON] mtk_tcon_update_panel_info(  438): 856: This is not the tconless model or pre-init first.
12-31 19:00:07.140 W/        (  438): [drm]  Protect VTT MIN panel = 8be
12-31 19:00:07.140 I/[TCON] mtk_tcon_update_panel_info(  438): 856: This is not the tconless model or pre-init first.
12-31 19:00:07.140 W/        (  438): [drm]  Protect VTT MIN panel = 8be
12-31 19:00:07.143 I/        (  437): modprobe (437) used greatest stack depth: 9232 bytes left
12-31 19:00:07.143 E/        (  206): [ALSA MTK]read depop off done
12-31 19:00:07.145 I/[TCON] mtk_tcon_update_panel_info(  438): 856: This is not the tconless model or pre-init first.
12-31 19:00:07.145 E/        (  438): [drm:_parse_panel_info [mediatek_drm_tv]] *ERROR*  no Protect Vde start = 28
12-31 19:00:07.145 E/        (  438): [drm:_parse_panel_info [mediatek_drm_tv]] *ERROR*  no Protect Vsync start = 0
12-31 19:00:07.145 E/        (  438): [drm:_parse_panel_info [mediatek_drm_tv]] *ERROR*  Protect Vde start = 4e
12-31 19:00:07.145 E/        (  438): [drm:_parse_panel_info [mediatek_drm_tv]] *ERROR*  Protect Vsync start = 26
12-31 19:00:07.145 W/        (  438): [drm]  Protect VTT MIN panel = 8bf
12-31 19:00:07.145 I/[TCON] mtk_tcon_update_panel_info(  438): 856: This is not the tconless model or pre-init first.
12-31 19:00:07.145 E/        (  438): [drm:_parse_panel_info [mediatek_drm_tv]] *ERROR*  no Protect Vde start = 52
12-31 19:00:07.145 E/        (  438): [drm:_parse_panel_info [mediatek_drm_tv]] *ERROR*  info->typ_vtt = 8ca
12-31 19:00:07.145 E/        (  438): [drm:_parse_panel_info [mediatek_drm_tv]] *ERROR*  info->de_height = 870
12-31 19:00:07.145 E/        (  438): [drm:_parse_panel_info [mediatek_drm_tv]] *ERROR*  Protect Vde start = 4e
12-31 19:00:07.145 E/        (  438): [drm:_parse_panel_info [mediatek_drm_tv]] *ERROR*  Protect Vsync start = 0
12-31 19:00:07.145 W/        (  438): [drm]  Protect VTT MIN panel = 8c2
12-31 19:00:07.147 E/        (  438): [drm:get_dts_u32_array [mediatek_drm_tv]] *ERROR* [get_dts_u32_array, 148]: array 'u32PwmPeriodMulti' size is ERROR, current(-22) != expected(1)
12-31 19:00:07.148 I/[TCON] mtk_tcon_update_panel_info(  438): 856: This is not the tconless model or pre-init first.
12-31 19:00:07.148 W/        (  438): [drm]  Protect VTT MIN panel = 8bf
12-31 19:00:07.148 I/[TCON] mtk_tcon_update_panel_info(  438): 856: This is not the tconless model or pre-init first.
12-31 19:00:07.148 W/        (  438): [drm]  Protect VTT MIN panel = a7e
12-31 19:00:07.148 I/[TCON] mtk_tcon_update_panel_info(  438): 856: This is not the tconless model or pre-init first.
12-31 19:00:07.148 W/        (  438): [drm]  Protect VTT MIN panel = aed
12-31 19:00:07.148 I/[TCON] mtk_tcon_update_panel_info(  438): 856: This is not the tconless model or pre-init first.
12-31 19:00:07.148 I/[TCON] mtk_tcon_update_panel_info(  438): 856: This is not the tconless model or pre-init first.
12-31 19:00:07.148 I/[TCON] mtk_tcon_update_panel_info(  438): 856: This is not the tconless model or pre-init first.
12-31 19:00:07.149 I/[TCON] mtk_tcon_get_property(  438): 1298: Tcon pre-initialized done=0
12-31 19:00:07.159 I/        (  438): [CPUIF][READY][ext_command_send,  576]Add ready callback category_id = 3 command_id = 15
12-31 19:00:07.159 I/        (  438): [CPUIF][READY][ext_command_send,  576]Add ready callback category_id = 3 command_id = 16
12-31 19:00:07.160 E/        (  438): [drm:mtk_tv_drm_get_panel_max_framerate_ioctl [mediatek_drm_tv]] *ERROR* get gpio_vcc gpio desc failed
12-31 19:00:07.160 E/        (  438): [drm:mtk_tv_drm_get_panel_max_framerate_ioctl [mediatek_drm_tv]] *ERROR* get gpio_backlight gpio desc failed
12-31 19:00:07.162 I/mediatek-drm-tv mediatek-drm(  438): Adding to iommu group 0
12-31 19:00:07.166 I/[TCON] mtk_tcon_get_lanes_num_by_linktype(  438): 750: This is not the tconless model or pre-init first.
12-31 19:00:07.166 I/        (  438): [drm] ================EXTDEV_MOD_CFG================
12-31 19:00:07.166 I/        (  438): [drm] [mtk_extdev_panel_init][463]extdev panel success!!
12-31 19:00:07.166 I/mediatek-drm-tv mediatek-drm(  438): bound ext_video_out (ops __mod_of__mtk_tv_drm_extdev_panel_of_match_table_device_table [mediatek_drm_tv])
12-31 19:00:07.166 I/[TCON] mtk_tcon_get_lanes_num_by_linktype(  438): 750: This is not the tconless model or pre-init first.
12-31 19:00:07.166 I/        (  438): [drm] ================GFX_MOD_CFG================
12-31 19:00:07.166 I/        (  438): [drm] [mtk_gfx_panel_init][320]gfx panel success!!
12-31 19:00:07.166 I/mediatek-drm-tv mediatek-drm(  438): bound graphic_out (ops __mod_of__mtk_tv_drm_gfx_panel_of_match_table_device_table [mediatek_drm_tv])
12-31 19:00:07.166 W/        (  438): [PNL_CUST][03029] pnl_cust init !
12-31 19:00:07.166 W/        (  438): [PNL_CUST][02005] video_out_nd find!
12-31 19:00:07.166 W/        (  438): [PNL_CUST][02015] video_out compatible =mtk,mt5896-panel
12-31 19:00:07.166 W/        (  438): [PNL_CUST][02025] video_out_nd status =okay
12-31 19:00:07.166 W/        (  438): [PNL_CUST][02036] finded pmic_nd node
12-31 19:00:07.166 W/        (  438): [PNL_CUST][02052] pmic_type = 1
12-31 19:00:07.166 W/        (  438): [PNL_CUST][02056] pmic_bin_file_path =
12-31 19:00:07.166 W/        (  438): [PNL_CUST][02075] pmic_i2c_dev_addr = 0
12-31 19:00:07.166 W/[PNL_CUST][02123] cp_dbg(  438): [pnl_cust_pmic_init_setting, 2123].ePnlCustIcType=1[0m
12-31 19:00:07.166 W/        (  438): [PNL_CUST][00740] PMIC_BIN file lens is 0
12-31 19:00:07.166 W/        (  438): [PNL_CUST][03039] [mtk_tcon_pmic_lsic_init][ 3039]pmic init setting success!
12-31 19:00:07.166 W/        (  438): [PNL_CUST][02162] video_out node find!
12-31 19:00:07.166 W/        (  438): [PNL_CUST][02169] video_out compatible =mtk,mt5896-panel
12-31 19:00:07.166 W/        (  438): [PNL_CUST][02176] video_out_nd status =okay
12-31 19:00:07.166 W/        (  438): [PNL_CUST][02184] finded pmic_sub_nd node
12-31 19:00:07.166 W/        (  438): [PNL_CUST][02262] [pnl_cust_pmic_sub_init_setting, 2262].ePnlCustIcType=5[0m
12-31 19:00:07.166 W/        (  438): [PNL_CUST][00804] PMIC_SUB file length is 0
12-31 19:00:07.166 W/        (  438): [PNL_CUST][03047] [mtk_tcon_pmic_lsic_init][ 3047]pmic sub init setting success!
12-31 19:00:07.166 W/        (  438): [PNL_CUST][02585] video_out_nd find!
12-31 19:00:07.166 W/        (  438): [PNL_CUST][02591] video_out compatible =mtk,mt5896-panel
12-31 19:00:07.166 W/        (  438): [PNL_CUST][02597] video_out_nd status =okay
12-31 19:00:07.166 W/        (  438): [PNL_CUST][02604] finded levelshift_info node
12-31 19:00:07.166 W/        (  438): [PNL_CUST][02619] levelshift_bin_file_path = tcon/RT6966_LS.bin
12-31 19:00:07.166 W/        (  438): [PNL_CUST][02638] levelshift_i2c_dev_addr = 0
12-31 19:00:07.166 W/        (  438): [PNL_CUST][00984] LS_BIN  bin path=tcon/RT6966_LS.bin
12-31 19:00:07.166 W/        (  438): [PNL_CUST][00985] LS_BIN  u8BinFormatType=0
12-31 19:00:07.166 W/        (  438): [PNL_CUST][00986] LS_BIN  bForceInit=0
12-31 19:00:07.166 W/        (  438): [PNL_CUST][00987] LS_BIN  I2C bus=0
12-31 19:00:07.166 W/        (  438): [PNL_CUST][00988] LS_BIN  I2C mode=0
12-31 19:00:07.166 W/        (  438): [PNL_CUST][00989] LS_BIN  I2C dev=0x0
12-31 19:00:07.166 W/        (  438): [PNL_CUST][00990] LS_BIN  I2C offset=0
12-31 19:00:07.166 W/        (  438): [PNL_CUST][00991] LS_BIN  Delay_VCC_TIME=0
12-31 19:00:07.166 W/        (  438): [PNL_CUST][00992] LS_BIN  GPIO_PRE_NUM=0
12-31 19:00:07.166 W/        (  438): [PNL_CUST][00993] LS_BIN  Delay_PRE_TIME=0
12-31 19:00:07.166 W/        (  438): [PNL_CUST][00994] LS_BIN  GPIO_POST_NUM=0
12-31 19:00:07.166 W/        (  438): [PNL_CUST][00995] LS_BIN  Delay_POST_TIME=0
12-31 19:00:07.166 W/        (  438): [PNL_CUST][00996] LS_BIN  bWithNVM=0
12-31 19:00:07.166 W/        (  438): [PNL_CUST][01000] LS_BIN  is not necessary
12-31 19:00:07.166 W/        (  438): [PNL_CUST][03058] [mtk_tcon_pmic_lsic_init][ 3058]leveshift init setting success!
12-31 19:00:07.166 W/        (  438): [PNL_CUST][02718] video_out_nd find!
12-31 19:00:07.166 W/        (  438): [PNL_CUST][02725] video_out compatible =mtk,mt5896-panel
12-31 19:00:07.166 W/        (  438): [PNL_CUST][02732] video_out_nd status =okay
12-31 19:00:07.166 W/        (  438): [PNL_CUST][02740] finded levelshift_sub_info node
12-31 19:00:07.166 W/        (  438): [PNL_CUST][01041] LS sub file length is 0
12-31 19:00:07.166 W/        (  438): [PNL_CUST][03066] [mtk_tcon_pmic_lsic_init][ 3066]leveshift sub init setting success!
12-31 19:00:07.166 W/        (  438): [PNL_CUST][02300] video_out_nd find!
12-31 19:00:07.166 W/        (  438): [PNL_CUST][02311] video_out compatible =mtk,mt5896-panel
12-31 19:00:07.166 W/        (  438): [PNL_CUST][02322] video_out_nd status =okay
12-31 19:00:07.166 W/        (  438): [PNL_CUST][02334] finded pgamma_info node
12-31 19:00:07.166 W/        (  438): [PNL_CUST][02351] pgamma_bin_file_path =
12-31 19:00:07.166 W/        (  438): [PNL_CUST][02370] pgamma_i2c_dev_addr = 0
12-31 19:00:07.166 W/        (  438): [PNL_CUST][00863] PGAMMA_BIN file lens is 0
12-31 19:00:07.166 W/        (  438): [PNL_CUST][03078] [mtk_tcon_pmic_lsic_init][ 3078]pgamma init setting success!
12-31 19:00:07.166 W/        (  438): [PNL_CUST][02451] video_out node find!
12-31 19:00:07.166 W/        (  438): [PNL_CUST][02458] video_out compatible =mtk,mt5896-panel
12-31 19:00:07.166 W/        (  438): [PNL_CUST][02465] video_out_nd status =okay
12-31 19:00:07.166 W/        (  438): [PNL_CUST][02473] finded pgamma_sub_info node
12-31 19:00:07.166 W/        (  438): [PNL_CUST][00922] PGAMMA sub file length is 0
12-31 19:00:07.166 W/        (  438): [PNL_CUST][03086] [mtk_tcon_pmic_lsic_init][ 3086]pgamma sub init setting success!
12-31 19:00:07.166 W/        (  438): [PNL_CUST][03111] pnl_cust init done!
12-31 19:00:07.166 I/[TCON] mtk_tcon_get_lanes_num_by_linktype(  438): 750: This is not the tconless model or pre-init first.
12-31 19:00:07.166 I/[TCON] mtk_tcon_get_lanes_num_by_linktype(  438): 750: This is not the tconless model or pre-init first.
12-31 19:00:07.166 I/[TCON] _mtk_tcon_init_proc(  438): 3188: ModeChg=0 PreOutputEn=0 upd_type=0
12-31 19:00:07.168 I/mediatek-drm-tv mediatek-drm(  438): bound video_out (ops __mod_of__mtk_tv_drm_panel_of_match_table_device_table [mediatek_drm_tv])
12-31 19:00:07.169 E/        (  438): [drm:mtk_drm_common_clk_parse_dts [mediatek_drm_tv]] *ERROR* [_mtk_drm_common_clk_parse_dts_max, 120]:[max]clk_fd = 720000000
12-31 19:00:07.169 E/        (  438): [drm:mtk_drm_common_clk_parse_dts [mediatek_drm_tv]] *ERROR* [_mtk_drm_common_clk_parse_dts_target, 177]:[target]clk_fd = 720000000
12-31 19:00:07.169 E/        (  438): [drm:mtk_drm_common_clk_parse_dts [mediatek_drm_tv]] *ERROR* [_mtk_drm_common_clk_parse_dts_rate, 276]:[FD clk]rate = 0x2e60 rate_s = 0x0 rate_e = 0x5
12-31 19:00:07.169 E/        (  438): [drm:mtk_drm_common_clk_parse_dts [mediatek_drm_tv]] *ERROR* [_mtk_drm_common_clk_parse_dts_rate, 282]:[FD clk]rateSld = 0x0 rateSldStart = 0x0 rateSldEnd = 0x0
12-31 19:00:07.174 I/        (  438): [CPUIF][READY][ext_command_send,  576]Add ready callback category_id = 3 command_id = 11
12-31 19:00:07.174 I/        (  438): [CPUIF][READY][ext_command_send,  576]Add ready callback category_id = 3 command_id = 6
12-31 19:00:07.191 E/        (  438): MAPI_GOP[Ioctl_GOP_Init][1165] input parameter is NULL
12-31 19:00:07.195 E/        (  438): MAPI_GOP[Ioctl_GOP_Init][1165] input parameter is NULL
12-31 19:00:07.195 E/        (  438): MAPI_GOP[Ioctl_GOP_Init][1165] input parameter is NULL
12-31 19:00:07.195 E/        (  438): MAPI_GOP[Ioctl_GOP_Init][1165] input parameter is NULL
12-31 19:00:07.195 E/        (  438): MAPI_GOP[Ioctl_GOP_Init][1165] input parameter is NULL
12-31 19:00:07.208 I/[GOP][WRP](  438): init_info gop_idx 0, panel_width 3840, panel_height 2160, panel_hstart 416
12-31 19:00:07.208 I/[GOP][WRP](  438): init_info gop_idx 1, panel_width 3840, panel_height 2160, panel_hstart 416
12-31 19:00:07.208 I/[GOP][WRP](  438): init_info gop_idx 2, panel_width 3840, panel_height 2160, panel_hstart 416
12-31 19:00:07.208 I/[GOP][WRP](  438): init_info gop_idx 4, panel_width 3840, panel_height 2160, panel_hstart 416
12-31 19:00:07.215 I/        (  438): [drm] [DRM] CVBSO CLK SWEN nums from ADC table is: 3
12-31 19:00:07.215 I/        (  438): [drm] [DRM] SWEN[ 0]: Name= adctbl_swen_cvbs_dac_a_digital0_mux2adc , enable=ON
12-31 19:00:07.215 I/        (  438): [drm] [DRM] SWEN[ 1]: Name= adctbl_swen_cvbs_dac_a_digital02adc     , enable=ON
12-31 19:00:07.215 I/        (  438): [drm] [DRM] SWEN[ 2]: Name= adctbl_swen_cvbs_dac_a_digital12adc     , enable=ON
12-31 19:00:07.215 I/        (  438): [drm] [DRM] CVBSO CLK nums from ADC table = 4
12-31 19:00:07.215 I/        (  438): [drm] [DRM] CLK[ 0]: Name= adctbl_cvbs_dac_a_digital0_int_ck  , parent=adctbl_prnt_ck_cvbs_dac_a_digital_p_buf_ck
12-31 19:00:07.215 I/        (  438): [drm] [DRM] CLK[ 1]: Name= adctbl_cvbs_dac_a_digital1_int_ck  , parent=adctbl_prnt_ck_cvbs_dac_a_digital_p_buf_ck
12-31 19:00:07.215 I/        (  438): [drm] [DRM] CLK[ 2]: Name= adctbl_cvbs_dac_a_digital0_mux_int_ck, parent=adctbl_prnt_ck_cvbs_dac_a_digital_p_buf_ck
12-31 19:00:07.215 I/        (  438): [drm] [DRM] CLK[ 3]: Name= adctbl_adc_daca2_int_ck            , parent=adctbl_prnt_adc_vif
12-31 19:00:07.224 I/        (  438): [CPUIF][READY][ext_command_send,  576]Add ready callback category_id = 3 command_id = 1
12-31 19:00:07.225 I/        (  438): [CPUIF][READY][ext_command_send,  576]Add ready callback category_id = 3 command_id = 18
12-31 19:00:07.231 I/mtktv_cpufreq_ca(  468): [MTKTV_CPUFREQ_TEEC_TA_Open:180] Cpufreq TA Open Successfully
12-31 19:00:07.231 I/mtktv_cpufreq_ca(  482): [MTKTV_CPUFREQ_TEEC_TA_Open:180] Cpufreq TA Open Successfully
12-31 19:00:07.235 I/mtktv_cpufreq_ca(  482): [MTKTV_CPUFREQ_TEEC_Init:202] Cpufreq TA Init Successfully
12-31 19:00:07.245 I/mediatek-drm-tv mediatek-drm(  438): bound mediatek-drm-tv-kms (ops cleanup_module [mediatek_drm_tv])
12-31 19:00:07.245 I/        (  438): [drm] Supports vblank timestamp caching Rev 2 (21.10.2013).
12-31 19:00:07.245 I/        (  438): [drm] No driver support for vblank timestamp query.
12-31 19:00:07.245 I/        (  438): [drm] Initialized mediatek-tv 1.0.0 20200113 for mediatek-drm on minor 0
03-17 02:40:52.427 D/zygote  (  404): Time zone APEX ICU file found: /apex/com.android.tzdata/etc/icu/icu_tzdata.dat
03-17 02:40:52.428 D/zygote  (  404): I18n APEX ICU file found: /apex/com.android.i18n/etc/icu/icudt68l.dat
03-17 02:40:52.472 I/zygote  (  404): Using memfd for future sealing
03-17 02:40:52.478 W/zygote  (  404): Using default instruction set features for ARM CPU variant (generic) using conservative defaults
03-17 02:40:52.593 D/Zygote  (  404): begin preload
03-17 02:40:52.593 I/Zygote  (  404): Calling ZygoteHooks.beginPreload()
03-17 02:40:52.688 D/Zygote32Timing(  404): BeginPreload took to complete: 95ms
03-17 02:40:52.689 I/Zygote  (  404): Preloading classes...
03-17 02:40:52.770 I/Typeface(  404): Preloading /system/fonts/Roboto-Regular.ttf
03-17 02:40:52.771 I/Typeface(  404): Preloading /system/fonts/RobotoStatic-Regular.ttf
12-31 19:00:07.772 E/        (  206): [ALSA MTK]do depop off done
12-31 19:00:07.772 E/        (  206): [ALSA MTK]read pre-init done
12-31 19:00:07.788 E/        (  206): [ALSA MTK]do pre-init done
12-31 19:00:07.789 E/        (  206): [ALSA MTK]read init done
03-17 02:40:52.835 E/ActivityRecognitionHardware(  404): activity_recognition HAL is deprecated. class_init is effectively a no-op
12-31 19:00:07.848 E/        (  206): [ALSA MTK]do init done
12-31 19:00:07.848 E/        (  206): [ALSA MTK]read earc done
12-31 19:00:07.848 E/        (  206): [ALSA MTK]do earc init done
12-31 19:00:07.857 I/init    (    1): Command 'insmod /vendor/lib/modules/mtk-soc.ko' action=early-boot (/vendor/etc/init/init.insmod.rc:75) took 832ms and succeeded
12-31 19:00:07.857 I/init    (    1): Service 'exec 19 (/vendor/bin/modprobe -d /vendor/lib/modules mtk_hwreg.ko mtk-pqmaputil.ko mtk_xcalg.ko mtk_xcalg3pty.ko mtk_xcalg3pty_hdrvivid.ko vim2m.ko mtk_cus.ko mtk_pqu_rproc.ko mtktv-disp-rm.ko mtk_shmctrl.ko mtk-stctrl.ko mtk-caps.ko mtk-pq.ko mtk-srccap.ko spi-mtk-pmu.ko spi-mtkdtv-ci.ko mtk-pmu-ir.ko mtk-pmu-keypad.ko)' (pid 437) exited with status 1 oneshot service took 1.332000 seconds in background
12-31 19:00:07.888 I/        (    0): [    C1] modprobe (437): highest shadow stack usage: 392 bytes
03-17 02:40:52.934 I/zygote  (  404): Verified 2763 classes from mainline modules in 415.631ms
12-31 19:00:07.919 E/snd-machine mtk-sound-machine(  206): ASoC: failed to init link I2S0: -517
12-31 19:00:07.919 E/snd-machine mtk-sound-machine(  206): [ALSA EVB]register card fail -517
12-31 19:00:07.923 E/snd-machine mtk-sound-machine(   32): ASoC: failed to init link I2S0: -517
12-31 19:00:07.923 E/snd-machine mtk-sound-machine(   32): [ALSA EVB]register card fail -517
12-31 19:00:07.945 E/snd-machine mtk-sound-machine(   32): ASoC: failed to init link I2S0: -517
12-31 19:00:07.945 E/snd-machine mtk-sound-machine(   32): [ALSA EVB]register card fail -517
12-31 19:00:07.951 I/        (  206): [eARC] [Info] [earc_probe,1542]eARC Probe starts!
12-31 19:00:07.951 I/        (  206): [eARC] [Info] [mtk_earc_ioremap,1404]0xffffffc014825000 = 0x1dc48000(200)
12-31 19:00:07.951 I/        (  206): [eARC] [Info] [mtk_earc_ioremap,1404]0xffffffc014827400 = 0x1dc4e400(200)
12-31 19:00:07.951 I/        (  206): [eARC] [Info] [earc_read_dts_u32,220]dts:earc_port_sel = 0x2(2)
12-31 19:00:07.951 I/        (  206): [eARC] [Info] [earc_read_dts_u32,220]dts:earc_bank_num = 0x2(2)
12-31 19:00:07.951 I/        (  206): [eARC] [Info] [earc_read_dts_u32,220]dts:test_earc = 0xaa(170)
12-31 19:00:07.951 I/        (  206): [eARC] [Info] [earc_read_dts_u32,220]dts:fixed_dd_index = 0x8(8)
12-31 19:00:07.951 I/        (  206): [eARC] [Info] [earc_read_dts_u32,220]dts:support_mode = 0x2(2)
12-31 19:00:07.951 I/        (  206): [eARC] [Info] [earc_read_dts_u32,220]dts:hpd_en_ivt = 0x1(1)
12-31 19:00:07.951 I/        (  206): [eARC] [Info] [earc_read_dts_u32,220]dts:hw_version_1 = 0x1709(5897)
12-31 19:00:07.951 I/        (  206): [eARC] [Info] [earc_read_dts_u32,220]dts:hw_version_2 = 0x1(1)
12-31 19:00:07.951 I/        (  206): [eARC] [Info] [earc_read_dts_u32,220]dts:input_num = 0xd(13)
12-31 19:00:07.951 I/        (  206): [eARC] [Info] [mtk_earc_read_dts_string,247]source = (INPUT_SOURCE_HDMI)
12-31 19:00:07.951 I/        (  206): [eARC] [Info] [mtk_earc_get_input_source_num,278]INPUT_SOURCE_HDMI = (1)
12-31 19:00:07.951 I/        (  206): [eARC] [Info] [mtk_earc_read_dts_string,247]data_port = (INPUT_PORT_HDMI0)
12-31 19:00:07.951 I/        (  206): [eARC] [Info] [mtk_earc_get_input_port_num,308]INPUT_PORT_HDMI0 = (0)
12-31 19:00:07.951 I/        (  206): [eARC] [Info] [mtk_earc_read_dts_string,247]source = (INPUT_SOURCE_HDMI2)
12-31 19:00:07.951 I/        (  206): [eARC] [Info] [mtk_earc_get_input_source_num,278]INPUT_SOURCE_HDMI2 = (2)
12-31 19:00:07.951 I/        (  206): [eARC] [Info] [mtk_earc_read_dts_string,247]data_port = (INPUT_PORT_HDMI1)
12-31 19:00:07.951 I/        (  206): [eARC] [Info] [mtk_earc_get_input_port_num,308]INPUT_PORT_HDMI1 = (1)
12-31 19:00:07.951 I/        (  206): [eARC] [Info] [mtk_earc_read_dts_string,247]source = (INPUT_SOURCE_HDMI3)
12-31 19:00:07.951 I/        (  206): [eARC] [Info] [mtk_earc_get_input_source_num,278]INPUT_SOURCE_HDMI3 = (3)
12-31 19:00:07.951 I/        (  206): [eARC] [Info] [mtk_earc_read_dts_string,247]data_port = (INPUT_PORT_HDMI2)
12-31 19:00:07.951 I/        (  206): [eARC] [Info] [mtk_earc_get_input_port_num,308]INPUT_PORT_HDMI2 = (2)
12-31 19:00:07.951 I/        (  206): [eARC] [Info] [mtk_earc_read_dts_string,247]source = (INPUT_SOURCE_HDMI4)
12-31 19:00:07.951 I/        (  206): [eARC] [Info] [mtk_earc_get_input_source_num,278]INPUT_SOURCE_HDMI4 = (4)
12-31 19:00:07.951 I/        (  206): [eARC] [Info] [mtk_earc_read_dts_string,247]data_port = (INPUT_PORT_HDMI3)
12-31 19:00:07.951 I/        (  206): [eARC] [Info] [mtk_earc_get_input_port_num,308]INPUT_PORT_HDMI3 = (3)
12-31 19:00:07.951 I/        (  206): [eARC] [Info] [mtk_earc_read_dts_string,247]source = (INPUT_SOURCE_CVBS)
12-31 19:00:07.951 I/        (  206): [eARC] [Info] [mtk_earc_get_input_source_num,278]INPUT_SOURCE_CVBS = (255)
12-31 19:00:07.951 E/        (  206): [EARC] [mtk_earc_parse_dts_srccap_port_map,623] return is 255
12-31 19:00:07.951 I/        (  206): [eARC] [Info] [mtk_earc_read_dts_string,247]source = (INPUT_SOURCE_SVIDEO)
12-31 19:00:07.951 I/        (  206): [eARC] [Info] [mtk_earc_get_input_source_num,278]INPUT_SOURCE_SVIDEO = (255)
12-31 19:00:07.951 E/        (  206): [EARC] [mtk_earc_parse_dts_srccap_port_map,623] return is 255
12-31 19:00:07.951 I/        (  206): [eARC] [Info] [mtk_earc_read_dts_string,247]source = (INPUT_SOURCE_VGA)
12-31 19:00:07.951 I/        (  206): [eARC] [Info] [mtk_earc_get_input_source_num,278]INPUT_SOURCE_VGA = (255)
12-31 19:00:07.951 E/        (  206): [EARC] [mtk_earc_parse_dts_srccap_port_map,623] return is 255
12-31 19:00:07.951 I/        (  206): [eARC] [Info] [mtk_earc_read_dts_string,247]source = (INPUT_SOURCE_ATV)
12-31 19:00:07.951 I/        (  206): [eARC] [Info] [mtk_earc_get_input_source_num,278]INPUT_SOURCE_ATV = (255)
12-31 19:00:07.951 E/        (  206): [EARC] [mtk_earc_parse_dts_srccap_port_map,623] return is 255
12-31 19:00:07.951 I/        (  206): [eARC] [Info] [mtk_earc_read_dts_string,247]source = (INPUT_SOURCE_SCART)
12-31 19:00:07.951 I/        (  206): [eARC] [Info] [mtk_earc_get_input_source_num,278]INPUT_SOURCE_SCART = (255)
12-31 19:00:07.951 E/        (  206): [EARC] [mtk_earc_parse_dts_srccap_port_map,623] return is 255
12-31 19:00:07.951 I/        (  206): [eARC] [Info] [mtk_earc_read_dts_string,247]source = (INPUT_SOURCE_DVI)
12-31 19:00:07.951 I/        (  206): [eARC] [Info] [mtk_earc_get_input_source_num,278]INPUT_SOURCE_DVI = (255)
12-31 19:00:07.951 E/        (  206): [EARC] [mtk_earc_parse_dts_srccap_port_map,623] return is 255
12-31 19:00:07.951 I/        (  206): [eARC] [Info] [mtk_earc_read_dts_string,247]source = (INPUT_SOURCE_DVI2)
12-31 19:00:07.951 I/        (  206): [eARC] [Info] [mtk_earc_get_input_source_num,278]INPUT_SOURCE_DVI2 = (255)
12-31 19:00:07.951 E/        (  206): [EARC] [mtk_earc_parse_dts_srccap_port_map,623] return is 255
12-31 19:00:07.951 I/        (  206): [eARC] [Info] [mtk_earc_read_dts_string,247]source = (INPUT_SOURCE_DVI3)
12-31 19:00:07.951 I/        (  206): [eARC] [Info] [mtk_earc_get_input_source_num,278]INPUT_SOURCE_DVI3 = (255)
12-31 19:00:07.951 E/        (  206): [EARC] [mtk_earc_parse_dts_srccap_port_map,623] return is 255
12-31 19:00:07.951 I/        (  206): [eARC] [Info] [mtk_earc_read_dts_string,247]source = (INPUT_SOURCE_DVI4)
12-31 19:00:07.951 I/        (  206): [eARC] [Info] [mtk_earc_get_input_source_num,278]INPUT_SOURCE_DVI4 = (255)
12-31 19:00:07.951 E/        (  206): [EARC] [mtk_earc_parse_dts_srccap_port_map,623] return is 255
12-31 19:00:07.953 I/        (  206): mtk_earc mtk_earc: [eARC]device registered as /dev/video21
12-31 19:00:07.953 I/        (  206): [eARC] [Info] [earc_probe,1625]eARC device has been registered as /dev/video21
12-31 19:00:07.953 I/        (  206): [eARC] [Info] [mtk_earc_set_parent_clock,165]clk_name = hdmirx_earc_debounce_int_ck
12-31 19:00:07.953 I/        (  206): [eARC] [Info] [mtk_earc_set_parent_clock,165]clk_name = hdmirx_earc_cm_int_ck
12-31 19:00:07.953 I/        (  206): [eARC] [Info] [mtk_earc_SetClockSource,771]hdmirx_earc_dm_prbs_int_ck
12-31 19:00:07.953 I/        (  206): [eARC] [Info] [mtk_earc_SetClockSource,779]hdmirx_earc_cm_int_ck
12-31 19:00:07.953 I/        (  206): [eARC] [Info] [mtk_earc_SetClockSource,787]earc_earc_audio_int_ck
12-31 19:00:07.953 I/        (  206): [eARC] [Info] [Hal_EARC_TX_SetSupportMode,195]Set SUPPORT_ARC Mode
12-31 19:00:07.953 I/        (  206): [eARC] [Info] [_mdrv_EARC_CreateTask,622]Create Thread OK
12-31 19:00:07.953 I/        (  206): [eARC] [Info] [mdrv_EARC_Init,1021]Initial Setting Done
12-31 19:00:07.953 I/        (  496): [eARC] [Info] [_mdrv_EARC_PollingTask,552]eARC Connect State: TX IDLE2(ARC_MODE)
12-31 19:00:07.953 I/        (  206): [eARC] [Info] [hal_hwreg_earc_OutputPortSelect,272]OutputPortSelect on port 2, 5VInvert = 1, HPDInvert = 1
12-31 19:00:07.953 I/        (  206): [eARC] [Info] [Hal_EARC_TX_SetArcPin,228]Set ArcPin = 0
12-31 19:00:07.953 I/        (  206): [eARC] [Info] [mdrv_EARC_Set_HDMI_Port_Map,846]pEarcRes->map[0].ui_port = 1, hw_port = 0
12-31 19:00:07.953 I/        (  206): [eARC] [Info] [mdrv_EARC_Set_HDMI_Port_Map,846]pEarcRes->map[1].ui_port = 2, hw_port = 1
12-31 19:00:07.953 I/        (  206): [eARC] [Info] [mdrv_EARC_Set_HDMI_Port_Map,846]pEarcRes->map[2].ui_port = 3, hw_port = 2
12-31 19:00:07.953 I/        (  206): [eARC] [Info] [mdrv_EARC_Set_HDMI_Port_Map,846]pEarcRes->map[3].ui_port = 4, hw_port = 3
12-31 19:00:07.953 I/        (  206): [eARC] [Info] [earc_probe,1647]Disable ARC pin. eARC probe successful
12-31 19:00:07.953 E/snd-machine mtk-sound-machine(  484): ASoC: failed to init link I2S0: -517
12-31 19:00:07.953 E/snd-machine mtk-sound-machine(  484): [ALSA EVB]register card fail -517
12-31 19:00:07.996 E/snd-machine mtk-sound-machine(  484): ASoC: failed to init link I2S0: -517
12-31 19:00:07.996 E/snd-machine mtk-sound-machine(  484): [ALSA EVB]register card fail -517
12-31 19:00:07.999 W/        (  497): [mtk-light] iio_read_channel_scale fail
12-31 19:00:07.999 I/        (  497): min = 0, max = 511
12-31 19:00:08.000 E/snd-machine mtk-sound-machine(  484): ASoC: failed to init link I2S0: -517
12-31 19:00:08.000 E/snd-machine mtk-sound-machine(  484): [ALSA EVB]register card fail -517
12-31 19:00:08.010 W/        (  206): sony_damp_init start
12-31 19:00:08.011 W/        (  206): sony_damp_init end
12-31 19:00:08.059 I/        (  500): Tuxera NTFS driver 3021.4.23.18 [Flags: R/W MODULE].
12-31 19:00:08.059 I/        (  500): Built against headers 5.4.219-g2f832c3def56-dirty #1 SMP PREEMPT Fri Jan 13 05:18:05 UTC 2023 aarch64
12-31 19:00:08.059 I/        (  500): Running on kernel 5.4.225-gd1017346b84c-dirty #1 SMP PREEMPT Wed Mar 15 10:27:58 UTC 2023 aarch64
12-31 19:00:08.106 I/        (  501): Tuxera exFAT driver version 3021.3.22.15 [Flags: R/W MODULE].
12-31 19:00:08.106 I/        (  501): Built against headers 5.4.219-g2f832c3def56-dirty #1 SMP PREEMPT Fri Jan 13 05:18:05 UTC 2023 aarch64
12-31 19:00:08.106 I/        (  501): Running on kernel 5.4.225-gd1017346b84c-dirty #1 SMP PREEMPT Wed Mar 15 10:27:58 UTC 2023 aarch64
12-31 19:00:08.111 E/panel-sony odm(  206): sony_panel: [Panel Driver] Failed to get node info: panel_id [-22], use default pid
12-31 19:00:08.111 E/panel-sony odm(  206): sony_panel: [Panel Driver] Failed to get node info: inch_size [-22]
12-31 19:00:08.240 I/        (  206): [CPUIF][READY][ext_command_send,  576]Add ready callback category_id = 129 command_id = 10
12-31 19:00:08.240 I/panel-sony odm(  206): sony_panel: [Sony Panel] Panel driver is probed successfully.
12-31 19:00:08.240 E/snd-machine mtk-sound-machine(  131): ASoC: failed to init link I2S0: -517
12-31 19:00:08.240 E/snd-machine mtk-sound-machine(  131): [ALSA EVB]register card fail -517
03-17 02:40:53.294 D/MtpDeviceJNI(  404): register_android_mtp_MtpDevice
03-17 02:40:53.328 I/zygote  (  404): Thread[1,tid=404,Native,Thread*=0xead63e00,peer=0x13000078,"main"] recursive attempt to load library "librtp_jni.so"
03-17 02:40:53.417 W/Zygote  (  404): Class not found for preloading: android.view.SurfaceView$2
12-31 19:00:08.868 I/        (  206): [CPUIF][READY][ext_command_send,  576]Add ready callback category_id = 129 command_id = 10
12-31 19:00:08.868 I/backlight-sony odm(  206): sony_backlight: [Backlight Driver] Backlight driver is probed successfully.
12-31 19:00:08.868 E/snd-machine mtk-sound-machine(  131): ASoC: failed to init link I2S0: -517
12-31 19:00:08.868 E/snd-machine mtk-sound-machine(  131): [ALSA EVB]register card fail -517
03-17 02:40:53.924 I/Zygote  (  404): ...preloaded 13903 classes in 1236ms.
03-17 02:40:53.925 D/Zygote32Timing(  404): PreloadClasses took to complete: 1236ms
03-17 02:40:53.929 D/nativeloader(  404): Configuring classloader-namespace-shared for other apk /system/framework/android.hidl.base-V1.0-java.jar. target_sdk_version=31, uses_libraries=, library_path=, permitted_path=/data:/mnt/expand
03-17 02:40:53.930 D/ApplicationLoaders(  404): Created zygote-cached class loader: /system/framework/android.hidl.base-V1.0-java.jar
03-17 02:40:53.933 D/nativeloader(  404): Configuring classloader-namespace-shared for other apk /system/framework/android.hidl.manager-V1.0-java.jar. target_sdk_version=31, uses_libraries=, library_path=, permitted_path=/data:/mnt/expand
03-17 02:40:53.934 D/ApplicationLoaders(  404): Created zygote-cached class loader: /system/framework/android.hidl.manager-V1.0-java.jar
03-17 02:40:53.937 D/nativeloader(  404): Configuring classloader-namespace-shared for other apk /system/framework/android.test.base.jar. target_sdk_version=31, uses_libraries=, library_path=, permitted_path=/data:/mnt/expand
03-17 02:40:53.937 D/ApplicationLoaders(  404): Created zygote-cached class loader: /system/framework/android.test.base.jar
03-17 02:40:53.937 D/Zygote32Timing(  404): CacheNonBootClasspathClassLoaders took to complete: 13ms
03-17 02:40:53.937 I/Zygote  (  404): Preloading resources...
12-31 19:00:08.910 I/        (  505): [sony_disp_ext][display_extension_probe] Probe
12-31 19:00:08.913 I/[sony_disp_ext][init_be_power] BE_P_ON_#1(  505): 217
12-31 19:00:08.914 I/[sony_disp_ext][init_be_power] BE_P_ON_#2(  505): 218
12-31 19:00:08.915 I/[sony_disp_ext][init_be_power] X_BE_RST(  505): 203
12-31 19:00:08.916 I/[sony_disp_ext][init_be_power] BOOTUP_NOTE(  505): 294
03-17 02:40:53.959 W/Resources(  404): Preloaded drawable resource #0x1080285 (android:drawable/dialog_background_material) that varies with configuration!!
12-31 19:00:08.917 I/[sony_disp_ext][init_be_power] 4KBE_VB1_REQ(  505): 202
12-31 19:00:08.928 E/snd-machine mtk-sound-machine(  409): ASoC: failed to init link I2S0: -517
12-31 19:00:08.929 E/snd-machine mtk-sound-machine(  409): [ALSA EVB]register card fail -517
03-17 02:40:53.978 I/Zygote  (  404): ...preloaded 64 resources in 40ms.
12-31 19:00:08.937 E/        (  507): pqu_ambient_light_sensor_get_illuminance() Fail
12-31 19:00:08.937 E/        (  507): pqu_ambient_light_sensor_get_error_information() Fail
12-31 19:00:08.937 E/snd-machine mtk-sound-machine(  130): ASoC: failed to init link I2S0: -517
12-31 19:00:08.937 E/snd-machine mtk-sound-machine(  130): [ALSA EVB]register card fail -517
03-17 02:40:53.985 I/Zygote  (  404): ...preloaded 41 resources in 8ms.
03-17 02:40:53.986 D/Zygote32Timing(  404): PreloadResources took to complete: 48ms
12-31 19:00:08.940 E/snd-machine mtk-sound-machine(  130): ASoC: failed to init link I2S0: -517
12-31 19:00:08.940 E/snd-machine mtk-sound-machine(  130): [ALSA EVB]register card fail -517
12-31 19:00:08.946 I/cxd_tnr (  206): [cxd_tnr_probe][896] cxd_tnr_probe | release date = 2022.03.23
12-31 19:00:08.946 I/cxd_tnr (  206): :---------------------- --------------------- -------------------
12-31 19:00:08.946 I/cxd_tnr (  206): :---------------------- Device Tree Settings  -------------------
12-31 19:00:08.946 I/cxd_tnr (  206): :---------------------- --------------------- -------------------
12-31 19:00:08.946 I/cxd_tnr (  206): :                      | unique_id            | 0x6056
12-31 19:00:08.946 I/cxd_tnr (  206): :                      | i2c_slave_id         | 0xC0
12-31 19:00:08.946 I/cxd_tnr (  206): :                      | agc1_delivery_sys    | (undefined)
12-31 19:00:08.947 I/cxd_tnr (  206): :                      | fm_trap_analog_uhf   | 0
12-31 19:00:08.947 I/cxd_tnr (  206): :                      | fm_trap_analog_vhf_h | 1
12-31 19:00:08.947 I/cxd_tnr (  206): :                      | fm_trap_analog_vhf_l | 1
12-31 19:00:08.947 I/cxd_tnr (  206): :                      | fm_trap_digital_uhf  | 1
12-31 19:00:08.947 I/cxd_tnr (  206): :                      | fm_trap_digital_vhf_h| 1
12-31 19:00:08.947 I/cxd_tnr (  206): :                      | fm_trap_digital_vhf_l| 1
12-31 19:00:08.947 I/cxd_tnr (  206): :                      | rssi_group_num       | 3
12-31 19:00:08.947 I/cxd_tnr (  206): :                      | rssi (0)             | 3
12-31 19:00:08.947 I/cxd_tnr (  206): :                      | delsys (0)           | SYS_ANALOG(19)
12-31 19:00:08.947 I/cxd_tnr (  206): :                      | tuner (0)            | Ascot4
12-31 19:00:08.947 I/cxd_tnr (  206): :                      | lna (0)              | (undefined)
12-31 19:00:08.947 I/cxd_tnr (  206): :                      | antsw (0)              | (undefined)
12-31 19:00:08.947 I/cxd_tnr (  206): :                      | rssi (1)             | 7
12-31 19:00:08.947 I/cxd_tnr (  206): :                      | delsys (1)           | SYS_DTMB(13)
12-31 19:00:08.947 I/cxd_tnr (  206): :                      | tuner (1)            | Ascot4
12-31 19:00:08.947 I/cxd_tnr (  206): :                      | lna (1)              | (undefined)
12-31 19:00:08.947 I/cxd_tnr (  206): :                      | antsw (1)              | (undefined)
12-31 19:00:08.947 I/cxd_tnr (  206): :                      | rssi (2)             | 17
12-31 19:00:08.947 I/cxd_tnr (  206): :                      | delsys (2)           | SYS_DVBC_ANNEX_A(1)
12-31 19:00:08.947 I/cxd_tnr (  206): :                      | tuner (2)            | Ascot4
12-31 19:00:08.947 I/cxd_tnr (  206): :                      | lna (2)              | (undefined)
12-31 19:00:08.947 I/cxd_tnr (  206): :                      | antsw (2)              | (undefined)
12-31 19:00:08.947 I/cxd_tnr (  206): :---------------------- --------------------- -------------------
12-31 19:00:08.947 I/mtk_cfm (  206): [cfm_register_tuner_device][1800]
12-31 19:00:08.947 I/mtk_cfm (  206): [cfm_register_tuner_device][1820]tuner register to cfm successfully, fe[0], tuner[0], unique id[0x6056]
12-31 19:00:08.947 I/mediatek,dvb-adapter mtk-dvb-adapter(  206): DVB: registering adapter 0 frontend 0 (common frontend manager)...
12-31 19:00:08.947 I/mtk-dvb-adap(  206): [_mdev_entity_notify][802]add new entity(common frontend manager , 177)
12-31 19:00:08.947 I/dvbdev  (  206): dvb_create_media_entity: media entity 'common frontend manager' registered.
12-31 19:00:08.947 I/mtk_cfm (  206): [cfm_register_tuner_device][1847]cfm register frontend[0] to dvbcore
12-31 19:00:08.947 E/snd-machine mtk-sound-machine(  131): ASoC: failed to init link I2S0: -517
12-31 19:00:08.947 E/snd-machine mtk-sound-machine(  131): [ALSA EVB]register card fail -517
12-31 19:00:08.947 E/i2c-mt5896 1c060a00.PM_I2C_1(  206): only write 0 byte(s) expect 1
12-31 19:00:08.947 E/i2c-mt5896 1c060a00.PM_I2C_1(  206): msg 0: chip=0xC2, len=1, buf 0000000018cff8aa, va 0000000000000000, pa_relloc 0 ret=-121
12-31 19:00:08.947 E/cxd_tnr (  206): [cxd_tnr_probe][881] i2c no ack. slave_addr = 0x61
12-31 19:00:08.947 W/cxd_tnr (  206): probe of 5-0061 failed with error -22
12-31 19:00:08.948 E/i2c-mt5896 1c060a00.PM_I2C_1(  206): only write 0 byte(s) expect 1
12-31 19:00:08.948 E/i2c-mt5896 1c060a00.PM_I2C_1(  206): msg 0: chip=0xC4, len=1, buf 0000000018cff8aa, va 0000000000000000, pa_relloc 0 ret=-121
12-31 19:00:08.948 E/cxd_tnr (  206): [cxd_tnr_probe][881] i2c no ack. slave_addr = 0x62
12-31 19:00:08.948 W/cxd_tnr (  206): probe of 5-0062 failed with error -22
12-31 19:00:08.949 E/i2c-mt5896 1c060a00.PM_I2C_1(  206): only read 0 byte(s) expect 1
12-31 19:00:08.949 E/i2c-mt5896 1c060a00.PM_I2C_1(  206): msg 0: chip=0xC6, len=1, buf 0000000018cff8aa, va 0000000000000000, pa_relloc 0 ret=-121
12-31 19:00:08.949 E/cxd_tnr (  206): [cxd_tnr_probe][888] i2c no ack. slave_addr = 0x63
12-31 19:00:08.949 W/cxd_tnr (  206): probe of 5-0063 failed with error -22
12-31 19:00:08.963 I/cxd_dmd (  206): [cxd_dmd_probe][1303] cxd_dmd_probe | release date = 2022.08.10
12-31 19:00:08.963 I/cxd_dmd (  206): [cxd_dmd_reset_init][563]
12-31 19:00:08.963 I/cxd_dmd (  206): [cxd_dmd_reset_init][574] gpio_base_addr=0x1c023001
12-31 19:00:08.963 I/cxd_dmd (  206): [cxd_dmd_reset_init][583] gpio_base_size=0x1
12-31 19:00:08.963 I/cxd_dmd (  206): [cxd_dmd_reset_init][592] gpio_mask=0x8
12-31 19:00:08.963 I/cxd_dmd (  206): [cxd_dmd_reset_init][601] gpio_dmd_reset_enable=0x0
12-31 19:00:08.963 I/cxd_dmd (  206): [cxd_dmd_reset_init][610] gpio_dmd_reset_disable=0x8
12-31 19:00:08.963 I/cxd_dmd (  206): [cxd_dmd_reset_init][623] ioremap is 0x00000000138d29fb
12-31 19:00:08.963 I/cxd_dmd (  206): [cxd_dmd_rst_ctrl][501] enable_rst= 0
12-31 19:00:08.964 E/i2c-mt5896 1c060a00.PM_I2C_1(  206): only write 0 byte(s) expect 1
12-31 19:00:08.964 E/i2c-mt5896 1c060a00.PM_I2C_1(  206): msg 0: chip=0xDC, len=1, buf 00000000b57d7995, va 0000000000000000, pa_relloc 0 ret=-121
12-31 19:00:08.964 I/cxd_dmd (  206): [cxd_dmd_probe][1322] i2c no ack. slave_addr = 0x6e
12-31 19:00:08.964 W/cxd_dmd (  206): probe of 5-006e failed with error -22
12-31 19:00:08.964 I/cxd_dmd (  206): [cxd_dmd_probe][1303] cxd_dmd_probe | release date = 2022.08.10
12-31 19:00:08.964 I/cxd_dmd (  206): [cxd_dmd_reset_init][563]
12-31 19:00:08.964 I/cxd_dmd (  206): [cxd_dmd_reset_init][574] gpio_base_addr=0x1c023001
12-31 19:00:08.964 I/cxd_dmd (  206): [cxd_dmd_reset_init][583] gpio_base_size=0x1
12-31 19:00:08.964 I/cxd_dmd (  206): [cxd_dmd_reset_init][592] gpio_mask=0x8
12-31 19:00:08.964 I/cxd_dmd (  206): [cxd_dmd_reset_init][601] gpio_dmd_reset_enable=0x0
12-31 19:00:08.964 I/cxd_dmd (  206): [cxd_dmd_reset_init][610] gpio_dmd_reset_disable=0x8
12-31 19:00:08.964 I/cxd_dmd (  206): [cxd_dmd_reset_init][623] ioremap is 0x000000000fb3cff3
12-31 19:00:08.964 I/cxd_dmd (  206): [cxd_dmd_rst_ctrl][501] enable_rst= 0
12-31 19:00:08.964 E/i2c-mt5896 1c060a00.PM_I2C_1(  206): only write 0 byte(s) expect 1
12-31 19:00:08.964 E/i2c-mt5896 1c060a00.PM_I2C_1(  206): msg 0: chip=0xDE, len=1, buf 00000000b57d7995, va 0000000000000000, pa_relloc 0 ret=-121
12-31 19:00:08.964 I/cxd_dmd (  206): [cxd_dmd_probe][1322] i2c no ack. slave_addr = 0x6f
12-31 19:00:08.964 W/cxd_dmd (  206): probe of 5-006f failed with error -22
12-31 19:00:08.964 I/cxd_dmd (  206): [cxd_dmd_probe][1303] cxd_dmd_probe | release date = 2022.08.10
12-31 19:00:08.964 I/cxd_dmd (  206): [cxd_dmd_reset_init][563]
12-31 19:00:08.964 I/cxd_dmd (  206): [cxd_dmd_reset_init][574] gpio_base_addr=0x1c023001
12-31 19:00:08.964 I/cxd_dmd (  206): [cxd_dmd_reset_init][583] gpio_base_size=0x1
12-31 19:00:08.964 I/cxd_dmd (  206): [cxd_dmd_reset_init][592] gpio_mask=0x8
12-31 19:00:08.964 I/cxd_dmd (  206): [cxd_dmd_reset_init][601] gpio_dmd_reset_enable=0x0
12-31 19:00:08.964 I/cxd_dmd (  206): [cxd_dmd_reset_init][610] gpio_dmd_reset_disable=0x8
12-31 19:00:08.964 I/cxd_dmd (  206): [cxd_dmd_reset_init][623] ioremap is 0x000000002eee4546
12-31 19:00:08.964 I/cxd_dmd (  206): [cxd_dmd_rst_ctrl][501] enable_rst= 0
12-31 19:00:08.964 E/i2c-mt5896 1c060a00.PM_I2C_1(  206): only write 0 byte(s) expect 1
12-31 19:00:08.964 E/i2c-mt5896 1c060a00.PM_I2C_1(  206): msg 0: chip=0xCC, len=1, buf 00000000b57d7995, va 0000000000000000, pa_relloc 0 ret=-121
12-31 19:00:08.964 I/cxd_dmd (  206): [cxd_dmd_probe][1322] i2c no ack. slave_addr = 0x66
12-31 19:00:08.964 W/cxd_dmd (  206): probe of 5-0066 failed with error -22
12-31 19:00:08.972 E/snd-machine mtk-sound-machine(  130): ASoC: failed to init link I2S0: -517
12-31 19:00:08.972 E/snd-machine mtk-sound-machine(  130): [ALSA EVB]register card fail -517
12-31 19:00:08.974 I/[SonyCameraDrv](  206): sony_m6_camera_probe: start
12-31 19:00:08.974 I/[SonyCameraDrv](  206): sony_m6_camera_probe: ept-name=sony-camera-ept
12-31 19:00:08.974 I/[SonyCameraDrv](  206): sony_camera_rpmsg_probe: start
12-31 19:00:08.974 I/[SonyCameraDrv](  206): sony_camera_rpmsg_probe(189): [0]camera_cmd = 0
12-31 19:00:08.974 I/[SonyCameraDrv](  206): sony_camera_rpmsg_probe(189): [1]camera_cmd = 0
12-31 19:00:08.975 I/[SonyCameraDrv](  134): msg size:2 cmd=2
12-31 19:00:08.975 I/[SonyCameraDrv](  206): sony_camera_rpmsg_probe: end
12-31 19:00:08.975 E/snd-machine mtk-sound-machine(  130): ASoC: failed to init link I2S0: -517
12-31 19:00:08.975 E/snd-machine mtk-sound-machine(  130): [ALSA EVB]register card fail -517
12-31 19:00:08.975 I/[SonyCameraDrv](  206): sony_m6_camera_probe: end
12-31 19:00:08.975 E/snd-machine mtk-sound-machine(  130): ASoC: failed to init link I2S0: -517
12-31 19:00:08.975 E/snd-machine mtk-sound-machine(  130): [ALSA EVB]register card fail -517
03-17 02:40:54.040 I/HidlServiceManagement(  510): Registered android.hidl.allocator@1.0::IAllocator/ashmem
03-17 02:40:54.041 I/HidlServiceManagement(  510): Removing namespace from process name android.hidl.allocator@1.0-service to allocator@1.0-service.
03-17 02:40:54.152 I/HidlServiceManagement(  512): Registered android.hardware.bluetooth@1.0::IBluetoothHci/default
03-17 02:40:54.154 D/MstGateKeeper(  521): MStar Gatekeeper initialize done
03-17 02:40:54.157 I/HidlServiceManagement(  512): Removing namespace from process name android.hardware.bluetooth@1.0-service to bluetooth@1.0-service.
03-17 02:40:54.157 I/LegacySupport(  512): Registration complete for android.hardware.bluetooth@1.0::IBluetoothHci/default.
03-17 02:40:54.188 I/HidlServiceManagement(  521): Registered android.hardware.gatekeeper@1.0::IGatekeeper/default
03-17 02:40:54.188 I/HidlServiceManagement(  521): Removing namespace from process name android.hardware.gatekeeper@1.0-service to gatekeeper@1.0-service.
03-17 02:40:54.188 I/LegacySupport(  521): Registration complete for android.hardware.gatekeeper@1.0::IGatekeeper/default.
03-17 02:40:54.189 I/hwservicemanager(  232): Since vendor.sony.hardware.led@1.0::ILed/default is not registered, trying to start it as a lazy HAL.
03-17 02:40:54.191 I/earc_hal(  511): checkEarcDeviceNode open /dev/video0 find the vim2m
03-17 02:40:54.192 I/earc_hal(  511): checkEarcDeviceNode open /dev/video1 find the mtk-dip
03-17 02:40:54.193 I/earc_hal(  511): checkEarcDeviceNode open /dev/video2 find the mtk-vcodec-dec
03-17 02:40:54.193 I/earc_hal(  511): checkEarcDeviceNode open /dev/video3 find the mtk-vcodec-enc
03-17 02:40:54.193 I/earc_hal(  511): checkEarcDeviceNode open /dev/video4 find the mtk-jpd
12-31 19:00:09.149 I/        (  511): [VDEC][511]register decoder 19 SHVC size 0x6560
12-31 19:00:09.149 I/        (  511): [VDEC][511]register decoder 14 H265 size 0x6560
12-31 19:00:09.149 I/        (  511): [VDEC][511]register decoder 20 AV1 size 0xecd0
12-31 19:00:09.149 I/        (  511): [VDEC][511]register decoder 15 VP9 size 0x10720
12-31 19:00:09.149 I/        (  511): [VDEC][511]register decoder 18 AVS2 size 0x1d80
12-31 19:00:09.149 I/        (  511): [VDEC][511]register decoder 0 MPEG2 size 0x3c60
12-31 19:00:09.149 I/        (  511): [VDEC][511]register decoder 2 H264 size 0xad88
12-31 19:00:09.149 I/        (  511): [VDEC][511]register decoder 3 VC1 size 0x5eb0
12-31 19:00:09.149 I/        (  511): [VDEC][511]register decoder 4 WMV size 0x5eb0
12-31 19:00:09.149 I/        (  511): [VDEC][511]register decoder 1 MPEG4 size 0x1898
12-31 19:00:09.149 I/        (  511): [VDEC][511]register decoder 9 VP8 size 0x1410
12-31 19:00:09.149 I/        (  511): [VDEC][511]rv is not support in this ic
12-31 19:00:09.149 I/        (  511): [VDEC][511]register decoder 7 AVS size 0x1a40
12-31 19:00:09.149 I/        (  511): [VDEC][511]register decoder 21 H266 size 0x7a9000
12-31 19:00:09.149 I/        (  511): [VDEC][511]register decoder 22 AVS3 size 0x54b0
12-31 19:00:09.149 I/        (  511): [K][EFUSE]{mtk_efuse_check_IP,674} Unknown efuse_ID(0x476) => support=1
12-31 19:00:09.149 I/        (  511): [MTK_V4L2] level=0 fops_vcodec_open(),112: decoder capability 0
12-31 19:00:09.149 I/        (  511): [MTK_V4L2] level=0 fops_vcodec_open(),118: mtk-vcodec-dec decoder [0]
12-31 19:00:09.149 I/        (  511): [MTK_V4L2] level=0 fops_vcodec_release(),143: [0] decoder
12-31 19:00:09.150 E/[MTK_V4L2][ERROR] vidioc_venc_s_ctrl(  511): 473: ctrl-id=10029718 not support!
12-31 19:00:09.150 I/        (  511): [MTK_V4L2] level=0 venc_if_get_param(),94: venc_if_get_param init drv_handle = 0xffffff8184fe0900
12-31 19:00:09.150 I/        (  511): [MTK_V4L2] level=0 fops_vcodec_open(),125: mtk-vcodec-enc encoder [0]
12-31 19:00:09.150 I/        (  511): [MTK_V4L2] level=0 fops_vcodec_release(),152: [0] encoder
12-31 19:00:09.150 I/        (  511): [HWREG][mdbgin_avd][Api_AVD_Init:78]Init first, after use AVD API.
12-31 19:00:09.150 I/        (  511): [HWREG][mdbgin_avd][hal_hwreg_srccap_avd_avd_RegInit:6370]Register Init.
03-17 02:40:54.195 I/hwservicemanager(  232): Since vendor.sony.hardware.led@1.0::ILed/default is not registered, trying to start it as a lazy HAL.
03-17 02:40:54.203 I/servicemanager(  231): Found vendor.mediatek.hardware.mtk_hw_sys.IQhbControl/default in device VINTF manifest.
03-17 02:40:54.205 D/PlayReadyHidlService(  519): android.hardware.drm@1.4-service.playready starting...
03-17 02:40:54.207 D/NetflixDrmHidlService(  518): android.hardware.drm@1.4-service.netflixdrm starting...
03-17 02:40:54.216 I/servicemanager(  231): Found android.hardware.memtrack.IMemtrack/default in device VINTF manifest.
03-17 02:40:54.218 I/servicemanager(  231): Found android.hardware.power.IPower/default in device VINTF manifest.
12-31 19:00:09.177 W/healthd (  523): No battery devices found
03-17 02:40:54.219 I/android.hardware.health@2.1-service.mediatek(  523): UpdateHealthInfomtk healthd_board_init
03-17 02:40:54.226 I/android.hardware.health@2.1-service.mediatek(  523): default instance initializing with healthd_config...
03-17 02:40:54.227 I/HidlServiceManagement(  524): getService: Trying again for vendor.sony.hardware.led@1.0::ILed/default...
03-17 02:40:54.228 I/HidlServiceManagement(  513): Registered android.hardware.cas@1.2::IMediaCasService/default
03-17 02:40:54.228 I/HidlServiceManagement(  513): Removing namespace from process name android.hardware.cas@1.2-service to cas@1.2-service.
03-17 02:40:54.229 I/HidlServiceManagement(  523): Registered android.hardware.health@2.1::IHealth/default
03-17 02:40:54.229 I/HidlServiceManagement(  515): Registered android.hardware.drm@1.4::IDrmFactory/clearkey
03-17 02:40:54.229 I/HidlServiceManagement(  515): Removing namespace from process name android.hardware.drm@1.4-service.clearkey to drm@1.4-service.clearkey.
03-17 02:40:54.229 I/HidlServiceManagement(  523): Removing namespace from process name android.hardware.health@2.1-service.mediatek to health@2.1-service.mediatek.
03-17 02:40:54.229 I/android.hardware.health@2.1-service.mediatek(  523): default: Hal init done
03-17 02:40:54.230 I/android.hardware.health@2.1-service.mediatek(  523): [getStorageInfo] get_storage_info ok!
03-17 02:40:54.230 I/android.hardware.health@2.1-service.mediatek(  523): [getStorageInfo] version = emmc 5.1, eol = 1, lifetime_a = 1, lifetime_b = 1
