12-31 19:00:02.897 I/apexd   (  209): Found pre-installed APEX /system/apex/com.android.appsearch.apex
12-31 19:00:02.897 I/apexd   (  209): Found pre-installed APEX /system/apex/com.android.resolv.capex
12-31 19:00:02.899 I/apexd   (  209): Found pre-installed APEX /system/apex/com.android.scheduling.apex
12-31 19:00:02.900 I/apexd   (  209): Found pre-installed APEX /system/apex/com.android.neuralnetworks.capex
12-31 19:00:02.933 I/EXT4-fs (loop0)(  216): mounted filesystem without journal. Opts: (null)
12-31 19:00:02.933 I/EXT4-fs (loop1)(  217): mounted filesystem without journal. Opts: (null)
12-31 19:00:02.941 I/EXT4-fs (loop3)(  217): mounted filesystem without journal. Opts: (null)
12-31 19:00:02.942 I/EXT4-fs (loop2)(  216): mounted filesystem without journal. Opts: (null)
12-31 19:00:02.953 W/printk  (  209): apexd: 31 output lines suppressed due to ratelimiting
12-31 19:00:02.963 I/random  (  226): linkerconfig: uninitialized urandom read (40 bytes read)
12-31 19:00:02.995 I/random  (  227): boringssl_self_: uninitialized urandom read (40 bytes read)
12-31 19:00:03.009 I/random  (  227): boringssl_self_: uninitialized urandom read (40 bytes read)
12-31 19:00:03.142 I/        (    1): Registered swp emulation handler
12-31 19:00:03.162 I/mtk16550 1c646100.UART0(    1): set termios with remain 0.
12-31 19:00:03.162 I/mtk16550 1c646100.UART0(    1): UART IER before set termios 0x0 (uport->ier 0x5)
12-31 19:00:03.162 I/mtk16550 1c646100.UART0(    1): UART IER after set termios 0x5 (uport->ier 0x5)
12-31 19:00:03.179 I/logd.auditd(  229): start
12-31 19:00:03.226 I/hwservicemanager(  232): getDeviceHalManifest: Successfully processed VINTF information
12-31 19:00:03.226 I/hwservicemanager(  232): getFrameworkHalManifest: Successfully processed VINTF information
12-31 19:00:03.228 I/hwservicemanager(  232): hwservicemanager is ready now.
12-31 19:00:03.234 I/EXT4-fs (mmcblk0p37)(    1): mounted filesystem with ordered data mode. Opts:
12-31 19:00:03.238 I/EXT4-fs (mmcblk0p6)(    1): mounted filesystem with ordered data mode. Opts:
12-31 19:00:03.242 I/EXT4-fs (mmcblk0p5)(    1): mounted filesystem with ordered data mode. Opts:
12-31 19:00:03.246 I/EXT4-fs (mmcblk0p7)(    1): mounted filesystem with ordered data mode. Opts:
--------- beginning of system
12-31 19:00:03.268 I/vold    (  241): Vold 3.0-tuxera (the awakening) firing up
12-31 19:00:03.268 D/vold    (  241): Detected support for: ext4 f2fs vfat
12-31 19:00:03.273 D/vold    (  241): Found unmanaged dm device named bootdata-verity
12-31 19:00:03.273 D/vold    (  241): Found unmanaged dm device named oem-verity
12-31 19:00:03.273 D/vold    (  241): Found unmanaged dm device named system_ext_a
12-31 19:00:03.273 D/vold    (  241): Found unmanaged dm device named vendor_dlkm-verity
12-31 19:00:03.273 D/vold    (  241): Found unmanaged dm device named system_a
12-31 19:00:03.273 D/vold    (  241): Found unmanaged dm device named vendor-verity
12-31 19:00:03.273 D/vold    (  241): Found unmanaged dm device named vendor_dlkm_a
12-31 19:00:03.273 D/vold    (  241): Found unmanaged dm device named vendor_a
12-31 19:00:03.273 D/vold    (  241): Found unmanaged dm device named system_ext-verity
12-31 19:00:03.273 D/vold    (  241): Found unmanaged dm device named product-verity
12-31 19:00:03.273 D/vold    (  241): Found unmanaged dm device named featuredata-verity
12-31 19:00:03.273 D/vold    (  241): Found unmanaged dm device named config-verity
12-31 19:00:03.273 D/vold    (  241): Found unmanaged dm device named system-verity
12-31 19:00:03.273 D/vold    (  241): Found unmanaged dm device named tvconfig-verity
12-31 19:00:03.273 D/vold    (  241): Found unmanaged dm device named product_a
12-31 19:00:03.273 D/vold    (  241): Found unmanaged loop device at /dev/block/loop3 named apex:
12-31 19:00:03.274 D/vold    (  241): Found unmanaged loop device at /dev/block/loop0 named apex:
12-31 19:00:03.274 D/vold    (  241): Found unmanaged loop device at /dev/block/loop2 named apex:
12-31 19:00:03.274 D/vold    (  241): Found unmanaged loop device at /dev/block/loop1 named apex:
12-31 19:00:03.276 D/vold    (  241): VoldNativeService::start() completed OK
12-31 19:00:03.321 I/        (  250): mtk tee init done, retry count:1
12-31 19:00:03.339 I/        (  254): vdc (254) used greatest stack depth: 11440 bytes left
12-31 19:00:03.396 I/HidlServiceManagement(  257): Registered android.system.suspend@1.0::ISystemSuspend/default
12-31 19:00:03.397 I/HidlServiceManagement(  257): Removing namespace from process name android.system.suspend@1.0-service to suspend@1.0-service.
12-31 19:00:03.428 I/fsverity_init(  266): LoadKeyFromFile path=/system/etc/security/fsverity/fsverity-release.x509.der keyname=fsv_system_0
12-31 19:00:03.444 I/HidlServiceManagement(  260): Registered android.hardware.boot@1.2::IBootControl/default
12-31 19:00:03.446 I/HidlServiceManagement(  260): Removing namespace from process name android.hardware.boot@1.2-service to boot@1.2-service.
12-31 19:00:03.446 I/LegacySupport(  260): Registration complete for android.hardware.boot@1.0::IBootControl/default.
12-31 19:00:03.454 I/servicemanager(  231): Since 'android.system.keystore2.IKeystoreService/default' could not be found, trying to start it as a lazy AIDL service
12-31 19:00:03.453 I/wait_for_keymaster(  267): Waiting for Keymaster device
12-31 19:00:03.456 I/HIDL_PRODUCT_CONFIG_MAIN(  265): ########## HIDL ProductConfig side: main() is called:
12-31 19:00:03.457 W/libc    (  231): Unable to set property "ctl.interface_start" to "aidl/android.system.keystore2.IKeystoreService/default": error code: 0x20
12-31 19:00:03.457 I/servicemanager(  231): Tried to start aidl service android.system.keystore2.IKeystoreService/default as a lazy service, but was unable to. Usually this happens when a service is not installed, but if the service is intended to be used as a lazy service, then it may be configured incorrectly.
12-31 19:00:03.459 I/HidlServiceManagement(  265): Registered vendor.sony.hardware.productConfig@1.0::IProductConfig/default
12-31 19:00:03.459 I/HidlServiceManagement(  265): Removing namespace from process name vendor.sony.hardware.productConfig@1.0-service to productConfig@1.0-service.
12-31 19:00:03.460 I/HidlServiceManagement(  265): Registered vendor.sony.hardware.productConfig@2.0::IProductConfigPrivilege/default
12-31 19:00:03.461 I/HidlServiceManagement(  265): Removing namespace from process name vendor.sony.hardware.productConfig@1.0-service to productConfig@1.0-service.
12-31 19:00:03.502 I/keystore2(  258): keystore2_main: Keystore2 is starting.
12-31 19:00:03.502 E/android.hardware.security.keymint-service.tee(  264): Adding service instance: android.hardware.security.keymint.IKeyMintDevice/default
12-31 19:00:03.503 I/servicemanager(  231): getDeviceHalManifest: Reading VINTF information.
12-31 19:00:03.508 I/keystore2(  258): keystore2_main: Starting thread pool now.
12-31 19:00:03.508 I/keystore2(  258): getDeviceHalManifest: Reading VINTF information.
12-31 19:00:03.518 I/servicemanager(  231): getDeviceHalManifest: Successfully processed VINTF information
12-31 19:00:03.518 I/servicemanager(  231): getFrameworkHalManifest: Reading VINTF information.
12-31 19:00:03.521 I/servicemanager(  231): getFrameworkHalManifest: Successfully processed VINTF information
12-31 19:00:03.521 I/servicemanager(  231): Found android.hardware.security.keymint.IKeyMintDevice/default in device VINTF manifest.
12-31 19:00:03.521 E/android.hardware.security.keymint-service.tee(  264): Adding service instance: android.hardware.security.secureclock.ISecureClock/default
12-31 19:00:03.521 I/servicemanager(  231): Found android.hardware.security.secureclock.ISecureClock/default in device VINTF manifest.
12-31 19:00:03.521 E/android.hardware.security.keymint-service.tee(  264): Adding service instance: android.hardware.security.sharedsecret.ISharedSecret/default
12-31 19:00:03.522 I/servicemanager(  231): Found android.hardware.security.sharedsecret.ISharedSecret/default in device VINTF manifest.
12-31 19:00:03.522 E/android.hardware.security.keymint-service.tee(  264): Adding service instance: android.hardware.security.keymint.IRemotelyProvisionedComponent/default
12-31 19:00:03.522 I/servicemanager(  231): Found android.hardware.security.keymint.IRemotelyProvisionedComponent/default in device VINTF manifest.
12-31 19:00:03.524 I/keystore2(  258): getDeviceHalManifest: Successfully processed VINTF information
12-31 19:00:03.526 I/keystore2(  258): keystore2::shared_secret_negotiation: Shared secret negotiation concluded successfully.
12-31 19:00:03.529 I/hwservicemanager(  232): getTransport: Cannot find entry android.hardware.keymaster@4.0::IKeymasterDevice/default in either framework or device VINTF manifest.
12-31 19:00:03.530 I/hwservicemanager(  232): getTransport: Cannot find entry android.hardware.keymaster@3.0::IKeymasterDevice/default in either framework or device VINTF manifest.
12-31 19:00:03.531 I/servicemanager(  231): Found android.system.keystore2.IKeystoreService/default in framework VINTF manifest.
12-31 19:00:03.534 I/keystore2(  258): keystore2_main: Successfully registered Keystore 2.0 service.
12-31 19:00:03.534 I/keystore2(  258): keystore2_main: Joining thread pool now.
12-31 19:00:04.455 I/BpBinder(  231): onLastStrongRef automatically unlinking death recipients: <uncached descriptor>
12-31 19:00:04.454 W/ServiceManager(  267): Waited one second for android.system.keystore2.IKeystoreService/default (is service started? are binder threads started and available?)
12-31 19:00:04.455 I/wait_for_keymaster(  267): Keymaster device ready
12-31 19:00:04.456 I/binder  (   18): undelivered transaction 134, process died.
12-31 19:00:04.461 I/random  (  275): vdc: uninitialized urandom read (40 bytes read)
12-31 19:00:04.468 I/random  (  275): vdc: uninitialized urandom read (40 bytes read)
12-31 19:00:04.470 I/Checkpoint(  241): Validating checkpoint on /dev/block/by-name/userdata
12-31 19:00:04.471 E/Checkpoint(  241): No magic
12-31 19:00:04.470 D/vdc     (  275): Waited 0ms for vold
12-31 19:00:04.471 E/vdc     (  275): Command: checkpoint restoreCheckpoint /dev/block/by-name/userdata Failed: Status(-8, EX_SERVICE_SPECIFIC): '22: No magic'
12-31 19:00:04.474 I/random  (  276): vdc: uninitialized urandom read (40 bytes read)
12-31 19:00:04.482 D/vdc     (  276): Waited 0ms for vold
12-31 19:00:04.497 D/vold    (  241): fscrypt_mount_metadata_encrypted: /data encrypt: 0 format: 0 with null
12-31 19:00:04.497 D/vold    (  241): metadata_key_dir/key: /metadata/vold/metadata_encryption/key
12-31 19:00:04.498 D/vold    (  241): Key exists, using: /metadata/vold/metadata_encryption/key
12-31 19:00:04.497 D/vdc     (  277): Waited 0ms for vold
12-31 19:00:04.501 I/SELinux (  258): SELinux: Loaded keystore2_key_contexts from:
12-31 19:00:04.501 I/SELinux (  258):     /system/etc/selinux/plat_keystore2_key_contexts
12-31 19:00:04.526 D/vold    (  241): Mounting metadata-encrypted filesystem:/data
12-31 19:00:04.527 I/vold    (  241): [libfs_mgr]superblock s_max_mnt_count:65535,/dev/block/dm-15
12-31 19:00:04.527 I/vold    (  241): [libfs_mgr]Filesystem on /dev/block/dm-15 was not cleanly shutdown; state flags: 0x1, incompat feature flags: 0x30046
12-31 19:00:04.529 W/EXT4-fs (dm-15)(  241): Ignoring removed nomblk_io_submit option
12-31 19:00:04.529 I/EXT4-fs (dm-15)(  241): Using encoding defined by superblock: utf8-12.1.0 with flags 0x0
12-31 19:00:04.567 I/vold    (  241): [libfs_mgr]check_fs(): mount(/dev/block/dm-15,/data,ext4)=0: Success
12-31 19:00:04.566 I/EXT4-fs (dm-15)(  241): recovery complete
12-31 19:00:04.567 I/EXT4-fs (dm-15)(  241): mounted filesystem with ordered data mode. Opts: errors=remount-ro,nomblk_io_submit
12-31 19:00:04.577 I/vold    (  241): [libfs_mgr]check_fs(): unmount(/data) succeeded
12-31 19:00:04.578 I/vold    (  241): [libfs_mgr]Running /system/bin/e2fsck on /dev/block/dm-15
12-31 19:00:04.595 I/e2fsck  (  241): e2fsck 1.45.4 (23-Sep-2019)
12-31 19:00:04.612 I/e2fsck  (  241): Pass 1: Checking inodes, blocks, and sizes
12-31 19:00:04.647 I/e2fsck  (  241): Pass 2: Checking directory structure
12-31 19:00:04.697 I/e2fsck  (  241): Pass 3: Checking directory connectivity
12-31 19:00:04.698 I/e2fsck  (  241): Pass 4: Checking reference counts
12-31 19:00:04.734 I/e2fsck  (  241): Pass 5: Checking group summary information
12-31 19:00:04.789 I/e2fsck  (  241): /dev/block/dm-15: 1978/812000 files (1.2% non-contiguous), 144954/3247104 blocks
12-31 19:00:04.794 I/vold    (  241): [libfs_mgr]superblock s_max_mnt_count:65535,/dev/block/dm-15
12-31 19:00:04.795 I/EXT4-fs (dm-15)(  241): Using encoding defined by superblock: utf8-12.1.0 with flags 0x0
12-31 19:00:04.798 I/vold    (  241): [libfs_mgr]__mount(source=/dev/block/dm-15,target=/data,type=ext4)=0: Success
12-31 19:00:04.798 D/vold    (  241): Mounted /data
12-31 19:00:04.798 D/vold    (  241): Disk at 254:15 changed
12-31 19:00:04.798 I/EXT4-fs (dm-15)(  241): mounted filesystem with ordered data mode. Opts:
12-31 19:00:04.838 I/Checkpoint(  241): cp_prepareCheckpoint called
12-31 19:00:04.881 I/vold    (  241): fscrypt_initialize_systemwide_keys
12-31 19:00:04.881 D/vold    (  241): Key exists, using: /data/unencrypted/key
12-31 19:00:04.881 D/vdc     (  295): Waited 0ms for vold
12-31 19:00:04.886 D/vold    (  241): Installed fscrypt key with ref 008ff8335e7bfc7d0e1822a6f1dcdbd0 to /data
12-31 19:00:04.886 D/vold    (  241): Added fscrypt-provisioning key for 008ff8335e7bfc7d0e1822a6f1dcdbd0 to session keyring
12-31 19:00:04.893 I/vold    (  241): Wrote system DE key reference to:/data/unencrypted/ref
12-31 19:00:04.893 D/vold    (  241): Generating standard storage key
12-31 19:00:04.893 D/vold    (  241): Installed fscrypt key with ref c70a99e90cd998438302f6c6aec9d120 to /data
12-31 19:00:04.894 D/vold    (  241): Added fscrypt-provisioning key for c70a99e90cd998438302f6c6aec9d120 to session keyring
12-31 19:00:04.897 I/vold    (  241): Wrote per boot key reference to:/data/unencrypted/per_boot_ref
12-31 19:00:04.900 I/fscrypt (    1): AES-256-CTS-CBC using implementation "cts-cbc-aes-ce"
12-31 19:00:04.902 I/fscrypt (    1): AES-256-XTS using implementation "xts-aes-ce"
12-31 19:00:04.950 I/tombstoned(  300): tombstoned successfully initialized
12-31 19:00:04.957 I/incfs   (  241): Initial API level of the device: 31
12-31 19:00:04.957 I/incfs   (  241): ro.incremental.enable: on
12-31 19:00:04.957 I/incfs   (  241): isFsAvailable: true
12-31 19:00:04.957 I/incfs   (  241): isFsAvailable: true
12-31 19:00:04.958 I/incfs   (  241): IncFs_Features: v2
12-31 19:00:04.959 I/keystore2(  258): keystore2::maintenance: In early_boot_ended.
12-31 19:00:04.967 I/keystore2(  258): keystore2::globals: Touching Keystore 2.0 database for this first time since boot.
12-31 19:00:04.967 I/keystore2(  258): keystore2::globals: Calling cleanup leftovers.
12-31 19:00:04.972 I/keystore2(  258): keystore2::super_key: Starting boot level watcher.
12-31 19:00:04.972 I/keystore2(  258): keystore2::super_key: Read keystore.boot_level value 30
12-31 19:00:04.972 I/keystore2(  258): keystore2::maintenance: Call to earlyBootEnded succeeded for security level TRUSTED_ENVIRONMENT.
12-31 19:00:04.972 I/keystore2(  258): keystore2::super_key: Read keystore.boot_level value 30
12-31 19:00:04.973 I/hwservicemanager(  232): getTransport: Cannot find entry android.hardware.keymaster@4.0::IKeymasterDevice/default in either framework or device VINTF manifest.
12-31 19:00:04.974 I/hwservicemanager(  232): getTransport: Cannot find entry android.hardware.keymaster@3.0::IKeymasterDevice/default in either framework or device VINTF manifest.
12-31 19:00:04.974 E/keystore2(  258): keystore2::maintenance: Call to earlyBootEnded failed for security level STRONGBOX: In call_with_watchdog: getting keymint device.
12-31 19:00:04.974 E/keystore2(  258): keystore2::error: In call_with_watchdog: getting keymint device
12-31 19:00:04.974 E/keystore2(  258): 
12-31 19:00:04.974 E/keystore2(  258): Caused by:
12-31 19:00:04.974 E/keystore2(  258):     0: In get_keymint_device.
12-31 19:00:04.974 E/keystore2(  258):     1: In connect_keymint: Trying to get Legacy wrapper.
12-31 19:00:04.974 E/keystore2(  258):     2: Error::Km(ErrorCode(-68))
12-31 19:00:04.974 E/vold    (  241): keystore2 Keystore earlyBootEnded returned service specific error: -68
12-31 19:00:04.998 I/apexd   (  304): Scanning /system/apex for pre-installed ApexFiles
12-31 19:00:04.999 I/apexd   (  304): Found pre-installed APEX /system/apex/com.android.os.statsd.apex
12-31 19:00:04.999 I/apexd   (  304): Found pre-installed APEX /system/apex/com.android.art.capex
12-31 19:00:04.999 I/apexd   (  304): Found pre-installed APEX /system/apex/com.android.appsearch.apex
12-31 19:00:05.000 I/apexd   (  304): Found pre-installed APEX /system/apex/com.android.resolv.capex
12-31 19:00:05.000 I/apexd   (  304): Found pre-installed APEX /system/apex/com.android.scheduling.apex
12-31 19:00:05.001 I/apexd   (  304): Found pre-installed APEX /system/apex/com.android.neuralnetworks.capex
12-31 19:00:05.001 I/apexd   (  304): Found pre-installed APEX /system/apex/com.android.sdkext.apex
12-31 19:00:05.001 I/apexd   (  304): Found pre-installed APEX /system/apex/com.android.extservices.gms.capex
12-31 19:00:05.002 I/apexd   (  304): Found pre-installed APEX /system/apex/com.android.adbd.capex
12-31 19:00:05.011 D/LibProductConfigInfo(  265): [getString:117] key:SW Sku value:CN
12-31 19:00:05.011 D/productConfig@1.0-service(  265): [getString:30] key:SW Sku outBuf:CN len:2
12-31 19:00:05.077 D/vold    (  241): Disk at 7:32 changed
12-31 19:00:05.079 D/vold    (  241): Disk at 7:40 changed
12-31 19:00:05.082 I/EXT4-fs (loop4)(  305): mounted filesystem without journal. Opts: (null)
12-31 19:00:05.084 D/vold    (  241): Disk at 7:48 changed
12-31 19:00:05.084 I/EXT4-fs (loop5)(  306): mounted filesystem without journal. Opts: (null)
12-31 19:00:05.087 D/vold    (  241): Disk at 7:56 changed
12-31 19:00:05.091 I/EXT4-fs (loop6)(  305): mounted filesystem without journal. Opts: (null)
12-31 19:00:05.091 I/EXT4-fs (loop7)(  306): mounted filesystem without journal. Opts: (null)
12-31 19:00:05.092 D/vold    (  241): Disk at 7:64 changed
12-31 19:00:05.094 D/vold    (  241): Disk at 7:72 changed
12-31 19:00:05.097 I/EXT4-fs (loop8)(  305): mounted filesystem without journal. Opts: (null)
12-31 19:00:05.098 D/vold    (  241): Disk at 7:80 changed
12-31 19:00:05.102 D/vold    (  241): Disk at 7:88 changed
12-31 19:00:05.100 I/EXT4-fs (loop9)(  306): mounted filesystem without journal. Opts: (null)
12-31 19:00:05.102 I/EXT4-fs (loop10)(  305): mounted filesystem without journal. Opts: (null)
12-31 19:00:05.105 D/vold    (  241): Disk at 7:96 changed
12-31 19:00:05.110 D/vold    (  241): Disk at 7:104 changed
12-31 19:00:05.108 I/EXT4-fs (loop11)(  306): mounted filesystem without journal. Opts: (null)
12-31 19:00:05.111 I/EXT4-fs (loop12)(  305): mounted filesystem without journal. Opts: (null)
12-31 19:00:05.112 D/vold    (  241): Disk at 7:112 changed
12-31 19:00:05.115 I/EXT4-fs (loop13)(  306): mounted filesystem without journal. Opts: (null)
12-31 19:00:05.117 D/vold    (  241): Disk at 7:120 changed
12-31 19:00:05.121 D/vold    (  241): Disk at 254:16 changed
12-31 19:00:05.121 D/vold    (  241): Disk at 254:16 changed
12-31 19:00:05.123 D/vold    (  241): Disk at 254:17 changed
12-31 19:00:05.123 D/vold    (  241): Disk at 254:17 changed
12-31 19:00:05.120 I/device-mapper(  305): verity: sha256 using implementation "sha256-ce"
12-31 19:00:05.123 I/device-mapper(  306): verity: sha256 using implementation "sha256-ce"
12-31 19:00:05.143 I/EXT4-fs (dm-16)(  305): mounted filesystem without journal. Opts: (null)
12-31 19:00:05.146 D/vold    (  241): Disk at 7:128 changed
12-31 19:00:05.147 D/vold    (  241): Disk at 7:136 changed
12-31 19:00:05.145 I/EXT4-fs (dm-17)(  306): mounted filesystem without journal. Opts: (null)
12-31 19:00:05.151 D/vold    (  241): Disk at 254:18 changed
12-31 19:00:05.151 D/vold    (  241): Disk at 254:19 changed
12-31 19:00:05.151 D/vold    (  241): Disk at 254:19 changed
12-31 19:00:05.151 D/vold    (  241): Disk at 254:18 changed
12-31 19:00:05.151 I/device-mapper(  306): verity: sha256 using implementation "sha256-ce"
12-31 19:00:05.151 I/device-mapper(  305): verity: sha256 using implementation "sha256-ce"
12-31 19:00:05.173 I/EXT4-fs (dm-18)(  305): mounted filesystem without journal. Opts: (null)
12-31 19:00:05.173 I/EXT4-fs (dm-19)(  306): mounted filesystem without journal. Opts: (null)
12-31 19:00:05.176 D/vold    (  241): Disk at 7:144 changed
12-31 19:00:05.178 D/vold    (  241): Disk at 7:152 changed
12-31 19:00:05.183 D/vold    (  241): Disk at 254:21 changed
12-31 19:00:05.183 D/vold    (  241): Disk at 254:20 changed
12-31 19:00:05.183 D/vold    (  241): Disk at 254:21 changed
12-31 19:00:05.183 D/vold    (  241): Disk at 254:20 changed
12-31 19:00:05.182 I/device-mapper(  306): verity: sha256 using implementation "sha256-ce"
12-31 19:00:05.182 I/device-mapper(  305): verity: sha256 using implementation "sha256-ce"
12-31 19:00:05.206 D/vold    (  241): Disk at 7:160 changed
12-31 19:00:05.204 I/EXT4-fs (dm-20)(  306): mounted filesystem without journal. Opts: (null)
12-31 19:00:05.207 I/EXT4-fs (dm-21)(  305): mounted filesystem without journal. Opts: (null)
12-31 19:00:05.209 D/vold    (  241): Disk at 7:168 changed
12-31 19:00:05.210 D/vold    (  241): Disk at 254:22 changed
12-31 19:00:05.210 D/vold    (  241): Disk at 254:22 changed
12-31 19:00:05.210 I/device-mapper(  306): verity: sha256 using implementation "sha256-ce"
12-31 19:00:05.213 D/vold    (  241): Disk at 254:23 changed
12-31 19:00:05.213 D/vold    (  241): Disk at 254:23 changed
12-31 19:00:05.212 I/device-mapper(  305): verity: sha256 using implementation "sha256-ce"
12-31 19:00:05.234 D/vold    (  241): Disk at 7:176 changed
12-31 19:00:05.232 I/EXT4-fs (dm-22)(  306): mounted filesystem without journal. Opts: (null)
12-31 19:00:05.234 I/EXT4-fs (dm-23)(  305): mounted filesystem without journal. Opts: (null)
12-31 19:00:05.237 D/vold    (  241): Disk at 7:184 changed
12-31 19:00:05.242 D/vold    (  241): Disk at 254:25 changed
12-31 19:00:05.242 D/vold    (  241): Disk at 254:25 changed
12-31 19:00:05.241 I/device-mapper(  305): verity: sha256 using implementation "sha256-ce"
12-31 19:00:05.244 D/vold    (  241): Disk at 254:24 changed
12-31 19:00:05.244 D/vold    (  241): Disk at 254:24 changed
12-31 19:00:05.244 I/device-mapper(  306): verity: sha256 using implementation "sha256-ce"
12-31 19:00:05.263 I/EXT4-fs (dm-25)(  305): mounted filesystem without journal. Opts: (null)
12-31 19:00:05.265 D/vold    (  241): Disk at 7:192 changed
12-31 19:00:05.267 D/vold    (  241): Disk at 7:200 changed
12-31 19:00:05.266 I/EXT4-fs (dm-24)(  306): mounted filesystem without journal. Opts: (null)
12-31 19:00:05.272 D/vold    (  241): Disk at 254:26 changed
12-31 19:00:05.272 D/vold    (  241): Disk at 254:26 changed
12-31 19:00:05.272 I/device-mapper(  306): verity: sha256 using implementation "sha256-ce"
12-31 19:00:05.272 I/device-mapper(  305): verity: sha256 using implementation "sha256-ce"
12-31 19:00:05.276 D/vold    (  241): Disk at 254:27 changed
12-31 19:00:05.276 D/vold    (  241): Disk at 254:27 changed
12-31 19:00:05.278 I/EXT4-fs (dm-27)(  306): mounted filesystem without journal. Opts: (null)
12-31 19:00:05.294 I/EXT4-fs (dm-26)(  305): mounted filesystem without journal. Opts: (null)
12-31 19:00:05.433 I/derive_sdk(  379): Read version 1 from 7
12-31 19:00:05.434 I/derive_sdk(  379): Read version 1 from 2
12-31 19:00:05.434 I/derive_sdk(  379): Read version 1 from 4
12-31 19:00:05.434 I/derive_sdk(  379): Read version 1 from 3
12-31 19:00:05.434 I/derive_sdk(  379): Read version 1 from 1
12-31 19:00:05.435 I/derive_sdk(  379): Read version 1 from 8
12-31 19:00:05.436 I/derive_sdk(  379): Read version 1 from 5
12-31 19:00:05.436 I/derive_sdk(  379): Read version 1 from 10
12-31 19:00:05.436 I/derive_sdk(  379): Read version 1 from 9
12-31 19:00:05.437 I/derive_sdk(  379): Read version 1 from 6
12-31 19:00:05.437 I/derive_sdk(  379): R extension version is 1
12-31 19:00:05.437 I/derive_sdk(  379): S extension version is 1
12-31 19:00:05.453 D/vold    (  241): fscrypt_init_user0
12-31 19:00:05.453 D/vold    (  241): Preparing: /data/misc/vold/user_keys
12-31 19:00:05.453 D/vold    (  241): Preparing: /data/misc/vold/user_keys/ce
12-31 19:00:05.453 D/vold    (  241): Preparing: /data/misc/vold/user_keys/de
12-31 19:00:05.453 D/vdc     (  380): Waited 0ms for vold
12-31 19:00:05.459 D/vold    (  241): Installed fscrypt key with ref a1f150d5bb406484b0fd6bdb9afd7829 to /data
12-31 19:00:05.459 D/vold    (  241): Added fscrypt-provisioning key for a1f150d5bb406484b0fd6bdb9afd7829 to session keyring
12-31 19:00:05.459 D/vold    (  241): Installed de key for user 0
12-31 19:00:05.459 D/vold    (  241): fscrypt_prepare_user_storage for volume null, user 0, serial 0, flags 1
12-31 19:00:05.459 D/vold    (  241): Preparing: /data/system/users/0
12-31 19:00:05.459 D/vold    (  241): Preparing: /data/misc/profiles/cur/0
12-31 19:00:05.460 D/vold    (  241): Preparing: /data/system_de/0
12-31 19:00:05.460 D/vold    (  241): Preparing: /data/misc_de/0
12-31 19:00:05.460 D/vold    (  241): Preparing: /data/vendor_de/0
12-31 19:00:05.461 D/vold    (  241): Preparing: /data/user_de/0
12-31 19:00:05.461 I/vold    (  241): Verified that /data/system_de/0 has the encryption policy a1f150d5bb406484b0fd6bdb9afd7829 v2 modes 1/4 flags 0xa
12-31 19:00:05.461 I/vold    (  241): Verified that /data/misc_de/0 has the encryption policy a1f150d5bb406484b0fd6bdb9afd7829 v2 modes 1/4 flags 0xa
12-31 19:00:05.461 I/vold    (  241): Verified that /data/vendor_de/0 has the encryption policy a1f150d5bb406484b0fd6bdb9afd7829 v2 modes 1/4 flags 0xa
12-31 19:00:05.461 I/vold    (  241): Verified that /data/user_de/0 has the encryption policy a1f150d5bb406484b0fd6bdb9afd7829 v2 modes 1/4 flags 0xa
12-31 19:00:05.461 D/vold    (  241): /system/bin/vold_prepare_subdirs
12-31 19:00:05.461 D/vold    (  241):     prepare
12-31 19:00:05.461 D/vold    (  241):     
12-31 19:00:05.461 D/vold    (  241):     0
12-31 19:00:05.461 D/vold    (  241):     1
12-31 19:00:05.464 I/random  (  381): vold_prepare_su: uninitialized urandom read (40 bytes read)
12-31 19:00:05.480 D/vold_prepare_subdirs(  381): Setting up mode 771 uid 1000 gid 1000 context u:object_r:system_data_file:s0:c512,c768 on path: /data/user_de/0
12-31 19:00:05.480 D/vold_prepare_subdirs(  381): Setting up mode 700 uid 0 gid 0 context u:object_r:vold_data_file:s0 on path: /data/misc_de/0/vold
12-31 19:00:05.481 D/vold_prepare_subdirs(  381): Setting up mode 700 uid 0 gid 0 context u:object_r:storaged_data_file:s0 on path: /data/misc_de/0/storaged
12-31 19:00:05.481 D/vold_prepare_subdirs(  381): Setting up mode 700 uid 0 gid 0 context u:object_r:rollback_data_file:s0 on path: /data/misc_de/0/rollback
12-31 19:00:05.482 D/vold_prepare_subdirs(  381): Setting up mode 700 uid 0 gid 0 context u:object_r:apex_rollback_data_file:s0 on path: /data/misc_de/0/apexrollback
12-31 19:00:05.482 D/vold_prepare_subdirs(  381): Setting up mode 711 uid 0 gid 0 context u:object_r:apex_module_data_file:s0 on path: /data/misc_de/0/apexdata
12-31 19:00:05.482 D/vold_prepare_subdirs(  381): Setting up mode 771 uid 0 gid 1000 context u:object_r:apex_module_data_file:s0 on path: /data/misc_de/0/apexdata/com.android.tethering
12-31 19:00:05.483 D/vold_prepare_subdirs(  381): Setting up mode 771 uid 0 gid 1000 context u:object_r:apex_module_data_file:s0 on path: /data/misc_de/0/apexdata/com.android.media.swcodec
12-31 19:00:05.483 D/vold_prepare_subdirs(  381): Setting up mode 771 uid 0 gid 1000 context u:object_r:apex_module_data_file:s0 on path: /data/misc_de/0/apexdata/com.android.media
12-31 19:00:05.484 D/vold_prepare_subdirs(  381): Setting up mode 771 uid 0 gid 1000 context u:object_r:apex_permission_data_file:s0 on path: /data/misc_de/0/apexdata/com.android.permission
12-31 19:00:05.484 D/vold_prepare_subdirs(  381): Setting up mode 771 uid 0 gid 1000 context u:object_r:apex_module_data_file:s0 on path: /data/misc_de/0/apexdata/com.android.resolv
12-31 19:00:05.484 D/vold_prepare_subdirs(  381): Setting up mode 771 uid 0 gid 1000 context u:object_r:apex_module_data_file:s0 on path: /data/misc_de/0/apexdata/com.android.mediaprovider
12-31 19:00:05.484 D/vold_prepare_subdirs(  381): Setting up mode 771 uid 0 gid 1000 context u:object_r:apex_module_data_file:s0 on path: /data/misc_de/0/apexdata/com.android.adbd
12-31 19:00:05.485 D/vold_prepare_subdirs(  381): Setting up mode 771 uid 0 gid 1000 context u:object_r:apex_module_data_file:s0 on path: /data/misc_de/0/apexdata/com.android.ipsec
12-31 19:00:05.485 D/vold_prepare_subdirs(  381): Setting up mode 771 uid 0 gid 1000 context u:object_r:apex_module_data_file:s0 on path: /data/misc_de/0/apexdata/com.android.neuralnetworks
12-31 19:00:05.485 D/vold_prepare_subdirs(  381): Setting up mode 771 uid 0 gid 1000 context u:object_r:apex_module_data_file:s0 on path: /data/misc_de/0/apexdata/com.android.extservices
12-31 19:00:05.485 D/vold_prepare_subdirs(  381): Setting up mode 771 uid 0 gid 1000 context u:object_r:apex_wifi_data_file:s0 on path: /data/misc_de/0/apexdata/com.android.wifi
12-31 19:00:05.486 D/vold_prepare_subdirs(  381): Setting up mode 771 uid 0 gid 1000 context u:object_r:apex_module_data_file:s0 on path: /data/misc_de/0/apexdata/com.android.art
12-31 19:00:05.486 D/vold_prepare_subdirs(  381): Setting up mode 771 uid 0 gid 1000 context u:object_r:apex_module_data_file:s0 on path: /data/misc_de/0/apexdata/com.android.apex.cts.shim
12-31 19:00:05.486 D/vold_prepare_subdirs(  381): Setting up mode 771 uid 0 gid 1000 context u:object_r:apex_module_data_file:s0 on path: /data/misc_de/0/apexdata/com.android.sdkext
12-31 19:00:05.487 D/vold_prepare_subdirs(  381): Setting up mode 771 uid 0 gid 1000 context u:object_r:apex_module_data_file:s0 on path: /data/misc_de/0/apexdata/com.android.conscrypt
12-31 19:00:05.487 D/vold_prepare_subdirs(  381): Setting up mode 771 uid 0 gid 1000 context u:object_r:apex_module_data_file:s0 on path: /data/misc_de/0/apexdata/com.android.appsearch
12-31 19:00:05.487 D/vold_prepare_subdirs(  381): Setting up mode 771 uid 0 gid 1000 context u:object_r:apex_module_data_file:s0 on path: /data/misc_de/0/apexdata/com.android.scheduling
12-31 19:00:05.487 D/vold_prepare_subdirs(  381): Setting up mode 771 uid 0 gid 1000 context u:object_r:apex_module_data_file:s0 on path: /data/misc_de/0/apexdata/com.android.os.statsd
12-31 19:00:05.488 D/vold_prepare_subdirs(  381): Setting up mode 771 uid 0 gid 1000 context u:object_r:apex_module_data_file:s0 on path: /data/misc_de/0/apexdata/com.android.tzdata
12-31 19:00:05.488 D/vold_prepare_subdirs(  381): Setting up mode 771 uid 0 gid 1000 context u:object_r:apex_module_data_file:s0 on path: /data/misc_de/0/apexdata/com.android.vndk.v31
12-31 19:00:05.488 D/vold_prepare_subdirs(  381): Setting up mode 771 uid 0 gid 1000 context u:object_r:apex_module_data_file:s0 on path: /data/misc_de/0/apexdata/com.android.i18n
12-31 19:00:05.489 D/vold_prepare_subdirs(  381): Setting up mode 771 uid 0 gid 1000 context u:object_r:apex_module_data_file:s0 on path: /data/misc_de/0/apexdata/com.android.runtime
12-31 19:00:05.489 D/vold_prepare_subdirs(  381): Setting up mode 771 uid 0 gid 1000 context u:object_r:apex_module_data_file:s0 on path: /data/misc_de/0/apexdata/sharedlibs
12-31 19:00:05.489 D/vold_prepare_subdirs(  381): Setting up mode 771 uid 1000 gid 1000 context u:object_r:user_profile_root_file:s0:c512,c768 on path: /data/misc/profiles/cur/0
12-31 19:00:05.489 D/vold_prepare_subdirs(  381): Setting up mode 700 uid 1000 gid 1000 context u:object_r:fingerprint_vendor_data_file:s0 on path: /data/vendor_de/0/fpdata
12-31 19:00:05.490 D/vold_prepare_subdirs(  381): Setting up mode 700 uid 1000 gid 1000 context u:object_r:face_vendor_data_file:s0 on path: /data/vendor_de/0/facedata
12-31 19:00:05.491 D/vold    (  241): Detected support for FS_IOC_ADD_ENCRYPTION_KEY
12-31 19:00:05.505 I/derive_classpath(  383): ParseFragments for bootclasspath
12-31 19:00:05.522 I/derive_classpath(  383): ReadClasspathFragment /apex/com.android.art/etc/classpaths/bootclasspath.pb
12-31 19:00:05.522 I/derive_classpath(  383): ReadClasspathFragment /system/etc/classpaths/bootclasspath.pb
12-31 19:00:05.523 I/derive_classpath(  383): ReadClasspathFragment /apex/com.android.appsearch/etc/classpaths/bootclasspath.pb
12-31 19:00:05.524 I/derive_classpath(  383): ReadClasspathFragment /apex/com.android.conscrypt/etc/classpaths/bootclasspath.pb
12-31 19:00:05.524 I/derive_classpath(  383): ReadClasspathFragment /apex/com.android.i18n/etc/classpaths/bootclasspath.pb
12-31 19:00:05.524 I/derive_classpath(  383): ReadClasspathFragment /apex/com.android.ipsec/etc/classpaths/bootclasspath.pb
12-31 19:00:05.525 I/derive_classpath(  383): ReadClasspathFragment /apex/com.android.media/etc/classpaths/bootclasspath.pb
12-31 19:00:05.525 I/derive_classpath(  383): ReadClasspathFragment /apex/com.android.mediaprovider/etc/classpaths/bootclasspath.pb
12-31 19:00:05.525 I/derive_classpath(  383): ReadClasspathFragment /apex/com.android.os.statsd/etc/classpaths/bootclasspath.pb
12-31 19:00:05.526 I/derive_classpath(  383): ReadClasspathFragment /apex/com.android.permission/etc/classpaths/bootclasspath.pb
12-31 19:00:05.526 I/derive_classpath(  383): ReadClasspathFragment /apex/com.android.scheduling/etc/classpaths/bootclasspath.pb
12-31 19:00:05.526 I/derive_classpath(  383): ReadClasspathFragment /apex/com.android.sdkext/etc/classpaths/bootclasspath.pb
12-31 19:00:05.527 I/derive_classpath(  383): ReadClasspathFragment /apex/com.android.tethering/etc/classpaths/bootclasspath.pb
12-31 19:00:05.527 I/derive_classpath(  383): ReadClasspathFragment /apex/com.android.wifi/etc/classpaths/bootclasspath.pb
12-31 19:00:05.527 I/derive_classpath(  383): ParseFragments for systemserverclasspath
12-31 19:00:05.531 I/derive_classpath(  383): ReadClasspathFragment /system/etc/classpaths/systemserverclasspath.pb
12-31 19:00:05.532 I/derive_classpath(  383): ReadClasspathFragment /apex/com.android.appsearch/etc/classpaths/systemserverclasspath.pb
12-31 19:00:05.533 I/derive_classpath(  383): ReadClasspathFragment /apex/com.android.media/etc/classpaths/systemserverclasspath.pb
12-31 19:00:05.533 I/derive_classpath(  383): ReadClasspathFragment /apex/com.android.permission/etc/classpaths/systemserverclasspath.pb
12-31 19:00:05.533 I/derive_classpath(  383): WriteClasspathExports /data/system/environ/classpath
12-31 19:00:05.534 I/derive_classpath(  383): WriteClasspathExports content
12-31 19:00:05.534 I/derive_classpath(  383): export BOOTCLASSPATH /apex/com.android.art/javalib/core-oj.jar:/apex/com.android.art/javalib/core-libart.jar:/apex/com.android.art/javalib/okhttp.jar:/apex/com.android.art/javalib/bouncycastle.jar:/apex/com.android.art/javalib/apache-xml.jar:/system/framework/framework.jar:/system/framework/framework-graphics.jar:/system/framework/ext.jar:/system/framework/telephony-common.jar:/system/framework/voip-common.jar:/system/framework/ims-common.jar:/apex/com.android.i18n/javalib/core-icu4j.jar:/apex/com.android.appsearch/javalib/framework-appsearch.jar:/apex/com.android.conscrypt/javalib/conscrypt.jar:/apex/com.android.ipsec/javalib/android.net.ipsec.ike.jar:/apex/com.android.media/javalib/updatable-media.jar:/apex/com.android.mediaprovider/javalib/framework-mediaprovider.jar:/apex/com.android.os.statsd/javalib/framework-statsd.jar:/apex/com.android.permission/javalib/framework-permission.jar:/apex/com.android.permission/javalib/framework-permission-s.jar:/apex/com.android.scheduling/javalib/framework-scheduling.jar:/apex/com.android.sdkext/javalib/framework-sdkextensions.jar:/apex/com.android.tethering/javalib/framework-connectivity.jar:/apex/com.android.tethering/javalib/framework-tethering.jar:/apex/com.android.wifi/javalib/framework-wifi.jar
12-31 19:00:05.534 I/derive_classpath(  383): export DEX2OATBOOTCLASSPATH /apex/com.android.art/javalib/core-oj.jar:/apex/com.android.art/javalib/core-libart.jar:/apex/com.android.art/javalib/okhttp.jar:/apex/com.android.art/javalib/bouncycastle.jar:/apex/com.android.art/javalib/apache-xml.jar:/system/framework/framework.jar:/system/framework/framework-graphics.jar:/system/framework/ext.jar:/system/framework/telephony-common.jar:/system/framework/voip-common.jar:/system/framework/ims-common.jar:/apex/com.android.i18n/javalib/core-icu4j.jar
12-31 19:00:05.534 I/derive_classpath(  383): export SYSTEMSERVERCLASSPATH /system/framework/com.android.location.provider.jar:/system/framework/services.jar:/system/framework/ethernet-service.jar:/apex/com.android.appsearch/javalib/service-appsearch.jar:/apex/com.android.media/javalib/service-media-s.jar:/apex/com.android.permission/javalib/service-permission.jar
12-31 19:00:05.537 I/        (  383): derive_classpat (383) used greatest stack depth: 11120 bytes left
12-31 19:00:05.564 I/odsign  (  384): Trying to retrieve existing HMAC key...
12-31 19:00:05.565 I/odsign  (  384): Trying to retrieve existing keystore key...
12-31 19:00:05.570 I/odsign  (  384): Verified public key signature.
12-31 19:00:05.570 E/odsign  (  384): Initialized Keystore key.
12-31 19:00:05.571 I/odsign  (  384): Found and verified existing public key certificate: /data/misc/odsign/key.cert
12-31 19:00:05.688 I/odrefresh(  386): Factory APEX mounted.
12-31 19:00:05.689 E/odrefresh(  386): statvfs '/data/misc/apexdata/com.android.art/dalvik-cache': No such file or directory
12-31 19:00:05.691 I/odsign  (  384): odrefresh said artifacts are VALID
12-31 19:00:05.691 I/odsign  (  384): On-device signing done.
12-31 19:00:05.705 I/keystore2(  258): keystore2::super_key: keystore.boot_level 1000000000 hits maximum 1000000000, finishing.
12-31 19:00:05.726 I/apexd   (  388): Snapshot DE subcommand detected
12-31 19:00:05.727 I/apexd   (  388): Marking APEXd as ready
12-31 19:00:05.742 I/tzdatacheck(  389): timezone distro dir /data/misc/zoneinfo/current does not exist. No action required.
12-31 19:00:05.745 W/init    (  206): Top-level directory needs encryption action, eg mkdir /data/system <mode> <uid> <gid> encryption=Require
12-31 19:00:05.792 I/otapreopt_slot(  392): No A/B artifacts found for slot _a.
12-31 19:00:05.809 E/recovery-persist(  393): Failed to unlink /cache/recovery/last_install: No such file or directory
12-31 19:00:05.848 I/logd    (  238): logd reinit
12-31 19:00:05.848 E/logd    (  238): FrameworkListener: read() failed (Connection reset by peer)
12-31 19:00:05.858 I/flags_health_check(  399): ServerConfigurableFlagsReset reset_mode value: 0
12-31 19:00:05.858 I/flags_health_check(  399): ServerConfigurableFlagsReset attempted boot count reaches threshold, resetting flags.
12-31 19:00:05.884 D/LibBpfLoader(  400): Loading optional ELF object /apex/com.android.tethering/etc/bpf/test.o with license Apache 2.0
12-31 19:00:05.885 I/LibBpfLoader(  400): Section bpfloader_min_ver value is 0 [0x0]
12-31 19:00:05.885 I/LibBpfLoader(  400): Section bpfloader_max_ver value is 65536 [0x10000]
12-31 19:00:05.885 I/LibBpfLoader(  400): Section size_of_bpf_map_def value is 48 [0x30]
12-31 19:00:05.885 I/LibBpfLoader(  400): Section size_of_bpf_prog_def value is 28 [0x1c]
12-31 19:00:05.885 I/LibBpfLoader(  400): BpfLoader version 0x00002 processing ELF object /apex/com.android.tethering/etc/bpf/test.o with ver [0x00000,0x10000)
12-31 19:00:05.886 D/LibBpfLoader(  400): Loaded code section 3 (xdp_drop_ipv4_udp_ether)
12-31 19:00:05.887 D/LibBpfLoader(  400): Adding section 3 to cs list
12-31 19:00:05.888 D/LibBpfLoader(  400): bpf_create_map name tether_downstream6_map, ret: 7
12-31 19:00:05.888 D/LibBpfLoader(  400): map_fd found at 0 is 7 in /apex/com.android.tethering/etc/bpf/test.o
12-31 19:00:05.888 D/LibBpfLoader(  400): cs[0].name:xdp_drop_ipv4_udp_ether min_kver:5090000 .max_kver:ffffffff (kvers:50400e1)
12-31 19:00:05.889 I/bpfloader(  400): Loaded object: /apex/com.android.tethering/etc/bpf/test.o
12-31 19:00:05.889 D/LibBpfLoader(  400): Loading critical for tethering ELF object /apex/com.android.tethering/etc/bpf/offload.o with license Apache 2.0
12-31 19:00:05.889 I/LibBpfLoader(  400): Section bpfloader_min_ver value is 0 [0x0]
12-31 19:00:05.890 I/LibBpfLoader(  400): Section bpfloader_max_ver value is 65536 [0x10000]
12-31 19:00:05.890 I/LibBpfLoader(  400): Section size_of_bpf_map_def value is 48 [0x30]
12-31 19:00:05.890 I/LibBpfLoader(  400): Section size_of_bpf_prog_def value is 28 [0x1c]
12-31 19:00:05.890 I/LibBpfLoader(  400): BpfLoader version 0x00002 processing ELF object /apex/com.android.tethering/etc/bpf/offload.o with ver [0x00000,0x10000)
12-31 19:00:05.897 D/LibBpfLoader(  400): Loaded code section 3 (schedcls_tether_downstream6_ether)
12-31 19:00:05.899 D/LibBpfLoader(  400): Loaded relo section 3 (.relschedcls/tether_downstream6_ether)
12-31 19:00:05.899 D/LibBpfLoader(  400): Adding section 3 to cs list
12-31 19:00:05.899 D/LibBpfLoader(  400): Loaded code section 5 (schedcls_tether_upstream6_ether)
12-31 19:00:05.901 D/LibBpfLoader(  400): Loaded relo section 5 (.relschedcls/tether_upstream6_ether)
12-31 19:00:05.901 D/LibBpfLoader(  400): Adding section 5 to cs list
12-31 19:00:05.901 D/LibBpfLoader(  400): Loaded code section 7 (schedcls_tether_downstream6_rawip$5_4)
12-31 19:00:05.903 D/LibBpfLoader(  400): Loaded relo section 7 (.relschedcls/tether_downstream6_rawip$5_4)
12-31 19:00:05.903 D/LibBpfLoader(  400): Adding section 7 to cs list
12-31 19:00:05.904 D/LibBpfLoader(  400): Loaded code section 9 (schedcls_tether_upstream6_rawip$5_4)
12-31 19:00:05.906 D/LibBpfLoader(  400): Loaded relo section 9 (.relschedcls/tether_upstream6_rawip$5_4)
12-31 19:00:05.906 D/LibBpfLoader(  400): Adding section 9 to cs list
12-31 19:00:05.906 D/LibBpfLoader(  400): Loaded code section 11 (schedcls_tether_downstream6_rawip$4_14)
12-31 19:00:05.908 D/LibBpfLoader(  400): Loaded relo section 11 (.relschedcls/tether_downstream6_rawip$4_14)
12-31 19:00:05.908 D/LibBpfLoader(  400): Adding section 11 to cs list
12-31 19:00:05.908 D/LibBpfLoader(  400): Loaded code section 13 (schedcls_tether_upstream6_rawip$4_14)
12-31 19:00:05.911 D/LibBpfLoader(  400): Loaded relo section 13 (.relschedcls/tether_upstream6_rawip$4_14)
12-31 19:00:05.911 D/LibBpfLoader(  400): Adding section 13 to cs list
12-31 19:00:05.911 D/LibBpfLoader(  400): Loaded code section 15 (schedcls_tether_downstream6_rawip$stub)
12-31 19:00:05.912 D/LibBpfLoader(  400): Adding section 15 to cs list
12-31 19:00:05.913 D/LibBpfLoader(  400): Loaded code section 16 (schedcls_tether_upstream6_rawip$stub)
12-31 19:00:05.914 D/LibBpfLoader(  400): Adding section 16 to cs list
12-31 19:00:05.914 D/LibBpfLoader(  400): Loaded code section 17 (schedcls_tether_downstream4_rawip$5_8)
12-31 19:00:05.917 D/LibBpfLoader(  400): Loaded relo section 17 (.relschedcls/tether_downstream4_rawip$5_8)
12-31 19:00:05.917 D/LibBpfLoader(  400): Adding section 17 to cs list
12-31 19:00:05.917 D/LibBpfLoader(  400): Loaded code section 19 (schedcls_tether_upstream4_rawip$5_8)
12-31 19:00:05.921 D/LibBpfLoader(  400): Loaded relo section 19 (.relschedcls/tether_upstream4_rawip$5_8)
12-31 19:00:05.921 D/LibBpfLoader(  400): Adding section 19 to cs list
12-31 19:00:05.921 D/LibBpfLoader(  400): Loaded code section 21 (schedcls_tether_downstream4_ether$5_8)
12-31 19:00:05.924 D/LibBpfLoader(  400): Loaded relo section 21 (.relschedcls/tether_downstream4_ether$5_8)
12-31 19:00:05.924 D/LibBpfLoader(  400): Adding section 21 to cs list
12-31 19:00:05.924 D/LibBpfLoader(  400): Loaded code section 23 (schedcls_tether_upstream4_ether$5_8)
12-31 19:00:05.927 D/LibBpfLoader(  400): Loaded relo section 23 (.relschedcls/tether_upstream4_ether$5_8)
12-31 19:00:05.927 D/LibBpfLoader(  400): Adding section 23 to cs list
12-31 19:00:05.928 D/LibBpfLoader(  400): Loaded code section 25 (schedcls_tether_downstream4_rawip$opt)
12-31 19:00:05.931 D/LibBpfLoader(  400): Loaded relo section 25 (.relschedcls/tether_downstream4_rawip$opt)
12-31 19:00:05.931 D/LibBpfLoader(  400): Adding section 25 to cs list
12-31 19:00:05.931 D/LibBpfLoader(  400): Loaded code section 27 (schedcls_tether_upstream4_rawip$opt)
12-31 19:00:05.935 D/LibBpfLoader(  400): Loaded relo section 27 (.relschedcls/tether_upstream4_rawip$opt)
12-31 19:00:05.935 D/LibBpfLoader(  400): Adding section 27 to cs list
12-31 19:00:05.935 D/LibBpfLoader(  400): Loaded code section 29 (schedcls_tether_downstream4_ether$opt)
12-31 19:00:05.939 D/LibBpfLoader(  400): Loaded relo section 29 (.relschedcls/tether_downstream4_ether$opt)
12-31 19:00:05.939 D/LibBpfLoader(  400): Adding section 29 to cs list
12-31 19:00:05.939 D/LibBpfLoader(  400): Loaded code section 31 (schedcls_tether_upstream4_ether$opt)
12-31 19:00:05.943 D/LibBpfLoader(  400): Loaded relo section 31 (.relschedcls/tether_upstream4_ether$opt)
12-31 19:00:05.943 D/LibBpfLoader(  400): Adding section 31 to cs list
12-31 19:00:05.943 D/LibBpfLoader(  400): Loaded code section 33 (schedcls_tether_downstream4_rawip$5_4)
12-31 19:00:05.947 D/LibBpfLoader(  400): Loaded relo section 33 (.relschedcls/tether_downstream4_rawip$5_4)
12-31 19:00:05.947 D/LibBpfLoader(  400): Adding section 33 to cs list
12-31 19:00:05.947 D/LibBpfLoader(  400): Loaded code section 35 (schedcls_tether_upstream4_rawip$5_4)
12-31 19:00:05.951 D/LibBpfLoader(  400): Loaded relo section 35 (.relschedcls/tether_upstream4_rawip$5_4)
12-31 19:00:05.951 D/LibBpfLoader(  400): Adding section 35 to cs list
12-31 19:00:05.951 D/LibBpfLoader(  400): Loaded code section 37 (schedcls_tether_downstream4_rawip$4_14)
12-31 19:00:05.955 D/LibBpfLoader(  400): Loaded relo section 37 (.relschedcls/tether_downstream4_rawip$4_14)
12-31 19:00:05.955 D/LibBpfLoader(  400): Adding section 37 to cs list
12-31 19:00:05.955 D/LibBpfLoader(  400): Loaded code section 39 (schedcls_tether_upstream4_rawip$4_14)
12-31 19:00:05.959 D/LibBpfLoader(  400): Loaded relo section 39 (.relschedcls/tether_upstream4_rawip$4_14)
12-31 19:00:05.959 D/LibBpfLoader(  400): Adding section 39 to cs list
12-31 19:00:05.960 D/LibBpfLoader(  400): Loaded code section 41 (schedcls_tether_downstream4_ether$4_14)
12-31 19:00:05.964 D/LibBpfLoader(  400): Loaded relo section 41 (.relschedcls/tether_downstream4_ether$4_14)
12-31 19:00:05.964 D/LibBpfLoader(  400): Adding section 41 to cs list
12-31 19:00:05.964 D/LibBpfLoader(  400): Loaded code section 43 (schedcls_tether_upstream4_ether$4_14)
12-31 19:00:05.968 D/LibBpfLoader(  400): Loaded relo section 43 (.relschedcls/tether_upstream4_ether$4_14)
12-31 19:00:05.968 D/LibBpfLoader(  400): Adding section 43 to cs list
12-31 19:00:05.968 D/LibBpfLoader(  400): Loaded code section 45 (schedcls_tether_downstream4_rawip$stub)
12-31 19:00:05.971 D/LibBpfLoader(  400): Adding section 45 to cs list
12-31 19:00:05.971 D/LibBpfLoader(  400): Loaded code section 46 (schedcls_tether_upstream4_rawip$stub)
12-31 19:00:05.974 D/LibBpfLoader(  400): Adding section 46 to cs list
12-31 19:00:05.974 D/LibBpfLoader(  400): Loaded code section 47 (schedcls_tether_downstream4_ether$stub)
12-31 19:00:05.977 D/LibBpfLoader(  400): Adding section 47 to cs list
12-31 19:00:05.977 D/LibBpfLoader(  400): Loaded code section 48 (schedcls_tether_upstream4_ether$stub)
12-31 19:00:05.980 D/LibBpfLoader(  400): Adding section 48 to cs list
12-31 19:00:05.980 D/LibBpfLoader(  400): Loaded code section 49 (xdp_tether_downstream_ether)
12-31 19:00:05.983 D/LibBpfLoader(  400): Adding section 49 to cs list
12-31 19:00:05.984 D/LibBpfLoader(  400): Loaded code section 50 (xdp_tether_downstream_rawip)
12-31 19:00:05.987 D/LibBpfLoader(  400): Adding section 50 to cs list
12-31 19:00:05.987 D/LibBpfLoader(  400): Loaded code section 51 (xdp_tether_upstream_ether)
12-31 19:00:05.990 D/LibBpfLoader(  400): Adding section 51 to cs list
12-31 19:00:05.990 D/LibBpfLoader(  400): Loaded code section 52 (xdp_tether_upstream_rawip)
12-31 19:00:05.993 D/LibBpfLoader(  400): Adding section 52 to cs list
12-31 19:00:05.999 D/LibBpfLoader(  400): bpf_create_map name tether_error_map, ret: 7
12-31 19:00:05.999 D/LibBpfLoader(  400): bpf_create_map name tether_stats_map, ret: 8
12-31 19:00:05.999 D/LibBpfLoader(  400): bpf_create_map name tether_limit_map, ret: 9
12-31 19:00:06.000 D/LibBpfLoader(  400): bpf_create_map name tether_downstream6_map, ret: 10
12-31 19:00:06.000 D/LibBpfLoader(  400): bpf_create_map name tether_downstream64_map, ret: 11
12-31 19:00:06.000 D/LibBpfLoader(  400): bpf_create_map name tether_upstream6_map, ret: 12
12-31 19:00:06.000 D/LibBpfLoader(  400): bpf_create_map name tether_downstream4_map, ret: 13
12-31 19:00:06.001 D/LibBpfLoader(  400): bpf_create_map name tether_upstream4_map, ret: 14
12-31 19:00:06.001 D/LibBpfLoader(  400): bpf_create_map name tether_dev_map, ret: 15
12-31 19:00:06.001 D/LibBpfLoader(  400): map_fd found at 0 is 7 in /apex/com.android.tethering/etc/bpf/offload.o
12-31 19:00:06.001 D/LibBpfLoader(  400): map_fd found at 1 is 8 in /apex/com.android.tethering/etc/bpf/offload.o
12-31 19:00:06.001 D/LibBpfLoader(  400): map_fd found at 2 is 9 in /apex/com.android.tethering/etc/bpf/offload.o
12-31 19:00:06.001 D/LibBpfLoader(  400): map_fd found at 3 is 10 in /apex/com.android.tethering/etc/bpf/offload.o
12-31 19:00:06.001 D/LibBpfLoader(  400): map_fd found at 4 is 11 in /apex/com.android.tethering/etc/bpf/offload.o
12-31 19:00:06.001 D/LibBpfLoader(  400): map_fd found at 5 is 12 in /apex/com.android.tethering/etc/bpf/offload.o
12-31 19:00:06.001 D/LibBpfLoader(  400): map_fd found at 6 is 13 in /apex/com.android.tethering/etc/bpf/offload.o
12-31 19:00:06.001 D/LibBpfLoader(  400): map_fd found at 7 is 14 in /apex/com.android.tethering/etc/bpf/offload.o
