03-17 02:40:54.744 I/DMABUFHEAPS(  522): Using DMA-BUF heap named: mtk_mali_gop
03-17 02:40:54.745 I/DMABUFHEAPS(  522): Using DMA-BUF heap named: system-uncached
03-17 02:40:54.746 D/gralloc4(  522): [mali_gralloc_dmaheap_allocate():461] allocating buffer (1, 1) usage=0x2001b33, req_format=0x106, alloc_format=0x106, size=128, heap_name='mtk_mali_gop'
03-17 02:40:54.747 D/gralloc4(  522): [mali_gralloc_dmaheap_allocate():461] allocating buffer (1, 1) usage=0x2001b33, req_format=0x1, alloc_format=0x1, size=64, heap_name='mtk_mali_gop'
03-17 02:40:54.748 D/gralloc4(  522): [mali_gralloc_dmaheap_allocate():461] allocating buffer (1, 1) usage=0x2001b33, req_format=0x5, alloc_format=0x5, size=64, heap_name='mtk_mali_gop'
03-17 02:40:54.749 D/gralloc4(  522): [mali_gralloc_dmaheap_allocate():461] allocating buffer (1, 1) usage=0x2001b33, req_format=0x16, alloc_format=0x16, size=64, heap_name='mtk_mali_gop'
03-17 02:40:54.750 D/gralloc4(  522): [mali_gralloc_dmaheap_allocate():461] allocating buffer (1, 1) usage=0x2001b33, req_format=0x2b, alloc_format=0x2b, size=64, heap_name='mtk_mali_gop'
03-17 02:40:54.752 D/gralloc4(  522): [mali_gralloc_dmaheap_allocate():461] allocating buffer (1, 1) usage=0x2001b33, req_format=0x4, alloc_format=0x4, size=64, heap_name='mtk_mali_gop'
03-17 02:40:54.753 D/gralloc4(  522): [mali_gralloc_dmaheap_allocate():461] allocating buffer (1, 1) usage=0x2001b33, req_format=0x3, alloc_format=0x3, size=192, heap_name='mtk_mali_gop'
03-17 02:40:54.754 D/gralloc4(  522): [mali_gralloc_dmaheap_allocate():461] allocating buffer (1, 1) usage=0x2001b33, req_format=0x10, alloc_format=0x10, size=256, heap_name='mtk_mali_gop'
03-17 02:40:54.755 D/gralloc4(  522): [mali_gralloc_dmaheap_allocate():461] allocating buffer (1, 1) usage=0x2001b33, req_format=0x15, alloc_format=0x100, size=48, heap_name='mtk_mali_gop'
03-17 02:40:54.756 D/gralloc4(  522): [mali_gralloc_dmaheap_allocate():461] allocating buffer (1, 1) usage=0x2001b33, req_format=0x11, alloc_format=0x101, size=48, heap_name='mtk_mali_gop'
03-17 02:40:54.757 D/gralloc4(  522): [mali_gralloc_dmaheap_allocate():461] allocating buffer (1, 1) usage=0x2001b33, req_format=0x36, alloc_format=0x104, size=384, heap_name='mtk_mali_gop'
03-17 02:40:54.758 D/gralloc4(  522): [mali_gralloc_dmaheap_allocate():461] allocating buffer (1, 1) usage=0x2001b33, req_format=0x32315659, alloc_format=0x32315659, size=64, heap_name='mtk_mali_gop'
03-17 02:40:54.768 I/HidlServiceManagement(  541): Registered vendor.mediatek.hardware.capture@1.0::ICapture/default
03-17 02:40:54.769 I/HidlServiceManagement(  541): Removing namespace from process name vendor.mediatek.hardware.capture@1.0-service to capture@1.0-service.
03-17 02:40:54.769 I/vendor.mediatek.hardware.capture@1.0-service(  541): [CAPTURE HAL]: register mCaptureService as service, finished!
03-17 02:40:54.775 I/C2MtkComponentStore(  538): IonHeapIdPool: found system_heap_id = 0
03-17 02:40:54.775 I/C2MtkComponentStore(  538): IonHeapIdPool: found iommu_heap_id = 1
03-17 02:40:54.795 W/init    (  664): type=1400 audit(0.0:7): avc: denied { noatsecure } for scontext=u:r:init:s0 tcontext=u:r:mt_pre-init:s0 tclass=process permissive=0
03-17 02:40:54.855 D/LibProductConfigInfo(  265): [getString:117] key:Camera/Mic Unit (Bundle) value:CMU-BC1M
03-17 02:40:54.855 D/productConfig@1.0-service(  265): [getString:30] key:Camera/Mic Unit (Bundle) outBuf:CMU-BC1M len:8
03-17 02:40:54.866 D/LibProductConfigInfo(  265): [getString:117] key:Camera/Mic Unit (Bundle) value:CMU-BC1M
03-17 02:40:54.866 D/productConfig@1.0-service(  265): [getString:30] key:Camera/Mic Unit (Bundle) outBuf:CMU-BC1M len:8
03-17 02:40:54.880 D/LibProductConfigInfo(  265): [getString:117] key:Camera/Mic Unit (Bundle) value:CMU-BC1M
03-17 02:40:54.880 D/productConfig@1.0-service(  265): [getString:30] key:Camera/Mic Unit (Bundle) outBuf:CMU-BC1M len:8
03-17 02:40:54.881 D/voicesdk_mixer_plugin(  608): set_default_mixer   :0559 Found (Mic switch), value = 1
03-17 02:40:54.882 D/voicesdk_mixer_plugin(  608): set_default_mixer   :0565 Found (Mic Gain Step), value = 0
03-17 02:40:54.883 D/voicesdk_mixer_plugin(  608): set_default_mixer   :0571 Found (HPF Switch), value = 2
03-17 02:40:54.884 D/voicesdk_mixer_plugin(  608): set_default_mixer   :0577 Found (HPF Coef), value = 6
03-17 02:40:54.885 D/voicesdk_mixer_plugin(  608): set_default_mixer   :0583 Found (Sigen Switch), value = 0
03-17 02:40:54.885 D/voicesdk_syncer(  608): init                :0130 mic pcm_pipefd=(17,18) ts_pipefd=(19,20)
03-17 02:40:54.885 D/voicesdk_syncer(  608): init                :0130 ref pcm_pipefd=(21,22) ts_pipefd=(23,24)
03-17 02:40:54.886 D/voicesdk_dispatcher(  608): start               :0067 dispatcher start
03-17 02:40:54.888 D/voicesdk_syncer(  608): routine             :0222 +
03-17 02:40:54.889 D/voicesdk_server(  608): binder_routine      :0082 voicesdk binder service is now ready
03-17 02:40:54.897 W/android.hardware.media.c2@1.1-mediatek(  525): libminijail[525]: failed to get path of fd 3: No such file or directory
03-17 02:40:54.897 W/android.hardware.media.c2@1.1-mediatek(  525): libminijail[525]: allowing syscall: clock_gettime
03-17 02:40:54.897 W/android.hardware.media.c2@1.1-mediatek(  525): libminijail[525]: allowing syscall: connect
03-17 02:40:54.897 W/android.hardware.media.c2@1.1-mediatek(  525): libminijail[525]: allowing syscall: fcntl64
03-17 02:40:54.897 W/android.hardware.media.c2@1.1-mediatek(  525): libminijail[525]: allowing syscall: socket
03-17 02:40:54.897 W/android.hardware.media.c2@1.1-mediatek(  525): libminijail[525]: allowing syscall: writev
03-17 02:40:54.898 W/android.hardware.media.c2@1.1-mediatek(  525): libminijail[525]: compile_file: <fd>(59): syscall getrandom redefined here
03-17 02:40:54.898 W/android.hardware.media.c2@1.1-mediatek(  525): libminijail[525]: compile_file: <fd>(15): previous definition here
03-17 02:40:54.891 W/tune2fs (  632): type=1400 audit(0.0:8): avc: denied { getattr } for path="/dev/block/mmcblk0p29" dev="tmpfs" ino=11169 scontext=u:r:sony_resize2fs:s0 tcontext=u:object_r:metadata_block_device:s0 tclass=blk_file permissive=0
03-17 02:40:54.891 W/tune2fs (  632): type=1400 audit(0.0:9): avc: denied { getattr } for path="/dev/block/mmcblk0p37" dev="tmpfs" ino=28683 scontext=u:r:sony_resize2fs:s0 tcontext=u:object_r:cache_block_device:s0 tclass=blk_file permissive=0
03-17 02:40:54.891 W/tune2fs (  632): type=1400 audit(0.0:10): avc: denied { getattr } for path="/dev/block/mmcblk0p6" dev="tmpfs" ino=2404 scontext=u:r:sony_resize2fs:s0 tcontext=u:object_r:mt_persist_block_device:s0 tclass=blk_file permissive=0
03-17 02:40:54.891 W/tune2fs (  632): type=1400 audit(0.0:11): avc: denied { getattr } for path="/dev/block/mmcblk0p5" dev="tmpfs" ino=15155 scontext=u:r:sony_resize2fs:s0 tcontext=u:object_r:mt_certificate_block_device:s0 tclass=blk_file permissive=0
03-17 02:40:54.891 W/tune2fs (  632): type=1400 audit(0.0:12): avc: denied { getattr } for path="/dev/block/mmcblk0p7" dev="tmpfs" ino=15151 scontext=u:r:sony_resize2fs:s0 tcontext=u:object_r:block_device:s0 tclass=blk_file permissive=0
03-17 02:40:54.907 W/android.hardware.media.c2@1.1-mediatek(  525): libminijail[525]: compile_file: /system/etc/seccomp_policy/crash_dump.arm.policy(1): syscall read redefined here
03-17 02:40:54.907 W/android.hardware.media.c2@1.1-mediatek(  525): libminijail[525]: compile_file: <fd>(9): previous definition here
03-17 02:40:54.907 W/android.hardware.media.c2@1.1-mediatek(  525): libminijail[525]: compile_file: /system/etc/seccomp_policy/crash_dump.arm.policy(2): syscall write redefined here
03-17 02:40:54.907 W/android.hardware.media.c2@1.1-mediatek(  525): libminijail[525]: compile_file: <fd>(5): previous definition here
03-17 02:40:54.907 W/android.hardware.media.c2@1.1-mediatek(  525): libminijail[525]: compile_file: /system/etc/seccomp_policy/crash_dump.arm.policy(3): syscall exit redefined here
03-17 02:40:54.907 W/android.hardware.media.c2@1.1-mediatek(  525): libminijail[525]: compile_file: <fd>(40): previous definition here
03-17 02:40:54.907 W/android.hardware.media.c2@1.1-mediatek(  525): libminijail[525]: compile_file: /system/etc/seccomp_policy/crash_dump.arm.policy(4): syscall rt_sigreturn redefined here
03-17 02:40:54.907 W/android.hardware.media.c2@1.1-mediatek(  525): libminijail[525]: compile_file: <fd>(45): previous definition here
03-17 02:40:54.907 W/android.hardware.media.c2@1.1-mediatek(  525): libminijail[525]: compile_file: /system/etc/seccomp_policy/crash_dump.arm.policy(6): syscall exit_group redefined here
03-17 02:40:54.907 W/android.hardware.media.c2@1.1-mediatek(  525): libminijail[525]: compile_file: <fd>(44): previous definition here
03-17 02:40:54.907 W/android.hardware.media.c2@1.1-mediatek(  525): libminijail[525]: compile_file: /system/etc/seccomp_policy/crash_dump.arm.policy(7): syscall clock_gettime redefined here
03-17 02:40:54.907 W/android.hardware.media.c2@1.1-mediatek(  525): libminijail[525]: compile_file: <fd>(7): previous definition here
03-17 02:40:54.908 W/android.hardware.media.c2@1.1-mediatek(  525): libminijail[525]: compile_file: /system/etc/seccomp_policy/crash_dump.arm.policy(8): syscall gettimeofday redefined here
03-17 02:40:54.908 W/android.hardware.media.c2@1.1-mediatek(  525): libminijail[525]: compile_file: <fd>(47): previous definition here
03-17 02:40:54.908 W/android.hardware.media.c2@1.1-mediatek(  525): libminijail[525]: compile_file: /system/etc/seccomp_policy/crash_dump.arm.policy(9): syscall futex redefined here
03-17 02:40:54.908 W/android.hardware.media.c2@1.1-mediatek(  525): libminijail[525]: compile_file: <fd>(3): previous definition here
03-17 02:40:54.908 W/android.hardware.media.c2@1.1-mediatek(  525): libminijail[525]: compile_file: /system/etc/seccomp_policy/crash_dump.arm.policy(10): syscall getrandom redefined here
03-17 02:40:54.908 W/android.hardware.media.c2@1.1-mediatek(  525): libminijail[525]: compile_file: <fd>(15): previous definition here
03-17 02:40:54.908 W/android.hardware.media.c2@1.1-mediatek(  525): libminijail[525]: compile_file: /system/etc/seccomp_policy/crash_dump.arm.policy(13): syscall ppoll redefined here
03-17 02:40:54.908 W/android.hardware.media.c2@1.1-mediatek(  525): libminijail[525]: compile_file: <fd>(13): previous definition here
03-17 02:40:54.908 W/android.hardware.media.c2@1.1-mediatek(  525): libminijail[525]: compile_file: /system/etc/seccomp_policy/crash_dump.arm.policy(14): syscall pipe2 redefined here
03-17 02:40:54.908 W/android.hardware.media.c2@1.1-mediatek(  525): libminijail[525]: compile_file: <fd>(46): previous definition here
03-17 02:40:54.908 W/android.hardware.media.c2@1.1-mediatek(  525): libminijail[525]: compile_file: /system/etc/seccomp_policy/crash_dump.arm.policy(15): syscall openat redefined here
03-17 02:40:54.908 W/android.hardware.media.c2@1.1-mediatek(  525): libminijail[525]: compile_file: <fd>(30): previous definition here
03-17 02:40:54.908 W/android.hardware.media.c2@1.1-mediatek(  525): libminijail[525]: compile_file: /system/etc/seccomp_policy/crash_dump.arm.policy(16): syscall dup redefined here
03-17 02:40:54.908 W/android.hardware.media.c2@1.1-mediatek(  525): libminijail[525]: compile_file: <fd>(12): previous definition here
03-17 02:40:54.908 W/android.hardware.media.c2@1.1-mediatek(  525): libminijail[525]: compile_file: /system/etc/seccomp_policy/crash_dump.arm.policy(17): syscall close redefined here
03-17 02:40:54.908 W/android.hardware.media.c2@1.1-mediatek(  525): libminijail[525]: compile_file: <fd>(10): previous definition here
03-17 02:40:54.908 W/android.hardware.media.c2@1.1-mediatek(  525): libminijail[525]: compile_file: /system/etc/seccomp_policy/crash_dump.arm.policy(18): syscall lseek redefined here
03-17 02:40:54.908 W/android.hardware.media.c2@1.1-mediatek(  525): libminijail[525]: compile_file: <fd>(50): previous definition here
03-17 02:40:54.908 W/android.hardware.media.c2@1.1-mediatek(  525): libminijail[525]: compile_file: /system/etc/seccomp_policy/crash_dump.arm.policy(19): syscall getdents64 redefined here
03-17 02:40:54.908 W/android.hardware.media.c2@1.1-mediatek(  525): libminijail[525]: compile_file: <fd>(58): previous definition here
03-17 02:40:54.908 W/android.hardware.media.c2@1.1-mediatek(  525): libminijail[525]: compile_file: /system/etc/seccomp_policy/crash_dump.arm.policy(20): syscall faccessat redefined here
03-17 02:40:54.908 W/android.hardware.media.c2@1.1-mediatek(  525): libminijail[525]: compile_file: <fd>(38): previous definition here
03-17 02:40:54.908 W/android.hardware.media.c2@1.1-mediatek(  525): libminijail[525]: compile_file: /system/etc/seccomp_policy/crash_dump.arm.policy(25): syscall rt_sigprocmask redefined here
03-17 02:40:54.908 D/voicesdk_dispatcher(  608): routine             :0184 +
03-17 02:40:54.908 W/android.hardware.media.c2@1.1-mediatek(  525): libminijail[525]: compile_file: <fd>(41): previous definition here
03-17 02:40:54.908 W/android.hardware.media.c2@1.1-mediatek(  525): libminijail[525]: compile_file: /system/etc/seccomp_policy/crash_dump.arm.policy(28): syscall prctl redefined here
03-17 02:40:54.908 W/android.hardware.media.c2@1.1-mediatek(  525): libminijail[525]: compile_file: <fd>(6): previous definition here
03-17 02:40:54.908 W/android.hardware.media.c2@1.1-mediatek(  525): libminijail[525]: compile_file: /system/etc/seccomp_policy/crash_dump.arm.policy(29): syscall madvise redefined here
03-17 02:40:54.908 W/android.hardware.media.c2@1.1-mediatek(  525): libminijail[525]: compile_file: <fd>(29): previous definition here
03-17 02:40:54.908 W/android.hardware.media.c2@1.1-mediatek(  525): libminijail[525]: compile_file: /system/etc/seccomp_policy/crash_dump.arm.policy(30): syscall mprotect redefined here
03-17 02:40:54.908 W/android.hardware.media.c2@1.1-mediatek(  525): libminijail[525]: compile_file: <fd>(28): previous definition here
03-17 02:40:54.908 W/android.hardware.media.c2@1.1-mediatek(  525): libminijail[525]: compile_file: /system/etc/seccomp_policy/crash_dump.arm.policy(31): syscall munmap redefined here
03-17 02:40:54.908 W/android.hardware.media.c2@1.1-mediatek(  525): libminijail[525]: compile_file: <fd>(27): previous definition here
03-17 02:40:54.908 W/android.hardware.media.c2@1.1-mediatek(  525): libminijail[525]: compile_file: /system/etc/seccomp_policy/crash_dump.arm.policy(32): syscall getuid32 redefined here
03-17 02:40:54.908 W/android.hardware.media.c2@1.1-mediatek(  525): libminijail[525]: compile_file: <fd>(34): previous definition here
03-17 02:40:54.908 W/android.hardware.media.c2@1.1-mediatek(  525): libminijail[525]: compile_file: /system/etc/seccomp_policy/crash_dump.arm.policy(33): syscall fstat64 redefined here
03-17 02:40:54.909 W/android.hardware.media.c2@1.1-mediatek(  525): libminijail[525]: compile_file: <fd>(35): previous definition here
03-17 02:40:54.909 W/android.hardware.media.c2@1.1-mediatek(  525): libminijail[525]: compile_file: /system/etc/seccomp_policy/crash_dump.arm.policy(34): syscall mmap2 redefined here
03-17 02:40:54.909 W/android.hardware.media.c2@1.1-mediatek(  525): libminijail[525]: compile_file: <fd>(14): previous definition here
03-17 02:40:54.914 I/bootstat(  654): Service started: /system/bin/bootstat --set_system_boot_reason 
03-17 02:40:54.917 I/MTKExtCamUtils@3.4(  538): loadFromCfg: load external camera config succeed!
03-17 02:40:54.917 I/MTKExtCamUtils@3.4(  538): loadFromCfg: depth output is not enabled
03-17 02:40:54.918 I/MTKExtCamUtils@3.4(  538): loadFromCfg: no sensor orientation specified
03-17 02:40:54.918 I/MTKExtCamUtils@3.4(  538): loadFromCfg: external camera cfg loaded: maxJpgBufSize 3145728, num video buffers 4, num still buffers 2, orientation 0
03-17 02:40:54.918 I/MTKExtCamUtils@3.4(  538): loadFromCfg: fpsLimitList: 640x480@30.000000
03-17 02:40:54.918 D/LibProductConfigInfo(  265): [getString:117] key:Camera/Mic Unit (Bundle) value:CMU-BC1M
03-17 02:40:54.918 D/productConfig@1.0-service(  265): [getString:30] key:Camera/Mic Unit (Bundle) outBuf:CMU-BC1M len:8
03-17 02:40:54.918 W/android.hardware.media.c2@1.1-mediatek(  525): libminijail[525]: compile_file: <fd>(67): syscall recvfrom redefined here
03-17 02:40:54.918 W/android.hardware.media.c2@1.1-mediatek(  525): libminijail[525]: compile_file: /system/etc/seccomp_policy/crash_dump.arm.policy(22): previous definition here
03-17 02:40:54.918 W/android.hardware.media.c2@1.1-mediatek(  525): libminijail[525]: compile_file: <fd>(78): syscall clock_gettime redefined here
03-17 02:40:54.918 W/android.hardware.media.c2@1.1-mediatek(  525): libminijail[525]: compile_file: <fd>(7): previous definition here
03-17 02:40:54.918 W/android.hardware.media.c2@1.1-mediatek(  525): libminijail[525]: compile_file: <fd>(82): syscall writev redefined here
03-17 02:40:54.918 W/android.hardware.media.c2@1.1-mediatek(  525): libminijail[525]: compile_file: <fd>(11): previous definition here
03-17 02:40:54.918 W/android.hardware.media.c2@1.1-mediatek(  525): libminijail[525]: compile_file: <fd>(93): syscall faccessat redefined here
03-17 02:40:54.918 W/android.hardware.media.c2@1.1-mediatek(  525): libminijail[525]: compile_file: <fd>(38): previous definition here
03-17 02:40:54.918 D/INTER_CA(  661): Get all keys info from /vendor/optee/config/drm/intertaca.ini
03-17 02:40:54.919 W/android.hardware.media.c2@1.1-mediatek(  525): libminijail[525]: logging seccomp filter failures
03-17 02:40:54.919 I/servicemanager(  231): Found android.hardware.light.ILights/default in device VINTF manifest.
03-17 02:40:54.920 D/INTER_CA(  661): [1;33m<INTERTA-UT>: tag = INTERTEE.03.20230222, commit id = a895be2 [0m
03-17 02:40:54.920 D/INTER_CA(  661): <INTERTA-UT>: drmkey.ini path: /vendor/optee/config/drm/drmkey.ini
03-17 02:40:54.920 I/MTKExtCamUtils@3.4(  538): loadFromCfg: fpsLimitList: 1280x720@30.000000
03-17 02:40:54.920 I/MTKExtCamUtils@3.4(  538): loadFromCfg: fpsLimitList: 1920x1080@30.000000
03-17 02:40:54.920 I/MTKExtCamUtils@3.4(  538): loadFromCfg: fpsLimitList: 3840x2160@30.000000
03-17 02:40:54.920 I/MTKExtCamUtils@3.4(  538): loadFromCfg: minStreamSize: 176x144
03-17 02:40:54.922 D/INTER_CA(  661): Multiple file path: /mnt/vendor/certificate/WVCENC/KeyBox.bin
03-17 02:40:54.923 D/INTER_CA(  661): Last file path: /vendor/tvcertificate/WVCENC/KeyBox.bin
03-17 02:40:54.925 I/installd(  668): installd firing up
03-17 02:40:54.928 D/MTKCamPrvdr@2.4-external(  538):  cus driver 32
03-17 02:40:54.928 I/perfetto(  658): probes.cc:84            Starting /system/bin/traced_probes service
03-17 02:40:54.929 W/perfetto(  659): service.cc:207          Started traced, listening on /dev/socket/traced_producer /dev/socket/traced_consumer
03-17 02:40:54.931 D/INTER_CA(  661): <INTERTA-UT>: file path:WVCENC/KeyBox.bin.
03-17 02:40:54.931 D/INTER_CA(  661): <INTERTA-UT>: file path:/certificate/WVCENC/KeyBox.bin.
03-17 02:40:54.931 D/INTER_CA(  661): <INTERTA-UT>: file path:/Customer/res/WVCENC/KeyBox.bin.
03-17 02:40:54.931 D/INTER_CA(  661): <INTERTA-UT>: file path:/vendor/tvcertificate/WVCENC/KeyBox.bin.
03-17 02:40:54.931 D/INTER_CA(  661): <INTERTA-UT>: file path:/mnt/vendor/certificate/WVCENC/KeyBox.bin.
03-17 02:40:54.931 D/INTER_CA(  661): <INTERTA-UT-[;31mERROR[0m>: file open fail
03-17 02:40:54.932 D/INTER_CA(  661): [1;33m<INTERTA-UT>: tag = INTERTEE.03.20230222, commit id = a895be2 [0m
03-17 02:40:54.932 D/INTER_CA(  661): <INTERTA-UT>: drmkey.ini path: /vendor/optee/config/drm/drmkey.ini
03-17 02:40:54.932 D/INTER_CA(  661): Multiple file path: /mnt/vendor/certificate/hdcp2_key.bin
03-17 02:40:54.932 D/INTER_CA(  661): Multiple file path: /certificate/hdcp2_key.bin
03-17 02:40:54.932 D/INTER_CA(  661): Last file path: /vendor/tvcertificate/hdcp2_key.bin
03-17 02:40:54.932 D/INTER_CA(  661): <INTERTA-UT>: file path:HDCP2/hdcp2_key_22.bin.
03-17 02:40:54.932 D/INTER_CA(  661): <INTERTA-UT>: file path:/certificate/HDCP2/hdcp2_key_22.bin.
03-17 02:40:54.932 D/INTER_CA(  661): <INTERTA-UT>: file path:/Customer/res/HDCP2/hdcp2_key_22.bin.
03-17 02:40:54.932 D/INTER_CA(  661): <INTERTA-UT>: file path:/vendor/tvcertificate/HDCP2/hdcp2_key_22.bin.
03-17 02:40:54.932 D/INTER_CA(  661): <INTERTA-UT>: file path:/mnt/vendor/certificate/HDCP2/hdcp2_key_22.bin.
03-17 02:40:54.932 D/INTER_CA(  661): <INTERTA-UT-[;31mERROR[0m>: file open fail
03-17 02:40:54.932 D/INTER_CA(  661): [1;33m<INTERTA-UT>: tag = INTERTEE.03.20230222, commit id = a895be2 [0m
03-17 02:40:54.932 D/INTER_CA(  661): <INTERTA-UT>: drmkey.ini path: /vendor/optee/config/drm/drmkey.ini
03-17 02:40:54.932 D/INTER_CA(  661): Multiple file path: /mnt/vendor/certificate/PLAYREADY30/zgpriv_protected.dat
03-17 02:40:54.932 D/INTER_CA(  661): Multiple file path: /mnt/vendor/certificate/PLAYREADYPK/zgpriv_protected.dat
03-17 02:40:54.932 D/INTER_CA(  661): Multiple file path: /vendor/tvcertificate/PLAYREADYPK/zgpriv_protected.dat
03-17 02:40:54.932 D/INTER_CA(  661): Last file path: /certificate/PLAYREADYPK/zgpriv_protected.dat
03-17 02:40:54.932 D/INTER_CA(  661): <INTERTA-UT>: file path:PLAYREADY30/zgpriv_protected.dat.
03-17 02:40:54.932 D/android.hardware.media.c2@1.1-mediatek(  525): Instantiating Codec2's IComponentStore service...
03-17 02:40:54.932 D/INTER_CA(  661): <INTERTA-UT>: file path:/certificate/PLAYREADY30/zgpriv_protected.dat.
03-17 02:40:54.932 D/INTER_CA(  661): <INTERTA-UT>: file path:/Customer/res/PLAYREADY30/zgpriv_protected.dat.
03-17 02:40:54.932 D/INTER_CA(  661): <INTERTA-UT>: file path:/vendor/tvcertificate/PLAYREADY30/zgpriv_protected.dat.
03-17 02:40:54.932 D/INTER_CA(  661): <INTERTA-UT>: file path:/mnt/vendor/certificate/PLAYREADY30/zgpriv_protected.dat.
03-17 02:40:54.932 D/INTER_CA(  661): <INTERTA-UT-[;31mERROR[0m>: file open fail
03-17 02:40:54.932 D/INTER_CA(  661): [1;33m<INTERTA-UT>: tag = INTERTEE.03.20230222, commit id = a895be2 [0m
03-17 02:40:54.932 I/C2MtkComponentStore(  525): setIonUsage: usage = 0x0
03-17 02:40:54.932 I/C2MtkComponentStore(  525): setIonUsage: set allocFlags 0
03-17 02:40:54.932 D/INTER_CA(  661): <INTERTA-UT>: drmkey.ini path: /vendor/optee/config/drm/drmkey.ini
03-17 02:40:54.932 I/C2MtkComponentStore(  525): setIonUsage: set system heapMask = 0
03-17 02:40:54.933 D/INTER_CA(  661): Multiple file path: /mnt/vendor/certificate/netflix50/KpeKph
03-17 02:40:54.933 I/C2MtkComponentStore(  525): setDmaBufUsage: usage = 0x0
03-17 02:40:54.933 I/C2MtkComponentStore(  525): setDmaBufUsage: using DMABUF_SYSTEM_UNCACHE
03-17 02:40:54.933 D/INTER_CA(  661): Last file path: /vendor/tvcertificate/netflix50/KpeKph
03-17 02:40:54.933 D/INTER_CA(  661): <INTERTA-UT>: file path:netflix50/KpeKph.
03-17 02:40:54.933 D/INTER_CA(  661): <INTERTA-UT>: file path:/certificate/netflix50/KpeKph.
03-17 02:40:54.933 D/INTER_CA(  661): <INTERTA-UT>: file path:/Customer/res/netflix50/KpeKph.
03-17 02:40:54.933 D/INTER_CA(  661): <INTERTA-UT>: file path:/vendor/tvcertificate/netflix50/KpeKph.
03-17 02:40:54.933 D/INTER_CA(  661): <INTERTA-UT>: file path:/mnt/vendor/certificate/netflix50/KpeKph.
03-17 02:40:54.933 D/INTER_CA(  661): <INTERTA-UT-[;31mERROR[0m>: file open fail
03-17 02:40:54.933 D/INTER_CA(  661): [1;33m<INTERTA-UT>: tag = INTERTEE.03.20230222, commit id = a895be2 [0m
03-17 02:40:54.933 D/INTER_CA(  661): <INTERTA-UT>: drmkey.ini path: /vendor/optee/config/drm/drmkey.ini
03-17 02:40:54.933 D/INTER_CA(  661): Multiple file path: /mnt/vendor/certificate/PLAYREADY30/bgroupcert.dat
03-17 02:40:54.933 D/INTER_CA(  661): Multiple file path: /mnt/vendor/certificate/PLAYREADYPK/bgroupcert.dat
03-17 02:40:54.933 D/INTER_CA(  661): Multiple file path: /vendor/tvcertificate/PLAYREADYPK/bgroupcert.dat
03-17 02:40:54.933 D/INTER_CA(  661): Last file path: /certificate/PLAYREADYPK/bgroupcert.dat
03-17 02:40:54.933 D/INTER_CA(  661): <INTERTA-UT>: file path:PLAYREADY30/bgroupcert.dat.
03-17 02:40:54.933 D/INTER_CA(  661): <INTERTA-UT>: file path:/certificate/PLAYREADY30/bgroupcert.dat.
03-17 02:40:54.933 D/INTER_CA(  661): <INTERTA-UT>: file path:/Customer/res/PLAYREADY30/bgroupcert.dat.
03-17 02:40:54.933 D/INTER_CA(  661): <INTERTA-UT>: file path:/vendor/tvcertificate/PLAYREADY30/bgroupcert.dat.
03-17 02:40:54.933 D/INTER_CA(  661): <INTERTA-UT>: file path:/mnt/vendor/certificate/PLAYREADY30/bgroupcert.dat.
03-17 02:40:54.933 D/INTER_CA(  661): <INTERTA-UT-[;31mERROR[0m>: file open fail
03-17 02:40:54.933 D/INTER_CA(  661): [1;33m<INTERTA-UT>: tag = INTERTEE.03.20230222, commit id = a895be2 [0m
03-17 02:40:54.933 D/INTER_CA(  661): <INTERTA-UT>: drmkey.ini path: /vendor/optee/config/drm/drmkey.ini
03-17 02:40:54.933 D/INTER_CA(  661): Multiple file path: /mnt/vendor/certificate/hdcp_key.bin
03-17 02:40:54.933 D/INTER_CA(  661): Multiple file path: /vendor/tvcertificate/hdcp_key.bin
03-17 02:40:54.933 D/INTER_CA(  661): Last file path: /certificate/hdcp_key.bin
03-17 02:40:54.933 D/INTER_CA(  661): <INTERTA-UT>: file path:HDCP14/hdcp_key.bin.
03-17 02:40:54.933 D/INTER_CA(  661): <INTERTA-UT>: file path:/certificate/HDCP14/hdcp_key.bin.
03-17 02:40:54.933 D/INTER_CA(  661): <INTERTA-UT>: file path:/Customer/res/HDCP14/hdcp_key.bin.
03-17 02:40:54.933 I/perfetto(  658): probes_producer.cc:112  Connected to the service
03-17 02:40:54.933 D/INTER_CA(  661): <INTERTA-UT>: file path:/vendor/tvcertificate/HDCP14/hdcp_key.bin.
03-17 02:40:54.933 D/INTER_CA(  661): <INTERTA-UT>: file path:/mnt/vendor/certificate/HDCP14/hdcp_key.bin.
03-17 02:40:54.933 D/INTER_CA(  661): <INTERTA-UT-[;31mERROR[0m>: file open fail
03-17 02:40:54.933 D/INTER_CA(  661): [1;33m<INTERTA-UT>: tag = INTERTEE.03.20230222, commit id = a895be2 [0m
03-17 02:40:54.933 D/INTER_CA(  661): <INTERTA-UT>: drmkey.ini path: /vendor/optee/config/drm/drmkey.ini
03-17 02:40:54.934 D/INTER_CA(  661): Multiple file path: /mnt/vendor/certificate/keymaster/attestkey.bin
03-17 02:40:54.934 D/INTER_CA(  661): Last file path: /vendor/tvcertificate/keymaster/attestkey.bin
03-17 02:40:54.934 D/INTER_CA(  661): <INTERTA-UT>: file path:keymaster/attestkey.bin.
03-17 02:40:54.934 D/INTER_CA(  661): <INTERTA-UT>: file path:/certificate/keymaster/attestkey.bin.
03-17 02:40:54.934 D/INTER_CA(  661): <INTERTA-UT>: file path:/Customer/res/keymaster/attestkey.bin.
03-17 02:40:54.934 D/INTER_CA(  661): <INTERTA-UT>: file path:/vendor/tvcertificate/keymaster/attestkey.bin.
03-17 02:40:54.934 D/INTER_CA(  661): <INTERTA-UT>: file path:/mnt/vendor/certificate/keymaster/attestkey.bin.
03-17 02:40:54.934 D/INTER_CA(  661): <INTERTA-UT-[;31mERROR[0m>: file open fail
03-17 02:40:54.937 I/perfetto(  658): _activity_trigger.cc:71 mm_events ftrace instance not found. Triggering of traces on memory pressure will not be available on this device.
03-17 02:40:54.946 D/C2MtkComponentStore(  525): C2MtkComponentStore: plugin path  libcodec2.MTK.so
03-17 02:40:54.947 D/MTKCamPrvdr@2.4-external(  538): no cus quanta driver
03-17 02:40:54.947 D/MTKCamPrvdr@2.4-external(  538): init vendor tag
03-17 02:40:54.966 I/vendor.sony.hardware.hardwareDiagnosis@1.0-service(  660): HardwareDiagnosis HAL 1.0 is starting...
03-17 02:40:54.988 D/nativeloader(  613): Configuring classloader-namespace-shared for other apk /system/framework/com.android.location.provider.jar:/system/framework/services.jar:/system/framework/ethernet-service.jar:/apex/com.android.appsearch/javalib/service-appsearch.jar:/apex/com.android.media/javalib/service-media-s.jar:/apex/com.android.permission/javalib/service-permission.jar. target_sdk_version=10000, uses_libraries=, library_path=/system/lib:/system_ext/lib, permitted_path=/data:/mnt/expand:/system/lib:/system_ext/lib
03-17 02:40:54.988 I/wificond(  663): wificond is starting up...
03-17 02:40:55.018 I/HidlServiceManagement(  538): Registered vendor.mediatek.hardware.camera.provider@2.4::ICameraLensShutter/external/0
03-17 02:40:55.018 I/HidlServiceManagement(  538): Removing namespace from process name vendor.mediatek.hardware.camera.provider@2.4-external-service to provider@2.4-external-service.
03-17 02:40:55.018 I/LegacySupport(  538): Registration complete for vendor.mediatek.hardware.camera.provider@2.4::ICameraLensShutter/external/0.
03-17 02:40:55.039 I/dbg_kdump_keychecker(  695): dbg_kdump_keychecker start
03-17 02:40:55.039 E/dbg_kdump_keychecker(  695): Cannot found target device: MTK PMU IR
03-17 02:40:55.040 E/dbg_kdump_keychecker(  695): input device cannot found
03-17 02:40:55.044 I/adbd    (  653): persist.adb.watchdog set to ''
03-17 02:40:55.044 I/adbd    (  653): persist.sys.test_harness set to ''
03-17 02:40:55.045 I/adbd    (  653): adb watchdog timeout set to 600 seconds
03-17 02:40:55.045 I/adbd    (  653): Setup mdns on port= 5555
03-17 02:40:55.045 I/adbd    (  653): adbd listening on tcp:5555
03-17 02:40:55.053 I/adbd    (  653): adbd listening on vsock:5555
03-17 02:40:55.053 I/adbd    (  653): adbd started
03-17 02:40:55.055 I/adbd    (  653): Waiting for persist.adb.tls_server.enable=1
03-17 02:40:55.055 I/adbd    (  653): opening control endpoint /dev/usb-ffs/adb/ep0
03-17 02:40:55.057 I/adbd    (  653): UsbFfsConnection constructed
12-31 19:00:10.012 I/        (  708): read descriptors
12-31 19:00:10.012 I/        (  708): read strings
03-17 02:40:55.069 I/adbd    (  653): UsbFfs-monitor thread spawned
03-17 02:40:55.100 I/gatekeeperd(  701): Starting gatekeeperd...
03-17 02:40:55.100 I/android.hardware.media.omx@1.0-service(  679): mediacodecservice starting
03-17 02:40:55.100 D/hwcomposer(  547): HWCDisplayDevice::HWCDisplayDevice: Hw display device mId = 0,mType = 1
03-17 02:40:55.101 D/hwcomposer(  547): HWCDisplayDevicePrimary::HWCDisplayDevicePrimary: Hw display device mId = 0,mType = 1
03-17 02:40:55.101 W/android.hardware.media.omx@1.0-service(  679): libminijail[679]: failed to get path of fd 5: No such file or directory
03-17 02:40:55.101 D/hwcomposer(  547): HWComposerOSD::init: bootlogo gop status bGopClosed [0],frame [3]
03-17 02:40:55.101 W/android.hardware.media.omx@1.0-service(  679): libminijail[679]: allowing syscall: clock_gettime
03-17 02:40:55.101 W/android.hardware.media.omx@1.0-service(  679): libminijail[679]: allowing syscall: connect
03-17 02:40:55.101 W/android.hardware.media.omx@1.0-service(  679): libminijail[679]: allowing syscall: fcntl64
03-17 02:40:55.101 W/android.hardware.media.omx@1.0-service(  679): libminijail[679]: allowing syscall: socket
03-17 02:40:55.101 W/android.hardware.media.omx@1.0-service(  679): libminijail[679]: allowing syscall: writev
03-17 02:40:55.101 W/android.hardware.media.omx@1.0-service(  679): libminijail[679]: compile_file: <fd>(59): syscall getrandom redefined here
03-17 02:40:55.101 D/hwcomposer(  547): HWComposerOSD::initOsdSize: the MTK_DTV_OSD_SIZE is set as 1080p
03-17 02:40:55.101 W/android.hardware.media.omx@1.0-service(  679): libminijail[679]: compile_file: <fd>(15): previous definition here
03-17 02:40:55.101 W/android.hardware.media.omx@1.0-service(  679): libminijail[679]: compile_file: /system/etc/seccomp_policy/crash_dump.arm.policy(1): syscall read redefined here
03-17 02:40:55.101 D/hwcomposer(  547): HWComposerOSD::initOsdSize: the MTK_DTV_DISPLAY_SIZE is set as width: 3840, height: 2160
03-17 02:40:55.101 W/android.hardware.media.omx@1.0-service(  679): libminijail[679]: compile_file: <fd>(9): previous definition here
03-17 02:40:55.101 D/hwcomposer(  547): HWComposerOSD::initdpi: DisplayDevice Xdpi = 77000,Ydpi = 77000
03-17 02:40:55.101 W/android.hardware.media.omx@1.0-service(  679): libminijail[679]: compile_file: /system/etc/seccomp_policy/crash_dump.arm.policy(2): syscall write redefined here
03-17 02:40:55.102 W/android.hardware.media.omx@1.0-service(  679): libminijail[679]: compile_file: <fd>(5): previous definition here
03-17 02:40:55.102 W/android.hardware.media.omx@1.0-service(  679): libminijail[679]: compile_file: /system/etc/seccomp_policy/crash_dump.arm.policy(3): syscall exit redefined here
03-17 02:40:55.102 W/android.hardware.media.omx@1.0-service(  679): libminijail[679]: compile_file: <fd>(40): previous definition here
03-17 02:40:55.102 W/android.hardware.media.omx@1.0-service(  679): libminijail[679]: compile_file: /system/etc/seccomp_policy/crash_dump.arm.policy(4): syscall rt_sigreturn redefined here
03-17 02:40:55.102 W/android.hardware.media.omx@1.0-service(  679): libminijail[679]: compile_file: <fd>(45): previous definition here
03-17 02:40:55.102 D/hwcomposer(  547): HWComposerOSD::initdpi: DisplayDevice after get ini Xdpi = 80000,Ydpi = 80000
03-17 02:40:55.102 W/android.hardware.media.omx@1.0-service(  679): libminijail[679]: compile_file: /system/etc/seccomp_policy/crash_dump.arm.policy(6): syscall exit_group redefined here
03-17 02:40:55.102 D/hwcomposer(  547): HWComposerOSD::initSonyPQTable: [GMMctrl]start: Sony PQ Table initialize
03-17 02:40:55.102 W/android.hardware.media.omx@1.0-service(  679): libminijail[679]: compile_file: <fd>(44): previous definition here
03-17 02:40:55.102 W/android.hardware.media.omx@1.0-service(  679): libminijail[679]: compile_file: /system/etc/seccomp_policy/crash_dump.arm.policy(7): syscall clock_gettime redefined here
03-17 02:40:55.102 W/android.hardware.media.omx@1.0-service(  679): libminijail[679]: compile_file: <fd>(7): previous definition here
03-17 02:40:55.102 W/android.hardware.media.omx@1.0-service(  679): libminijail[679]: compile_file: /system/etc/seccomp_policy/crash_dump.arm.policy(8): syscall gettimeofday redefined here
03-17 02:40:55.102 W/android.hardware.media.omx@1.0-service(  679): libminijail[679]: compile_file: <fd>(47): previous definition here
03-17 02:40:55.102 W/android.hardware.media.omx@1.0-service(  679): libminijail[679]: compile_file: /system/etc/seccomp_policy/crash_dump.arm.policy(9): syscall futex redefined here
03-17 02:40:55.102 W/android.hardware.media.omx@1.0-service(  679): libminijail[679]: compile_file: <fd>(3): previous definition here
03-17 02:40:55.102 W/android.hardware.media.omx@1.0-service(  679): libminijail[679]: compile_file: /system/etc/seccomp_policy/crash_dump.arm.policy(10): syscall getrandom redefined here
03-17 02:40:55.102 W/android.hardware.media.omx@1.0-service(  679): libminijail[679]: compile_file: <fd>(15): previous definition here
03-17 02:40:55.102 W/android.hardware.media.omx@1.0-service(  679): libminijail[679]: compile_file: /system/etc/seccomp_policy/crash_dump.arm.policy(13): syscall ppoll redefined here
03-17 02:40:55.102 W/android.hardware.media.omx@1.0-service(  679): libminijail[679]: compile_file: <fd>(13): previous definition here
03-17 02:40:55.102 W/android.hardware.media.omx@1.0-service(  679): libminijail[679]: compile_file: /system/etc/seccomp_policy/crash_dump.arm.policy(14): syscall pipe2 redefined here
03-17 02:40:55.102 W/android.hardware.media.omx@1.0-service(  679): libminijail[679]: compile_file: <fd>(46): previous definition here
03-17 02:40:55.102 W/android.hardware.media.omx@1.0-service(  679): libminijail[679]: compile_file: /system/etc/seccomp_policy/crash_dump.arm.policy(15): syscall openat redefined here
03-17 02:40:55.102 W/android.hardware.media.omx@1.0-service(  679): libminijail[679]: compile_file: <fd>(30): previous definition here
03-17 02:40:55.102 W/android.hardware.media.omx@1.0-service(  679): libminijail[679]: compile_file: /system/etc/seccomp_policy/crash_dump.arm.policy(16): syscall dup redefined here
03-17 02:40:55.102 W/android.hardware.media.omx@1.0-service(  679): libminijail[679]: compile_file: <fd>(12): previous definition here
03-17 02:40:55.102 W/android.hardware.media.omx@1.0-service(  679): libminijail[679]: compile_file: /system/etc/seccomp_policy/crash_dump.arm.policy(17): syscall close redefined here
03-17 02:40:55.102 W/android.hardware.media.omx@1.0-service(  679): libminijail[679]: compile_file: <fd>(10): previous definition here
03-17 02:40:55.102 W/android.hardware.media.omx@1.0-service(  679): libminijail[679]: compile_file: /system/etc/seccomp_policy/crash_dump.arm.policy(18): syscall lseek redefined here
03-17 02:40:55.102 W/android.hardware.media.omx@1.0-service(  679): libminijail[679]: compile_file: <fd>(50): previous definition here
03-17 02:40:55.102 W/android.hardware.media.omx@1.0-service(  679): libminijail[679]: compile_file: /system/etc/seccomp_policy/crash_dump.arm.policy(19): syscall getdents64 redefined here
03-17 02:40:55.102 W/android.hardware.media.omx@1.0-service(  679): libminijail[679]: compile_file: <fd>(58): previous definition here
03-17 02:40:55.102 W/android.hardware.media.omx@1.0-service(  679): libminijail[679]: compile_file: /system/etc/seccomp_policy/crash_dump.arm.policy(20): syscall faccessat redefined here
03-17 02:40:55.102 W/android.hardware.media.omx@1.0-service(  679): libminijail[679]: compile_file: <fd>(38): previous definition here
03-17 02:40:55.102 W/android.hardware.media.omx@1.0-service(  679): libminijail[679]: compile_file: /system/etc/seccomp_policy/crash_dump.arm.policy(25): syscall rt_sigprocmask redefined here
03-17 02:40:55.102 W/android.hardware.media.omx@1.0-service(  679): libminijail[679]: compile_file: <fd>(41): previous definition here
03-17 02:40:55.102 W/android.hardware.media.omx@1.0-service(  679): libminijail[679]: compile_file: /system/etc/seccomp_policy/crash_dump.arm.policy(28): syscall prctl redefined here
03-17 02:40:55.102 W/android.hardware.media.omx@1.0-service(  679): libminijail[679]: compile_file: <fd>(6): previous definition here
03-17 02:40:55.102 W/android.hardware.media.omx@1.0-service(  679): libminijail[679]: compile_file: /system/etc/seccomp_policy/crash_dump.arm.policy(29): syscall madvise redefined here
03-17 02:40:55.102 W/android.hardware.media.omx@1.0-service(  679): libminijail[679]: compile_file: <fd>(29): previous definition here
03-17 02:40:55.102 W/android.hardware.media.omx@1.0-service(  679): libminijail[679]: compile_file: /system/etc/seccomp_policy/crash_dump.arm.policy(30): syscall mprotect redefined here
03-17 02:40:55.103 W/android.hardware.media.omx@1.0-service(  679): libminijail[679]: compile_file: <fd>(28): previous definition here
03-17 02:40:55.103 W/android.hardware.media.omx@1.0-service(  679): libminijail[679]: compile_file: /system/etc/seccomp_policy/crash_dump.arm.policy(31): syscall munmap redefined here
03-17 02:40:55.103 W/android.hardware.media.omx@1.0-service(  679): libminijail[679]: compile_file: <fd>(27): previous definition here
03-17 02:40:55.103 W/android.hardware.media.omx@1.0-service(  679): libminijail[679]: compile_file: /system/etc/seccomp_policy/crash_dump.arm.policy(32): syscall getuid32 redefined here
03-17 02:40:55.103 W/android.hardware.media.omx@1.0-service(  679): libminijail[679]: compile_file: <fd>(34): previous definition here
03-17 02:40:55.103 W/android.hardware.media.omx@1.0-service(  679): libminijail[679]: compile_file: /system/etc/seccomp_policy/crash_dump.arm.policy(33): syscall fstat64 redefined here
03-17 02:40:55.103 W/android.hardware.media.omx@1.0-service(  679): libminijail[679]: compile_file: <fd>(35): previous definition here
03-17 02:40:55.103 W/android.hardware.media.omx@1.0-service(  679): libminijail[679]: compile_file: /system/etc/seccomp_policy/crash_dump.arm.policy(34): syscall mmap2 redefined here
03-17 02:40:55.103 W/android.hardware.media.omx@1.0-service(  679): libminijail[679]: compile_file: <fd>(14): previous definition here
03-17 02:40:55.103 W/android.hardware.media.omx@1.0-service(  679): libminijail[679]: compile_file: <fd>(67): syscall recvfrom redefined here
03-17 02:40:55.103 W/android.hardware.media.omx@1.0-service(  679): libminijail[679]: compile_file: /system/etc/seccomp_policy/crash_dump.arm.policy(22): previous definition here
03-17 02:40:55.103 W/android.hardware.media.omx@1.0-service(  679): libminijail[679]: compile_file: <fd>(78): syscall clock_gettime redefined here
03-17 02:40:55.103 W/android.hardware.media.omx@1.0-service(  679): libminijail[679]: compile_file: <fd>(7): previous definition here
03-17 02:40:55.103 W/android.hardware.media.omx@1.0-service(  679): libminijail[679]: compile_file: <fd>(82): syscall writev redefined here
03-17 02:40:55.103 W/android.hardware.media.omx@1.0-service(  679): libminijail[679]: compile_file: <fd>(11): previous definition here
03-17 02:40:55.104 W/android.hardware.media.omx@1.0-service(  679): libminijail[679]: compile_file: <fd>(93): syscall faccessat redefined here
03-17 02:40:55.104 W/android.hardware.media.omx@1.0-service(  679): libminijail[679]: compile_file: <fd>(38): previous definition here
03-17 02:40:55.104 W/android.hardware.media.omx@1.0-service(  679): libminijail[679]: logging seccomp filter failures
03-17 02:40:55.110 D/LibProductConfigInfo(  265): [getString:117] key:HW Diag Config value:Config3.json
03-17 02:40:55.110 D/productConfig@1.0-service(  265): [getString:30] key:HW Diag Config outBuf:Config3.json len:12
03-17 02:40:55.112 D/MS_OMX_Plugin(  679): MSOMXPlugin::MSOMXPlugin
03-17 02:40:55.113 E/MS_OMX_Plugin(  679): mLibHandle is NULL, dlerror = dlopen failed: library "libOMX.MStar.so" not found
03-17 02:40:55.113 E/OMXStore(  679): OMX plugin failed w/ error 0x80001001 after registering 0 components
03-17 02:40:55.114 E/vendor.sony.hardware.hardwareDiagnosis@1.0-service(  660): Failed to open PERSIST_folder config [/mnt/vendor/persist/sony/hardware_diagnosis/config/Config3.json]
03-17 02:40:55.112 W/system_server(  613): Using default instruction set features for ARM CPU variant (generic) using conservative defaults
03-17 02:40:55.124 E/vendor.sony.hardware.hardwareDiagnosis@1.0-service(  660): Config file '/mnt/vendor/featuredata/hardware_diagnosis/Config3.json' not found/could not be read.
03-17 02:40:55.119 W/android.hardwar(  679): type=1400 audit(0.0:13): avc: denied { getattr } for path="/product/etc/media_codecs-mt5897.xml" dev="dm-8" ino=135 scontext=u:r:mediacodec:s0 tcontext=u:object_r:system_file:s0 tclass=file permissive=0
12-31 19:00:10.085 I/        (  525): [MTK_V4L2] level=0 fops_vcodec_open(),112: decoder capability 0
12-31 19:00:10.085 I/        (  525): [MTK_V4L2] level=0 fops_vcodec_open(),118: mtk-vcodec-dec decoder [1]
12-31 19:00:10.085 I/        (  525): [MTK_V4L2] level=0 fops_vcodec_release(),143: [1] decoder
12-31 19:00:10.085 E/[MTK_V4L2][ERROR] vidioc_venc_s_ctrl(  525): 473: ctrl-id=10029718 not support!
12-31 19:00:10.085 I/        (  525): [MTK_V4L2] level=0 fops_vcodec_open(),125: mtk-vcodec-enc encoder [1]
12-31 19:00:10.085 I/        (  525): [MTK_V4L2] level=0 fops_vcodec_release(),152: [1] encoder
03-17 02:40:55.125 I/SoftOMXPlugin(  679): createOMXPlugin
03-17 02:40:55.125 D/C2FpsManager(  525): INIT CASE[0], width:1280, height:768, framerate:60000, cost:25
03-17 02:40:55.126 D/C2FpsManager(  525): INIT CASE[1], width:1920, height:1088, framerate:30000, cost:25
03-17 02:40:55.126 D/C2FpsManager(  525): INIT CASE[2], width:1920, height:1088, framerate:60000, cost:25
03-17 02:40:55.126 D/C2FpsManager(  525): INIT CASE[3], width:3840, height:2176, framerate:30000, cost:25
03-17 02:40:55.126 D/C2FpsManager(  525): INIT CASE[4], width:3840, height:2176, framerate:60000, cost:25
03-17 02:40:55.126 D/C2FpsManager(  525): INIT CASE[5], width:3840, height:2176, framerate:120000, cost:25
03-17 02:40:55.126 D/C2FpsManager(  525): STABLE CASE[0], width:1280, height:768, framerate:60000, cost:4
03-17 02:40:55.126 D/MediaCodecsXmlParser(  679): parsing /vendor/etc/media_codecs-mt5897.xml...
03-17 02:40:55.126 D/C2FpsManager(  525): STABLE CASE[1], width:1920, height:1088, framerate:30000, cost:3
03-17 02:40:55.126 D/C2FpsManager(  525): STABLE CASE[2], width:1920, height:1088, framerate:60000, cost:5
03-17 02:40:55.126 D/C2FpsManager(  525): STABLE CASE[3], width:3840, height:2176, framerate:30000, cost:11
03-17 02:40:55.126 D/C2FpsManager(  525): STABLE CASE[4], width:3840, height:2176, framerate:60000, cost:21
03-17 02:40:55.126 D/C2FpsManager(  525): STABLE CASE[5], width:3840, height:2176, framerate:120000, cost:46
03-17 02:40:55.126 D/C2FpsManager(  525): cpu usage table build done
03-17 02:40:55.126 W/system_server(  613): Failed to upload odrefresh metrics: metrics file '/data/misc/odrefresh/odrefresh-metrics.txt' could not be opened: No such file or directory
03-17 02:40:55.128 I/VCodecImage(  525): JpdNode: Find 'mtk-jpd' in '/dev/video4'
03-17 02:40:55.128 I/JpdResourceManager(  525): queryCapabilityFromJpd: Get 'mtk-jpd' in '/dev/video4'
03-17 02:40:55.128 I/JpdResourceManager(  525): JpdResourceManager: mShortermCapability(2088960000), mMaximumCapability(125337600000)
03-17 02:40:55.130 D/C2MtkComponentStore(  525): C2MtkComponentStore: handle 0x8c5acb0f plugins 0xe43cd890  61
03-17 02:40:55.130 I/C2MtkComponentStore(  525): emplace: [0x1]c2.mtk.avc.decoder
03-17 02:40:55.130 I/C2MtkComponentStore(  525): emplace: [0x2]c2.mtk.avc.decoder.secure
03-17 02:40:55.130 I/C2MtkComponentStore(  525): emplace: [0x3]c2.mtk.hevc.decoder
03-17 02:40:55.130 I/C2MtkComponentStore(  525): emplace: [0x4]c2.mtk.hevc.decoder.secure
03-17 02:40:55.130 I/C2MtkComponentStore(  525): emplace: [0x5]c2.mtk.vvc.decoder
03-17 02:40:55.130 I/C2MtkComponentStore(  525): emplace: [0x6]c2.mtk.mpeg4.decoder
03-17 02:40:55.130 I/C2MtkComponentStore(  525): emplace: [0x7]c2.mtk.h263.decoder
03-17 02:40:55.130 I/C2MtkComponentStore(  525): emplace: [0x8]c2.mtk.mpeg2.decoder
03-17 02:40:55.130 I/C2MtkComponentStore(  525): emplace: [0x9]c2.mtk.mpeg2.decoder.secure
03-17 02:40:55.130 I/C2MtkComponentStore(  525): emplace: [0xa]c2.mtk.vp8.decoder
03-17 02:40:55.130 I/C2MtkComponentStore(  525): emplace: [0xb]c2.mtk.vp9.decoder
03-17 02:40:55.130 I/C2MtkComponentStore(  525): emplace: [0xc]c2.mtk.vp9.decoder.secure
03-17 02:40:55.130 I/C2MtkComponentStore(  525): emplace: [0xd]c2.mtk.av1.decoder
03-17 02:40:55.130 I/C2MtkComponentStore(  525): emplace: [0xe]c2.mtk.av1.decoder.secure
03-17 02:40:55.130 I/C2MtkComponentStore(  525): emplace: [0xf]c2.mtk.wmv3.decoder
03-17 02:40:55.130 I/C2MtkComponentStore(  525): emplace: [0x10]c2.mtk.vc1.decoder
03-17 02:40:55.130 I/C2MtkComponentStore(  525): emplace: [0x11]c2.mtk.flv.decoder
03-17 02:40:55.130 I/C2MtkComponentStore(  525): emplace: [0x201]c2.mtk.dvav.per.decoder
03-17 02:40:55.130 I/C2MtkComponentStore(  525): emplace: [0x202]c2.mtk.dvav.per.decoder.secure
03-17 02:40:55.130 I/C2MtkComponentStore(  525): emplace: [0x203]c2.mtk.dvav.pen.decoder
03-17 02:40:55.130 I/C2MtkComponentStore(  525): emplace: [0x204]c2.mtk.dvav.pen.decoder.secure
03-17 02:40:55.130 I/C2MtkComponentStore(  525): emplace: [0x205]c2.mtk.dvhe.der.decoder
03-17 02:40:55.130 I/C2MtkComponentStore(  525): emplace: [0x206]c2.mtk.dvhe.der.decoder.secure
03-17 02:40:55.130 I/C2MtkComponentStore(  525): emplace: [0x207]c2.mtk.dvhe.den.decoder
03-17 02:40:55.130 I/C2MtkComponentStore(  525): emplace: [0x208]c2.mtk.dvhe.den.decoder.secure
03-17 02:40:55.130 I/C2MtkComponentStore(  525): emplace: [0x209]c2.mtk.dvhe.dtr.decoder
03-17 02:40:55.130 I/C2MtkComponentStore(  525): emplace: [0x20a]c2.mtk.dvhe.dtr.decoder.secure
03-17 02:40:55.130 I/C2MtkComponentStore(  525): emplace: [0x20b]c2.mtk.dvhe.stn.decoder
03-17 02:40:55.130 I/C2MtkComponentStore(  525): emplace: [0x20c]c2.mtk.dvhe.stn.decoder.secure
03-17 02:40:55.130 I/C2MtkComponentStore(  525): emplace: [0x20d]c2.mtk.dvhe.dth.decoder
03-17 02:40:55.130 I/C2MtkComponentStore(  525): emplace: [0x20e]c2.mtk.dvhe.dth.decoder.secure
03-17 02:40:55.130 I/C2MtkComponentStore(  525): emplace: [0x20f]c2.mtk.dvhe.dtb.decoder
03-17 02:40:55.130 I/C2MtkComponentStore(  525): emplace: [0x210]c2.mtk.dvhe.dtb.decoder.secure
03-17 02:40:55.130 I/C2MtkComponentStore(  525): emplace: [0x211]c2.mtk.dvhe.st.decoder
03-17 02:40:55.131 I/C2MtkComponentStore(  525): emplace: [0x212]c2.mtk.dvhe.st.decoder.secure
03-17 02:40:55.131 I/C2MtkComponentStore(  525): emplace: [0x213]c2.mtk.dvav.se.decoder
03-17 02:40:55.131 I/C2MtkComponentStore(  525): emplace: [0x214]c2.mtk.dvav.se.decoder.secure
03-17 02:40:55.131 I/C2MtkComponentStore(  525): emplace: [0x215]c2.mtk.heif.decoder
03-17 02:40:55.131 I/C2MtkComponentStore(  525): emplace: [0x217]c2.mtk.shvc.decoder
03-17 02:40:55.131 I/C2MtkComponentStore(  525): emplace: [0x218]c2.mtk.shvc.decoder.secure
03-17 02:40:55.131 I/C2MtkComponentStore(  525): emplace: [0x219]c2.mtk.dvav1.10.decoder
03-17 02:40:55.131 I/C2MtkComponentStore(  525): emplace: [0x21a]c2.mtk.dvav1.10.decoder.secure
03-17 02:40:55.131 I/C2MtkComponentStore(  525): emplace: [0x10001]c2.mtk.avc.encoder
03-17 02:40:55.131 I/C2MtkComponentStore(  525): emplace: [0x20001]c2.mtk.hdmi.capture
03-17 02:40:55.131 I/C2MtkComponentStore(  525): emplace: [0x20002]c2.mtk.atv.capture
03-17 02:40:55.131 I/C2MtkComponentStore(  525): emplace: [0x20003]c2.mtk.analog.capture
03-17 02:40:55.131 I/C2MtkComponentStore(  525): emplace: [0x20004]c2.mtk.ac3.decoder
03-17 02:40:55.131 I/C2MtkComponentStore(  525): emplace: [0x20005]c2.mtk.dts.decoder
03-17 02:40:55.131 I/C2MtkComponentStore(  525): emplace: [0x20006]c2.mtk.adts.decoder
03-17 02:40:55.131 I/C2MtkComponentStore(  525): emplace: [0x20007]c2.mtk.mpeg.decoder
03-17 02:40:55.131 I/C2MtkComponentStore(  525): emplace: [0x20008]c2.mtk.wma.decoder
03-17 02:40:55.131 I/C2MtkComponentStore(  525): emplace: [0x20009]c2.mtk.adpcmima.decoder
03-17 02:40:55.131 I/C2MtkComponentStore(  525): emplace: [0x2000a]c2.mtk.adpcmms.decoder
03-17 02:40:55.131 I/C2MtkComponentStore(  525): emplace: [0x2000b]c2.mtk.cook.decoder
03-17 02:40:55.131 I/C2MtkComponentStore(  525): emplace: [0x40001]c2.mtk.jpeg.decoder
03-17 02:40:55.131 I/C2MtkComponentStore(  525): emplace: [0x40002]c2.mtk.mjpeg.decoder
03-17 02:40:55.131 I/C2MtkComponentStore(  525): emplace: [0x50001]c2.mtk.frame.filter
03-17 02:40:55.131 I/C2MtkComponentStore(  525): emplace: [0x60000]c2.mtk.atv.decoder
03-17 02:40:55.131 I/C2MtkComponentStore(  525): emplace: [0x80000]c2.mtk.hdmi.decoder
03-17 02:40:55.131 D/MediaCodecsXmlParser(  679): parsing /vendor/etc/media_codecs_performance-mt5897.xml...
